============================================================
[ANALYZE START] 2026-03-20 21:13:19
base_cfg=config/base_reconst_L7_D512_BP3_50.yaml
train_cfg=config/train_stage2_unfreeze_lr1e-04_aw0p10.yaml
exp_suffix=train_stage2_unfreeze_lr1e-04_aw0p10
analyze_base_cfg=.tmp_l7_analyze_cfg/base_reconst_L7_D512_BP3_50__train_stage2_unfreeze_lr1e-04_aw0p10.yaml
============================================================
pohang_hpo3_reconst_L7_D512_BP3_50__train_stage2_unfreeze_lr1e-04_aw0p10
[DONE] pred_csv : runs/hpo_stage2_reconst/test/pohang_hpo3_reconst_L7_D512_BP3_50__train_stage2_unfreeze_lr1e-04_aw0p10/test_predictions.csv
[DONE] out_dir  : runs/hpo_stage2_reconst/test/pohang_hpo3_reconst_L7_D512_BP3_50__train_stage2_unfreeze_lr1e-04_aw0p10/analysis
[ANALYZE DONE] base_reconst_L7_D512_BP3_50 + train_stage2_unfreeze_lr1e-04_aw0p10 status=0
============================================================
[ANALYZE START] 2026-03-21 02:59:46
base_cfg=config/base_reconst_L7_D512_BP3_50.yaml
train_cfg=config/train_stage2_unfreeze_lr1e-04_aw0p10.yaml
exp_suffix=train_stage2_unfreeze_lr1e-04_aw0p10
analyze_base_cfg=.tmp_l7_analyze_cfg/base_reconst_L7_D512_BP3_50__train_stage2_unfreeze_lr1e-04_aw0p10.yaml
============================================================
pohang_hpo3_reconst_L7_D512_BP3_50__train_stage2_unfreeze_lr1e-04_aw0p10
[DONE] pred_csv : runs/hpo_stage2B/test/pohang_hpo3_reconst_L7_D512_BP3_50__train_stage2_unfreeze_lr1e-04_aw0p10/test_predictions.csv
[DONE] out_dir  : runs/hpo_stage2B/test/pohang_hpo3_reconst_L7_D512_BP3_50__train_stage2_unfreeze_lr1e-04_aw0p10/analysis
[ANALYZE DONE] base_reconst_L7_D512_BP3_50 + train_stage2_unfreeze_lr1e-04_aw0p10 status=0
