============================================================
[ANALYZE START] 2026-03-20 21:14:08
base_cfg=config/base_reconst_L7_D512_BP5_60.yaml
train_cfg=config/train_stage2_unfreeze_lr3e-04_aw0p10.yaml
exp_suffix=train_stage2_unfreeze_lr3e-04_aw0p10
analyze_base_cfg=.tmp_l7_analyze_cfg/base_reconst_L7_D512_BP5_60__train_stage2_unfreeze_lr3e-04_aw0p10.yaml
============================================================
pohang_hpo3_reconst_L7_D512_BP5_60__train_stage2_unfreeze_lr3e-04_aw0p10
[DONE] pred_csv : runs/hpo_stage2_reconst/test/pohang_hpo3_reconst_L7_D512_BP5_60__train_stage2_unfreeze_lr3e-04_aw0p10/test_predictions.csv
[DONE] out_dir  : runs/hpo_stage2_reconst/test/pohang_hpo3_reconst_L7_D512_BP5_60__train_stage2_unfreeze_lr3e-04_aw0p10/analysis
[ANALYZE DONE] base_reconst_L7_D512_BP5_60 + train_stage2_unfreeze_lr3e-04_aw0p10 status=0
============================================================
[ANALYZE START] 2026-03-21 03:00:43
base_cfg=config/base_reconst_L7_D512_BP5_60.yaml
train_cfg=config/train_stage2_unfreeze_lr3e-04_aw0p10.yaml
exp_suffix=train_stage2_unfreeze_lr3e-04_aw0p10
analyze_base_cfg=.tmp_l7_analyze_cfg/base_reconst_L7_D512_BP5_60__train_stage2_unfreeze_lr3e-04_aw0p10.yaml
============================================================
pohang_hpo3_reconst_L7_D512_BP5_60__train_stage2_unfreeze_lr3e-04_aw0p10
[DONE] pred_csv : runs/hpo_stage2B/test/pohang_hpo3_reconst_L7_D512_BP5_60__train_stage2_unfreeze_lr3e-04_aw0p10/test_predictions.csv
[DONE] out_dir  : runs/hpo_stage2B/test/pohang_hpo3_reconst_L7_D512_BP5_60__train_stage2_unfreeze_lr3e-04_aw0p10/analysis
[ANALYZE DONE] base_reconst_L7_D512_BP5_60 + train_stage2_unfreeze_lr3e-04_aw0p10 status=0
