============================================================
[START] 2026-03-19 14:04:27 worker=7 gpu=8 cfg=config/base_hpo3_reconst_16.yaml mode=full
============================================================
[INFO] CUDA_VISIBLE_DEVICES=8
[INFO] MODE=full
[INFO] BASE_CFG=config/base_hpo3_reconst_16.yaml
[INFO] device: cuda
[INFO] visible GPUs: 0
[INFO] device: cuda
[INFO] pretrain mode: reconstruction
[INFO] save_dir: runs/hpo_stage1c_reconst/pretrain/pohang_hpo3_reconst_L6_D512_BP3_50
[INFO] model params: 26,373,569
[Epoch 001/150] loss=8.049374 | best=8.049374 (epoch 1) | time=38.7s
[Epoch 002/150] loss=4.096735 | best=4.096735 (epoch 2) | time=57.9s
[Epoch 003/150] loss=2.942301 | best=2.942301 (epoch 3) | time=43.7s
[Epoch 004/150] loss=2.231104 | best=2.231104 (epoch 4) | time=44.8s
[Epoch 005/150] loss=1.646275 | best=1.646275 (epoch 5) | time=46.4s
[Epoch 006/150] loss=1.262892 | best=1.262892 (epoch 6) | time=46.5s
[Epoch 007/150] loss=1.004194 | best=1.004194 (epoch 7) | time=42.7s
[Epoch 008/150] loss=0.858135 | best=0.858135 (epoch 8) | time=41.8s
[Epoch 009/150] loss=0.735737 | best=0.735737 (epoch 9) | time=43.0s
[Epoch 010/150] loss=0.655617 | best=0.655617 (epoch 10) | time=53.8s
[Epoch 011/150] loss=0.601527 | best=0.601527 (epoch 11) | time=52.9s
[Epoch 012/150] loss=0.556917 | best=0.556917 (epoch 12) | time=52.0s
[Epoch 013/150] loss=0.509178 | best=0.509178 (epoch 13) | time=184.9s
[Epoch 014/150] loss=0.488040 | best=0.488040 (epoch 14) | time=56.0s
[Epoch 015/150] loss=0.475450 | best=0.475450 (epoch 15) | time=94.5s
[Epoch 016/150] loss=0.461686 | best=0.461686 (epoch 16) | time=106.0s
[Epoch 017/150] loss=0.439590 | best=0.439590 (epoch 17) | time=103.0s
[Epoch 018/150] loss=0.433778 | best=0.433778 (epoch 18) | time=57.5s
[Epoch 019/150] loss=0.427114 | best=0.427114 (epoch 19) | time=53.6s
[Epoch 020/150] loss=0.427869 | best=0.427114 (epoch 19) | time=44.0s
[Epoch 021/150] loss=0.399501 | best=0.399501 (epoch 21) | time=48.6s
[Epoch 022/150] loss=0.385015 | best=0.385015 (epoch 22) | time=110.0s
[Epoch 023/150] loss=0.367127 | best=0.367127 (epoch 23) | time=110.0s
[Epoch 024/150] loss=0.345907 | best=0.345907 (epoch 24) | time=112.5s
[Epoch 025/150] loss=0.304899 | best=0.304899 (epoch 25) | time=77.1s
[Epoch 026/150] loss=0.295819 | best=0.295819 (epoch 26) | time=59.9s
[Epoch 027/150] loss=0.267183 | best=0.267183 (epoch 27) | time=106.5s
[Epoch 028/150] loss=0.249137 | best=0.249137 (epoch 28) | time=77.9s
[Epoch 029/150] loss=0.224820 | best=0.224820 (epoch 29) | time=44.9s
[Epoch 030/150] loss=0.217982 | best=0.217982 (epoch 30) | time=53.4s
[Epoch 031/150] loss=0.205153 | best=0.205153 (epoch 31) | time=60.2s
[Epoch 032/150] loss=0.195850 | best=0.195850 (epoch 32) | time=70.6s
[Epoch 033/150] loss=0.189184 | best=0.189184 (epoch 33) | time=43.4s
[Epoch 034/150] loss=0.171644 | best=0.171644 (epoch 34) | time=42.1s
[Epoch 035/150] loss=0.164100 | best=0.164100 (epoch 35) | time=115.7s
[Epoch 036/150] loss=0.163669 | best=0.163669 (epoch 36) | time=130.5s
[Epoch 037/150] loss=0.154968 | best=0.154968 (epoch 37) | time=157.0s
[Epoch 038/150] loss=0.157484 | best=0.154968 (epoch 37) | time=58.7s
[Epoch 039/150] loss=0.150651 | best=0.150651 (epoch 39) | time=117.4s
[Epoch 040/150] loss=0.140101 | best=0.140101 (epoch 40) | time=137.1s
[Epoch 041/150] loss=0.147991 | best=0.140101 (epoch 40) | time=71.2s
[Epoch 042/150] loss=0.132969 | best=0.132969 (epoch 42) | time=117.2s
[Epoch 043/150] loss=0.140146 | best=0.132969 (epoch 42) | time=101.1s
[Epoch 044/150] loss=0.127957 | best=0.127957 (epoch 44) | time=136.2s
[Epoch 045/150] loss=0.130015 | best=0.127957 (epoch 44) | time=80.7s
[Epoch 046/150] loss=0.129306 | best=0.127957 (epoch 44) | time=76.6s
[Epoch 047/150] loss=0.139300 | best=0.127957 (epoch 44) | time=45.4s
[Epoch 048/150] loss=0.128754 | best=0.127957 (epoch 44) | time=40.1s
[Epoch 049/150] loss=0.124768 | best=0.124768 (epoch 49) | time=130.9s
[Epoch 050/150] loss=0.114433 | best=0.114433 (epoch 50) | time=124.1s
[Epoch 051/150] loss=0.124301 | best=0.114433 (epoch 50) | time=77.9s
[Epoch 052/150] loss=0.117278 | best=0.114433 (epoch 50) | time=51.3s
[Epoch 053/150] loss=0.122605 | best=0.114433 (epoch 50) | time=75.0s
[Epoch 054/150] loss=0.112811 | best=0.112811 (epoch 54) | time=191.8s
[Epoch 055/150] loss=0.117556 | best=0.112811 (epoch 54) | time=475.5s
[Epoch 056/150] loss=0.106361 | best=0.106361 (epoch 56) | time=498.1s
[Epoch 057/150] loss=0.107891 | best=0.106361 (epoch 56) | time=181.8s
[Epoch 058/150] loss=0.110333 | best=0.106361 (epoch 56) | time=157.6s
[Epoch 059/150] loss=0.115881 | best=0.106361 (epoch 56) | time=137.0s
[Epoch 060/150] loss=0.108706 | best=0.106361 (epoch 56) | time=115.2s
[Epoch 061/150] loss=0.101345 | best=0.101345 (epoch 61) | time=203.4s
[Epoch 062/150] loss=0.108559 | best=0.101345 (epoch 61) | time=120.4s
[Epoch 063/150] loss=0.102036 | best=0.101345 (epoch 61) | time=127.8s
[Epoch 064/150] loss=0.102066 | best=0.101345 (epoch 61) | time=95.3s
[Epoch 065/150] loss=0.100348 | best=0.100348 (epoch 65) | time=114.7s
[Epoch 066/150] loss=0.103272 | best=0.100348 (epoch 65) | time=49.7s
[Epoch 067/150] loss=0.100861 | best=0.100348 (epoch 65) | time=57.2s
[Epoch 068/150] loss=0.099039 | best=0.099039 (epoch 68) | time=46.0s
[Epoch 069/150] loss=0.095348 | best=0.095348 (epoch 69) | time=44.0s
[Epoch 070/150] loss=0.093419 | best=0.093419 (epoch 70) | time=45.2s
[Epoch 071/150] loss=0.097910 | best=0.093419 (epoch 70) | time=44.0s
[Epoch 072/150] loss=0.097142 | best=0.093419 (epoch 70) | time=56.5s
[Epoch 073/150] loss=0.095217 | best=0.093419 (epoch 70) | time=42.3s
[Epoch 074/150] loss=0.098651 | best=0.093419 (epoch 70) | time=60.5s
[Epoch 075/150] loss=0.093641 | best=0.093419 (epoch 70) | time=74.0s
[Epoch 076/150] loss=0.088993 | best=0.088993 (epoch 76) | time=90.1s
[Epoch 077/150] loss=0.091581 | best=0.088993 (epoch 76) | time=53.6s
[Epoch 078/150] loss=0.083836 | best=0.083836 (epoch 78) | time=49.4s
[Epoch 079/150] loss=0.083962 | best=0.083836 (epoch 78) | time=45.7s
[Epoch 080/150] loss=0.085303 | best=0.083836 (epoch 78) | time=62.6s
[Epoch 081/150] loss=0.084165 | best=0.083836 (epoch 78) | time=57.8s
[Epoch 082/150] loss=0.078483 | best=0.078483 (epoch 82) | time=80.7s
[Epoch 083/150] loss=0.085362 | best=0.078483 (epoch 82) | time=64.4s
[Epoch 084/150] loss=0.081634 | best=0.078483 (epoch 82) | time=65.6s
[Epoch 085/150] loss=0.083875 | best=0.078483 (epoch 82) | time=54.4s
[Epoch 086/150] loss=0.077684 | best=0.077684 (epoch 86) | time=97.9s
[Epoch 087/150] loss=0.079694 | best=0.077684 (epoch 86) | time=72.2s
[Epoch 088/150] loss=0.082176 | best=0.077684 (epoch 86) | time=39.1s
[Epoch 089/150] loss=0.078628 | best=0.077684 (epoch 86) | time=81.4s
[Epoch 090/150] loss=0.080792 | best=0.077684 (epoch 86) | time=54.3s
[Epoch 091/150] loss=0.073526 | best=0.073526 (epoch 91) | time=124.8s
[Epoch 092/150] loss=0.067774 | best=0.067774 (epoch 92) | time=112.1s
[Epoch 093/150] loss=0.069725 | best=0.067774 (epoch 92) | time=77.4s
[Epoch 094/150] loss=0.071954 | best=0.067774 (epoch 92) | time=47.7s
[Epoch 095/150] loss=0.068962 | best=0.067774 (epoch 92) | time=72.9s
[Epoch 096/150] loss=0.073475 | best=0.067774 (epoch 92) | time=71.0s
[Epoch 097/150] loss=0.068689 | best=0.067774 (epoch 92) | time=76.4s
[Epoch 098/150] loss=0.064543 | best=0.064543 (epoch 98) | time=82.1s
[Epoch 099/150] loss=0.069683 | best=0.064543 (epoch 98) | time=44.9s
[Epoch 100/150] loss=0.067699 | best=0.064543 (epoch 98) | time=41.2s
[Epoch 101/150] loss=0.062083 | best=0.062083 (epoch 101) | time=57.8s
[Epoch 102/150] loss=0.061174 | best=0.061174 (epoch 102) | time=47.1s
[Epoch 103/150] loss=0.064653 | best=0.061174 (epoch 102) | time=39.4s
[Epoch 104/150] loss=0.062206 | best=0.061174 (epoch 102) | time=42.3s
[Epoch 105/150] loss=0.059814 | best=0.059814 (epoch 105) | time=75.1s
[Epoch 106/150] loss=0.061526 | best=0.059814 (epoch 105) | time=52.9s
[Epoch 107/150] loss=0.064073 | best=0.059814 (epoch 105) | time=57.8s
[Epoch 108/150] loss=0.060120 | best=0.059814 (epoch 105) | time=43.1s
[Epoch 109/150] loss=0.059391 | best=0.059391 (epoch 109) | time=56.9s
[Epoch 110/150] loss=0.059588 | best=0.059391 (epoch 109) | time=38.3s
[Epoch 111/150] loss=0.066292 | best=0.059391 (epoch 109) | time=46.6s
[Epoch 112/150] loss=0.063417 | best=0.059391 (epoch 109) | time=70.6s
[Epoch 113/150] loss=0.056269 | best=0.056269 (epoch 113) | time=48.0s
[Epoch 114/150] loss=0.054903 | best=0.054903 (epoch 114) | time=43.1s
[Epoch 115/150] loss=0.050671 | best=0.050671 (epoch 115) | time=44.4s
[Epoch 116/150] loss=0.059551 | best=0.050671 (epoch 115) | time=55.4s
[Epoch 117/150] loss=0.053313 | best=0.050671 (epoch 115) | time=45.7s
[Epoch 118/150] loss=0.055468 | best=0.050671 (epoch 115) | time=47.3s
[Epoch 119/150] loss=0.054952 | best=0.050671 (epoch 115) | time=40.0s
[Epoch 120/150] loss=0.054463 | best=0.050671 (epoch 115) | time=39.0s
[Epoch 121/150] loss=0.052715 | best=0.050671 (epoch 115) | time=45.3s
[Epoch 122/150] loss=0.051787 | best=0.050671 (epoch 115) | time=44.2s
[Epoch 123/150] loss=0.049569 | best=0.049569 (epoch 123) | time=48.5s
[Epoch 124/150] loss=0.050458 | best=0.049569 (epoch 123) | time=39.0s
[Epoch 125/150] loss=0.051404 | best=0.049569 (epoch 123) | time=41.0s
[Epoch 126/150] loss=0.049927 | best=0.049569 (epoch 123) | time=38.1s
[Epoch 127/150] loss=0.055080 | best=0.049569 (epoch 123) | time=37.9s
[Epoch 128/150] loss=0.051827 | best=0.049569 (epoch 123) | time=39.6s
[Epoch 129/150] loss=0.050697 | best=0.049569 (epoch 123) | time=39.8s
[Epoch 130/150] loss=0.048124 | best=0.048124 (epoch 130) | time=55.6s
[Epoch 131/150] loss=0.045601 | best=0.045601 (epoch 131) | time=46.3s
[Epoch 132/150] loss=0.049529 | best=0.045601 (epoch 131) | time=41.4s
[Epoch 133/150] loss=0.045959 | best=0.045601 (epoch 131) | time=42.3s
[Epoch 134/150] loss=0.050188 | best=0.045601 (epoch 131) | time=39.5s
[Epoch 135/150] loss=0.056904 | best=0.045601 (epoch 131) | time=43.7s
[Epoch 136/150] loss=0.046889 | best=0.045601 (epoch 131) | time=38.9s
[Epoch 137/150] loss=0.050094 | best=0.045601 (epoch 131) | time=42.7s
[Epoch 138/150] loss=0.048421 | best=0.045601 (epoch 131) | time=41.2s
[Epoch 139/150] loss=0.047583 | best=0.045601 (epoch 131) | time=43.6s
[Epoch 140/150] loss=0.046162 | best=0.045601 (epoch 131) | time=42.9s
[Epoch 141/150] loss=0.044563 | best=0.044563 (epoch 141) | time=45.9s
[Epoch 142/150] loss=0.045196 | best=0.044563 (epoch 141) | time=37.7s
[Epoch 143/150] loss=0.045609 | best=0.044563 (epoch 141) | time=38.7s
[Epoch 144/150] loss=0.044118 | best=0.044118 (epoch 144) | time=47.9s
[Epoch 145/150] loss=0.048196 | best=0.044118 (epoch 144) | time=39.4s
[Epoch 146/150] loss=0.042330 | best=0.042330 (epoch 146) | time=48.1s
[Epoch 147/150] loss=0.043443 | best=0.042330 (epoch 146) | time=37.7s
[Epoch 148/150] loss=0.044914 | best=0.042330 (epoch 146) | time=37.9s
[Epoch 149/150] loss=0.044716 | best=0.042330 (epoch 146) | time=37.8s
[Epoch 150/150] loss=0.042382 | best=0.042330 (epoch 146) | time=36.8s
[DONE] training finished in 183.88 min
[DONE] best loss = 0.042330 at epoch 146
/home/ted1204/MS_Detection/src/training/trainer_finetune.py:186: FutureWarning: You are using `torch.load` with `weights_only=False` (the current default value), which uses the default pickle module implicitly. It is possible to construct malicious pickle data which will execute arbitrary code during unpickling (See https://github.com/pytorch/pytorch/blob/main/SECURITY.md#untrusted-models for more details). In a future release, the default value for `weights_only` will be flipped to `True`. This limits the functions that could be executed during unpickling. Arbitrary objects will no longer be allowed to be loaded via this mode unless they are explicitly allowlisted by the user via `torch.serialization.add_safe_globals`. We recommend you start setting `weights_only=True` for any use case where you don't have full control of the loaded file. Please open an issue on GitHub for any issues related to this experimental feature.
  ckpt = torch.load(encoder_ckpt_path, map_location="cpu")
[INFO] device: cuda
[INFO] visible GPUs: 0
[INFO] device: cuda
[INFO] save_dir: runs/hpo_stage1c_reconst/finetune/pohang_hpo3_reconst_L6_D512_BP3_50
[INFO] model params: 6,815,457
[DEBUG] pretrained_encoder_path = runs/hpo_stage1c_reconst/pretrain/pohang_hpo3_reconst_L6_D512_BP3_50/best_encoder.pt
[INFO] loaded encoder weights from: runs/hpo_stage1c_reconst/pretrain/pohang_hpo3_reconst_L6_D512_BP3_50/best_encoder.pt
[INFO] encoder load missing keys   : 0
[INFO] encoder load unexpected keys: 0
[INFO] center_c shape: (512,)
[Epoch 001/100] train_loss=2.711201 | val_loss=7.702993 | val_acc=0.5709 | best_metric=0.5709 (epoch 1) | time=10.8s
[Epoch 002/100] train_loss=1.556523 | val_loss=1.916258 | val_acc=0.5709 | best_metric=0.5709 (epoch 1) | time=11.5s
[Epoch 003/100] train_loss=1.245078 | val_loss=1.664486 | val_acc=0.7301 | best_metric=0.7301 (epoch 3) | time=12.7s
[Epoch 004/100] train_loss=1.021249 | val_loss=1.114160 | val_acc=0.7647 | best_metric=0.7647 (epoch 4) | time=11.9s
[Epoch 005/100] train_loss=0.886165 | val_loss=0.932667 | val_acc=0.8201 | best_metric=0.8201 (epoch 5) | time=13.3s
[Epoch 006/100] train_loss=0.781052 | val_loss=0.795679 | val_acc=0.7612 | best_metric=0.8201 (epoch 5) | time=11.6s
[Epoch 007/100] train_loss=0.725024 | val_loss=0.659557 | val_acc=0.8581 | best_metric=0.8581 (epoch 7) | time=12.3s
[Epoch 008/100] train_loss=0.673489 | val_loss=0.609814 | val_acc=0.8478 | best_metric=0.8581 (epoch 7) | time=11.8s
[Epoch 009/100] train_loss=0.610410 | val_loss=0.580691 | val_acc=0.8443 | best_metric=0.8581 (epoch 7) | time=11.4s
[Epoch 010/100] train_loss=0.582373 | val_loss=0.523922 | val_acc=0.8962 | best_metric=0.8962 (epoch 10) | time=12.3s
[Epoch 011/100] train_loss=0.547623 | val_loss=0.473893 | val_acc=0.8754 | best_metric=0.8962 (epoch 10) | time=10.9s
[Epoch 012/100] train_loss=0.517452 | val_loss=0.465543 | val_acc=0.8824 | best_metric=0.8962 (epoch 10) | time=12.6s
[Epoch 013/100] train_loss=0.486901 | val_loss=0.428035 | val_acc=0.8858 | best_metric=0.8962 (epoch 10) | time=11.0s
[Epoch 014/100] train_loss=0.470667 | val_loss=0.447438 | val_acc=0.8789 | best_metric=0.8962 (epoch 10) | time=11.1s
[Epoch 015/100] train_loss=0.482959 | val_loss=0.393938 | val_acc=0.9308 | best_metric=0.9308 (epoch 15) | time=10.6s
[Epoch 016/100] train_loss=0.395159 | val_loss=0.349416 | val_acc=0.9273 | best_metric=0.9308 (epoch 15) | time=10.9s
[Epoch 017/100] train_loss=0.393362 | val_loss=0.375078 | val_acc=0.9619 | best_metric=0.9619 (epoch 17) | time=11.0s
[Epoch 018/100] train_loss=0.415905 | val_loss=0.405996 | val_acc=0.9239 | best_metric=0.9619 (epoch 17) | time=10.6s
[Epoch 019/100] train_loss=0.349373 | val_loss=0.299086 | val_acc=0.9170 | best_metric=0.9619 (epoch 17) | time=10.5s
[Epoch 020/100] train_loss=0.349392 | val_loss=0.482861 | val_acc=0.8927 | best_metric=0.9619 (epoch 17) | time=10.9s
[Epoch 021/100] train_loss=0.397728 | val_loss=0.314327 | val_acc=0.9135 | best_metric=0.9619 (epoch 17) | time=9.7s
[Epoch 022/100] train_loss=0.318935 | val_loss=0.273255 | val_acc=0.9585 | best_metric=0.9619 (epoch 17) | time=10.7s
[Epoch 023/100] train_loss=0.311993 | val_loss=0.252261 | val_acc=0.9204 | best_metric=0.9619 (epoch 17) | time=10.6s
[Epoch 024/100] train_loss=0.268212 | val_loss=0.283921 | val_acc=0.9135 | best_metric=0.9619 (epoch 17) | time=12.5s
[Epoch 025/100] train_loss=0.315162 | val_loss=0.260122 | val_acc=0.9204 | best_metric=0.9619 (epoch 17) | time=10.2s
[Epoch 026/100] train_loss=0.227825 | val_loss=0.646145 | val_acc=0.8443 | best_metric=0.9619 (epoch 17) | time=10.3s
[Epoch 027/100] train_loss=0.344801 | val_loss=0.272252 | val_acc=0.9170 | best_metric=0.9619 (epoch 17) | time=11.8s
[Epoch 028/100] train_loss=0.296854 | val_loss=0.239332 | val_acc=0.9585 | best_metric=0.9619 (epoch 17) | time=11.1s
[Epoch 029/100] train_loss=0.233634 | val_loss=0.235879 | val_acc=0.9654 | best_metric=0.9654 (epoch 29) | time=13.5s
[Epoch 030/100] train_loss=0.256717 | val_loss=0.212229 | val_acc=0.9654 | best_metric=0.9654 (epoch 29) | time=11.4s
[Epoch 031/100] train_loss=0.241190 | val_loss=0.207138 | val_acc=0.9654 | best_metric=0.9654 (epoch 29) | time=10.6s
[Epoch 032/100] train_loss=0.217297 | val_loss=0.212253 | val_acc=0.9654 | best_metric=0.9654 (epoch 29) | time=11.3s
[Epoch 033/100] train_loss=0.231620 | val_loss=0.226156 | val_acc=0.9585 | best_metric=0.9654 (epoch 29) | time=11.0s
[Epoch 034/100] train_loss=0.264493 | val_loss=0.204752 | val_acc=0.9723 | best_metric=0.9723 (epoch 34) | time=12.3s
[Epoch 035/100] train_loss=0.180339 | val_loss=0.215236 | val_acc=0.9585 | best_metric=0.9723 (epoch 34) | time=11.0s
[Epoch 036/100] train_loss=0.237777 | val_loss=0.190818 | val_acc=0.9654 | best_metric=0.9723 (epoch 34) | time=12.9s
[Epoch 037/100] train_loss=0.192984 | val_loss=0.208937 | val_acc=0.9619 | best_metric=0.9723 (epoch 34) | time=11.7s
[Epoch 038/100] train_loss=0.172630 | val_loss=0.211099 | val_acc=0.9689 | best_metric=0.9723 (epoch 34) | time=10.4s
[Epoch 039/100] train_loss=0.171748 | val_loss=0.238489 | val_acc=0.9723 | best_metric=0.9723 (epoch 34) | time=11.1s
[Epoch 040/100] train_loss=0.138229 | val_loss=0.236454 | val_acc=0.9239 | best_metric=0.9723 (epoch 34) | time=12.8s
[Epoch 041/100] train_loss=0.204986 | val_loss=0.174219 | val_acc=0.9619 | best_metric=0.9723 (epoch 34) | time=9.9s
[Epoch 042/100] train_loss=0.178751 | val_loss=0.227671 | val_acc=0.9827 | best_metric=0.9827 (epoch 42) | time=11.4s
[Epoch 043/100] train_loss=0.142453 | val_loss=0.188034 | val_acc=0.9758 | best_metric=0.9827 (epoch 42) | time=13.1s
[Epoch 044/100] train_loss=0.206723 | val_loss=0.197444 | val_acc=0.9758 | best_metric=0.9827 (epoch 42) | time=11.4s
[Epoch 045/100] train_loss=0.159801 | val_loss=0.215590 | val_acc=0.9792 | best_metric=0.9827 (epoch 42) | time=10.8s
[Epoch 046/100] train_loss=0.195446 | val_loss=0.262395 | val_acc=0.9170 | best_metric=0.9827 (epoch 42) | time=10.2s
[Epoch 047/100] train_loss=0.210849 | val_loss=0.211248 | val_acc=0.9758 | best_metric=0.9827 (epoch 42) | time=10.8s
[Epoch 048/100] train_loss=0.173038 | val_loss=0.187813 | val_acc=0.9689 | best_metric=0.9827 (epoch 42) | time=11.3s
[Epoch 049/100] train_loss=0.102292 | val_loss=0.263476 | val_acc=0.9204 | best_metric=0.9827 (epoch 42) | time=9.7s
[Epoch 050/100] train_loss=0.160545 | val_loss=0.248247 | val_acc=0.9792 | best_metric=0.9827 (epoch 42) | time=10.4s
[Epoch 051/100] train_loss=0.099953 | val_loss=0.362799 | val_acc=0.9100 | best_metric=0.9827 (epoch 42) | time=10.1s
[Epoch 052/100] train_loss=0.113751 | val_loss=0.239369 | val_acc=0.9758 | best_metric=0.9827 (epoch 42) | time=10.2s
[Epoch 053/100] train_loss=0.111015 | val_loss=0.198055 | val_acc=0.9516 | best_metric=0.9827 (epoch 42) | time=10.5s
[Epoch 054/100] train_loss=0.154347 | val_loss=0.222844 | val_acc=0.9758 | best_metric=0.9827 (epoch 42) | time=11.3s
[Epoch 055/100] train_loss=0.221349 | val_loss=0.217705 | val_acc=0.9723 | best_metric=0.9827 (epoch 42) | time=10.4s
[Epoch 056/100] train_loss=0.123222 | val_loss=0.195217 | val_acc=0.9758 | best_metric=0.9827 (epoch 42) | time=11.5s
[Epoch 057/100] train_loss=0.077421 | val_loss=0.329433 | val_acc=0.9343 | best_metric=0.9827 (epoch 42) | time=10.4s
[Epoch 058/100] train_loss=0.109512 | val_loss=0.345949 | val_acc=0.9135 | best_metric=0.9827 (epoch 42) | time=11.7s
[Epoch 059/100] train_loss=0.122310 | val_loss=0.205466 | val_acc=0.9481 | best_metric=0.9827 (epoch 42) | time=10.8s
[Epoch 060/100] train_loss=0.095276 | val_loss=0.204240 | val_acc=0.9481 | best_metric=0.9827 (epoch 42) | time=11.4s
[Epoch 061/100] train_loss=0.139671 | val_loss=0.207014 | val_acc=0.9827 | best_metric=0.9827 (epoch 42) | time=10.3s
[Epoch 062/100] train_loss=0.140470 | val_loss=0.198684 | val_acc=0.9585 | best_metric=0.9827 (epoch 42) | time=11.0s
[Epoch 063/100] train_loss=0.095091 | val_loss=0.231815 | val_acc=0.9481 | best_metric=0.9827 (epoch 42) | time=10.8s
[Epoch 064/100] train_loss=0.119197 | val_loss=0.327611 | val_acc=0.9481 | best_metric=0.9827 (epoch 42) | time=10.1s
[Epoch 065/100] train_loss=0.074784 | val_loss=0.218338 | val_acc=0.9792 | best_metric=0.9827 (epoch 42) | time=10.8s
[Epoch 066/100] train_loss=0.111997 | val_loss=0.230027 | val_acc=0.9412 | best_metric=0.9827 (epoch 42) | time=10.9s
[Epoch 067/100] train_loss=0.091197 | val_loss=0.219597 | val_acc=0.9619 | best_metric=0.9827 (epoch 42) | time=10.5s
[Epoch 068/100] train_loss=0.091645 | val_loss=0.224994 | val_acc=0.9585 | best_metric=0.9827 (epoch 42) | time=11.1s
[Epoch 069/100] train_loss=0.082805 | val_loss=0.268379 | val_acc=0.9654 | best_metric=0.9827 (epoch 42) | time=10.6s
[Epoch 070/100] train_loss=0.112283 | val_loss=0.297869 | val_acc=0.9550 | best_metric=0.9827 (epoch 42) | time=11.1s
[Epoch 071/100] train_loss=0.105265 | val_loss=0.218448 | val_acc=0.9516 | best_metric=0.9827 (epoch 42) | time=10.7s
[Epoch 072/100] train_loss=0.097428 | val_loss=0.229234 | val_acc=0.9516 | best_metric=0.9827 (epoch 42) | time=10.5s
[Epoch 073/100] train_loss=0.091638 | val_loss=0.224863 | val_acc=0.9654 | best_metric=0.9827 (epoch 42) | time=9.1s
[Epoch 074/100] train_loss=0.061809 | val_loss=0.236652 | val_acc=0.9412 | best_metric=0.9827 (epoch 42) | time=10.6s
[Epoch 075/100] train_loss=0.053195 | val_loss=0.268030 | val_acc=0.9619 | best_metric=0.9827 (epoch 42) | time=10.8s
[Epoch 076/100] train_loss=0.079564 | val_loss=0.306490 | val_acc=0.9446 | best_metric=0.9827 (epoch 42) | time=9.8s
[Epoch 077/100] train_loss=0.081446 | val_loss=0.198788 | val_acc=0.9585 | best_metric=0.9827 (epoch 42) | time=10.9s
[Epoch 078/100] train_loss=0.094152 | val_loss=0.229793 | val_acc=0.9654 | best_metric=0.9827 (epoch 42) | time=10.7s
[Epoch 079/100] train_loss=0.075885 | val_loss=0.236041 | val_acc=0.9585 | best_metric=0.9827 (epoch 42) | time=10.6s
[Epoch 080/100] train_loss=0.071083 | val_loss=0.222447 | val_acc=0.9585 | best_metric=0.9827 (epoch 42) | time=10.0s
[Epoch 081/100] train_loss=0.082410 | val_loss=0.245049 | val_acc=0.9412 | best_metric=0.9827 (epoch 42) | time=10.6s
[Epoch 082/100] train_loss=0.061610 | val_loss=0.297430 | val_acc=0.9481 | best_metric=0.9827 (epoch 42) | time=9.7s
[Epoch 083/100] train_loss=0.071936 | val_loss=0.212501 | val_acc=0.9446 | best_metric=0.9827 (epoch 42) | time=10.6s
[Epoch 084/100] train_loss=0.057820 | val_loss=0.216490 | val_acc=0.9516 | best_metric=0.9827 (epoch 42) | time=10.0s
[Epoch 085/100] train_loss=0.068484 | val_loss=0.218735 | val_acc=0.9550 | best_metric=0.9827 (epoch 42) | time=10.2s
[Epoch 086/100] train_loss=0.070118 | val_loss=0.242831 | val_acc=0.9446 | best_metric=0.9827 (epoch 42) | time=9.9s
[Epoch 087/100] train_loss=0.067562 | val_loss=0.285453 | val_acc=0.9412 | best_metric=0.9827 (epoch 42) | time=10.2s
[Epoch 088/100] train_loss=0.064791 | val_loss=0.216026 | val_acc=0.9516 | best_metric=0.9827 (epoch 42) | time=9.4s
[Epoch 089/100] train_loss=0.077039 | val_loss=0.206572 | val_acc=0.9585 | best_metric=0.9827 (epoch 42) | time=10.1s
[Epoch 090/100] train_loss=0.054818 | val_loss=0.221070 | val_acc=0.9446 | best_metric=0.9827 (epoch 42) | time=10.4s
[Epoch 091/100] train_loss=0.056435 | val_loss=0.213040 | val_acc=0.9516 | best_metric=0.9827 (epoch 42) | time=10.2s
[Epoch 092/100] train_loss=0.062519 | val_loss=0.229007 | val_acc=0.9481 | best_metric=0.9827 (epoch 42) | time=10.2s
[Epoch 093/100] train_loss=0.059160 | val_loss=0.288073 | val_acc=0.9446 | best_metric=0.9827 (epoch 42) | time=9.8s
[Epoch 094/100] train_loss=0.067553 | val_loss=0.217267 | val_acc=0.9619 | best_metric=0.9827 (epoch 42) | time=10.2s
[Epoch 095/100] train_loss=0.057309 | val_loss=0.235226 | val_acc=0.9377 | best_metric=0.9827 (epoch 42) | time=9.9s
[Epoch 096/100] train_loss=0.075256 | val_loss=0.194613 | val_acc=0.9654 | best_metric=0.9827 (epoch 42) | time=9.8s
[Epoch 097/100] train_loss=0.059075 | val_loss=0.338878 | val_acc=0.9377 | best_metric=0.9827 (epoch 42) | time=10.0s
[Epoch 098/100] train_loss=0.057679 | val_loss=0.232755 | val_acc=0.9585 | best_metric=0.9827 (epoch 42) | time=9.7s
[Epoch 099/100] train_loss=0.062385 | val_loss=0.270785 | val_acc=0.9273 | best_metric=0.9827 (epoch 42) | time=10.4s
[Epoch 100/100] train_loss=0.041015 | val_loss=0.253360 | val_acc=0.9273 | best_metric=0.9827 (epoch 42) | time=9.5s
[DONE] finetune finished in 18.09 min
[DONE] best metric = 0.982699 at epoch 42
/home/ted1204/MS_Detection/src/training/trainer_test.py:469: FutureWarning: You are using `torch.load` with `weights_only=False` (the current default value), which uses the default pickle module implicitly. It is possible to construct malicious pickle data which will execute arbitrary code during unpickling (See https://github.com/pytorch/pytorch/blob/main/SECURITY.md#untrusted-models for more details). In a future release, the default value for `weights_only` will be flipped to `True`. This limits the functions that could be executed during unpickling. Arbitrary objects will no longer be allowed to be loaded via this mode unless they are explicitly allowlisted by the user via `torch.serialization.add_safe_globals`. We recommend you start setting `weights_only=True` for any use case where you don't have full control of the loaded file. Please open an issue on GitHub for any issues related to this experimental feature.
  ckpt = torch.load(ckpt_path, map_location="cpu")
[INFO] device: cuda
[INFO] visible GPUs: 0
[INFO] device: cuda
[INFO] save_dir: runs/hpo_stage1c_reconst/test/pohang_hpo3_reconst_L6_D512_BP3_50
[INFO] loaded finetuned model from: runs/hpo_stage1c_reconst/finetune/pohang_hpo3_reconst_L6_D512_BP3_50/best.pt
[INFO] load missing keys   : 0
[INFO] load unexpected keys: 0
[INFO] saved val predictions: runs/hpo_stage1c_reconst/test/pohang_hpo3_reconst_L6_D512_BP3_50/val_predictions.csv
[INFO] saved val threshold summary: runs/hpo_stage1c_reconst/test/pohang_hpo3_reconst_L6_D512_BP3_50/val_threshold_summary.json
[INFO] selected threshold from val: 7.604836
[INFO] saved test predictions: runs/hpo_stage1c_reconst/test/pohang_hpo3_reconst_L6_D512_BP3_50/test_predictions.csv
[INFO] saved test metrics    : runs/hpo_stage1c_reconst/test/pohang_hpo3_reconst_L6_D512_BP3_50/test_metrics_fixed_threshold.json
{
  "acc": 0.8707482993197279,
  "precision": 0.9174311926605505,
  "recall": 0.7751937984496124,
  "f1": 0.8403361344537815,
  "tp": 100,
  "tn": 156,
  "fp": 9,
  "fn": 29,
  "threshold": 7.604835510253906
}
[WARN] json not found: runs/hpo_stage1c_reconst/test/pohang_hpo3_reconst_L6_D512_BP3_50/metrics.json
[DONE] pred_csv : runs/hpo_stage1c_reconst/test/pohang_hpo3_reconst_L6_D512_BP3_50/test_predictions.csv
[DONE] out_dir  : runs/hpo_stage1c_reconst/test/pohang_hpo3_reconst_L6_D512_BP3_50/analysis
[DONE] run_hpo3_reconst.sh finished.
[WORKER-7] finished cfg=config/base_hpo3_reconst_16.yaml status=0
