============================================================
[START] 2026-03-19 13:52:40 worker=4 gpu=5 cfg=config/base_hpo3_reconst_13.yaml mode=full
============================================================
[INFO] CUDA_VISIBLE_DEVICES=5
[INFO] MODE=full
[INFO] BASE_CFG=config/base_hpo3_reconst_13.yaml
[INFO] device: cuda
[INFO] visible GPUs: 0
[INFO] device: cuda
[INFO] pretrain mode: reconstruction
[INFO] save_dir: runs/hpo_stage1c_reconst/pretrain/pohang_hpo3_reconst_L6_D256_BP3_50
[INFO] model params: 21,916,865
[Epoch 001/150] loss=8.508045 | best=8.508045 (epoch 1) | time=39.4s
[Epoch 002/150] loss=4.478371 | best=4.478371 (epoch 2) | time=41.0s
[Epoch 003/150] loss=3.397718 | best=3.397718 (epoch 3) | time=40.6s
[Epoch 004/150] loss=2.549555 | best=2.549555 (epoch 4) | time=41.5s
[Epoch 005/150] loss=1.791769 | best=1.791769 (epoch 5) | time=39.1s
[Epoch 006/150] loss=1.290572 | best=1.290572 (epoch 6) | time=40.9s
[Epoch 007/150] loss=1.007815 | best=1.007815 (epoch 7) | time=42.5s
[Epoch 008/150] loss=0.861526 | best=0.861526 (epoch 8) | time=46.9s
[Epoch 009/150] loss=0.755795 | best=0.755795 (epoch 9) | time=44.6s
[Epoch 010/150] loss=0.673059 | best=0.673059 (epoch 10) | time=40.7s
[Epoch 011/150] loss=0.630319 | best=0.630319 (epoch 11) | time=52.3s
[Epoch 012/150] loss=0.579872 | best=0.579872 (epoch 12) | time=39.5s
[Epoch 013/150] loss=0.537282 | best=0.537282 (epoch 13) | time=38.8s
[Epoch 014/150] loss=0.502786 | best=0.502786 (epoch 14) | time=39.6s
[Epoch 015/150] loss=0.485832 | best=0.485832 (epoch 15) | time=56.8s
[Epoch 016/150] loss=0.471859 | best=0.471859 (epoch 16) | time=52.7s
[Epoch 017/150] loss=0.458120 | best=0.458120 (epoch 17) | time=49.6s
[Epoch 018/150] loss=0.442313 | best=0.442313 (epoch 18) | time=55.7s
[Epoch 019/150] loss=0.441595 | best=0.441595 (epoch 19) | time=42.2s
[Epoch 020/150] loss=0.432415 | best=0.432415 (epoch 20) | time=45.2s
[Epoch 021/150] loss=0.424982 | best=0.424982 (epoch 21) | time=45.6s
[Epoch 022/150] loss=0.405094 | best=0.405094 (epoch 22) | time=38.9s
[Epoch 023/150] loss=0.397079 | best=0.397079 (epoch 23) | time=38.6s
[Epoch 024/150] loss=0.383931 | best=0.383931 (epoch 24) | time=45.9s
[Epoch 025/150] loss=0.376375 | best=0.376375 (epoch 25) | time=46.0s
[Epoch 026/150] loss=0.360746 | best=0.360746 (epoch 26) | time=52.2s
[Epoch 027/150] loss=0.348051 | best=0.348051 (epoch 27) | time=39.8s
[Epoch 028/150] loss=0.310590 | best=0.310590 (epoch 28) | time=43.4s
[Epoch 029/150] loss=0.289113 | best=0.289113 (epoch 29) | time=39.8s
[Epoch 030/150] loss=0.287072 | best=0.287072 (epoch 30) | time=185.9s
[Epoch 031/150] loss=0.274666 | best=0.274666 (epoch 31) | time=129.3s
[Epoch 032/150] loss=0.248059 | best=0.248059 (epoch 32) | time=53.2s
[Epoch 033/150] loss=0.226384 | best=0.226384 (epoch 33) | time=67.5s
[Epoch 034/150] loss=0.212755 | best=0.212755 (epoch 34) | time=83.4s
[Epoch 035/150] loss=0.205532 | best=0.205532 (epoch 35) | time=43.4s
[Epoch 036/150] loss=0.194512 | best=0.194512 (epoch 36) | time=41.4s
[Epoch 037/150] loss=0.193083 | best=0.193083 (epoch 37) | time=45.6s
[Epoch 038/150] loss=0.195374 | best=0.193083 (epoch 37) | time=41.4s
[Epoch 039/150] loss=0.183402 | best=0.183402 (epoch 39) | time=41.8s
[Epoch 040/150] loss=0.179072 | best=0.179072 (epoch 40) | time=62.2s
[Epoch 041/150] loss=0.156392 | best=0.156392 (epoch 41) | time=75.5s
[Epoch 042/150] loss=0.155540 | best=0.155540 (epoch 42) | time=94.0s
[Epoch 043/150] loss=0.148041 | best=0.148041 (epoch 43) | time=109.2s
[Epoch 044/150] loss=0.148328 | best=0.148041 (epoch 43) | time=42.7s
[Epoch 045/150] loss=0.144821 | best=0.144821 (epoch 45) | time=84.5s
[Epoch 046/150] loss=0.138167 | best=0.138167 (epoch 46) | time=98.7s
[Epoch 047/150] loss=0.139389 | best=0.138167 (epoch 46) | time=45.0s
[Epoch 048/150] loss=0.131961 | best=0.131961 (epoch 48) | time=70.8s
[Epoch 049/150] loss=0.125500 | best=0.125500 (epoch 49) | time=48.0s
[Epoch 050/150] loss=0.138873 | best=0.125500 (epoch 49) | time=39.2s
[Epoch 051/150] loss=0.127152 | best=0.125500 (epoch 49) | time=51.4s
[Epoch 052/150] loss=0.122802 | best=0.122802 (epoch 52) | time=55.9s
[Epoch 053/150] loss=0.121565 | best=0.121565 (epoch 53) | time=39.0s
[Epoch 054/150] loss=0.123561 | best=0.121565 (epoch 53) | time=46.0s
[Epoch 055/150] loss=0.120102 | best=0.120102 (epoch 55) | time=119.1s
[Epoch 056/150] loss=0.119375 | best=0.119375 (epoch 56) | time=117.0s
[Epoch 057/150] loss=0.125766 | best=0.119375 (epoch 56) | time=50.8s
[Epoch 058/150] loss=0.120088 | best=0.119375 (epoch 56) | time=110.0s
[Epoch 059/150] loss=0.111072 | best=0.111072 (epoch 59) | time=61.9s
[Epoch 060/150] loss=0.123175 | best=0.111072 (epoch 59) | time=38.3s
[Epoch 061/150] loss=0.110849 | best=0.110849 (epoch 61) | time=125.0s
[Epoch 062/150] loss=0.109560 | best=0.109560 (epoch 62) | time=118.1s
[Epoch 063/150] loss=0.107931 | best=0.107931 (epoch 63) | time=140.7s
[Epoch 064/150] loss=0.106688 | best=0.106688 (epoch 64) | time=147.7s
[Epoch 065/150] loss=0.104039 | best=0.104039 (epoch 65) | time=108.7s
[Epoch 066/150] loss=0.103433 | best=0.103433 (epoch 66) | time=94.2s
[Epoch 067/150] loss=0.101498 | best=0.101498 (epoch 67) | time=91.6s
[Epoch 068/150] loss=0.101200 | best=0.101200 (epoch 68) | time=57.0s
[Epoch 069/150] loss=0.095200 | best=0.095200 (epoch 69) | time=97.1s
[Epoch 070/150] loss=0.096395 | best=0.095200 (epoch 69) | time=71.9s
[Epoch 071/150] loss=0.099179 | best=0.095200 (epoch 69) | time=75.4s
[Epoch 072/150] loss=0.094791 | best=0.094791 (epoch 72) | time=57.3s
[Epoch 073/150] loss=0.099209 | best=0.094791 (epoch 72) | time=69.6s
[Epoch 074/150] loss=0.097780 | best=0.094791 (epoch 72) | time=81.3s
[Epoch 075/150] loss=0.089929 | best=0.089929 (epoch 75) | time=42.9s
[Epoch 076/150] loss=0.089550 | best=0.089550 (epoch 76) | time=276.9s
[Epoch 077/150] loss=0.089713 | best=0.089550 (epoch 76) | time=470.7s
[Epoch 078/150] loss=0.088993 | best=0.088993 (epoch 78) | time=448.8s
[Epoch 079/150] loss=0.089493 | best=0.088993 (epoch 78) | time=155.5s
[Epoch 080/150] loss=0.089607 | best=0.088993 (epoch 78) | time=139.7s
[Epoch 081/150] loss=0.083860 | best=0.083860 (epoch 81) | time=184.3s
[Epoch 082/150] loss=0.089607 | best=0.083860 (epoch 81) | time=112.6s
[Epoch 083/150] loss=0.083473 | best=0.083473 (epoch 83) | time=193.7s
[Epoch 084/150] loss=0.080638 | best=0.080638 (epoch 84) | time=200.0s
[Epoch 085/150] loss=0.082837 | best=0.080638 (epoch 84) | time=99.8s
[Epoch 086/150] loss=0.079899 | best=0.079899 (epoch 86) | time=80.4s
[Epoch 087/150] loss=0.082180 | best=0.079899 (epoch 86) | time=63.6s
[Epoch 088/150] loss=0.079097 | best=0.079097 (epoch 88) | time=83.0s
[Epoch 089/150] loss=0.074318 | best=0.074318 (epoch 89) | time=42.1s
[Epoch 090/150] loss=0.079953 | best=0.074318 (epoch 89) | time=38.2s
[Epoch 091/150] loss=0.077829 | best=0.074318 (epoch 89) | time=37.3s
[Epoch 092/150] loss=0.073776 | best=0.073776 (epoch 92) | time=44.8s
[Epoch 093/150] loss=0.071677 | best=0.071677 (epoch 93) | time=54.5s
[Epoch 094/150] loss=0.077519 | best=0.071677 (epoch 93) | time=45.8s
[Epoch 095/150] loss=0.076084 | best=0.071677 (epoch 93) | time=61.4s
[Epoch 096/150] loss=0.069714 | best=0.069714 (epoch 96) | time=74.3s
[Epoch 097/150] loss=0.076862 | best=0.069714 (epoch 96) | time=40.0s
[Epoch 098/150] loss=0.071744 | best=0.069714 (epoch 96) | time=57.4s
[Epoch 099/150] loss=0.072145 | best=0.069714 (epoch 96) | time=45.3s
[Epoch 100/150] loss=0.069312 | best=0.069312 (epoch 100) | time=48.4s
[Epoch 101/150] loss=0.071716 | best=0.069312 (epoch 100) | time=50.5s
[Epoch 102/150] loss=0.063770 | best=0.063770 (epoch 102) | time=74.5s
[Epoch 103/150] loss=0.065630 | best=0.063770 (epoch 102) | time=58.5s
[Epoch 104/150] loss=0.067757 | best=0.063770 (epoch 102) | time=48.4s
[Epoch 105/150] loss=0.073682 | best=0.063770 (epoch 102) | time=70.5s
[Epoch 106/150] loss=0.068427 | best=0.063770 (epoch 102) | time=45.7s
[Epoch 107/150] loss=0.068096 | best=0.063770 (epoch 102) | time=45.5s
[Epoch 108/150] loss=0.066138 | best=0.063770 (epoch 102) | time=49.3s
[Epoch 109/150] loss=0.060957 | best=0.060957 (epoch 109) | time=93.9s
[Epoch 110/150] loss=0.063440 | best=0.060957 (epoch 109) | time=63.0s
[Epoch 111/150] loss=0.068368 | best=0.060957 (epoch 109) | time=40.5s
[Epoch 112/150] loss=0.063241 | best=0.060957 (epoch 109) | time=75.6s
[Epoch 113/150] loss=0.062672 | best=0.060957 (epoch 109) | time=45.1s
[Epoch 114/150] loss=0.063707 | best=0.060957 (epoch 109) | time=73.0s
[Epoch 115/150] loss=0.060023 | best=0.060023 (epoch 115) | time=105.6s
[Epoch 116/150] loss=0.058229 | best=0.058229 (epoch 116) | time=114.9s
[Epoch 117/150] loss=0.056562 | best=0.056562 (epoch 117) | time=92.7s
[Epoch 118/150] loss=0.055894 | best=0.055894 (epoch 118) | time=82.6s
[Epoch 119/150] loss=0.061328 | best=0.055894 (epoch 118) | time=67.2s
[Epoch 120/150] loss=0.061183 | best=0.055894 (epoch 118) | time=67.3s
[Epoch 121/150] loss=0.061052 | best=0.055894 (epoch 118) | time=50.7s
[Epoch 122/150] loss=0.056248 | best=0.055894 (epoch 118) | time=51.9s
[Epoch 123/150] loss=0.057288 | best=0.055894 (epoch 118) | time=43.4s
[Epoch 124/150] loss=0.058205 | best=0.055894 (epoch 118) | time=39.8s
[Epoch 125/150] loss=0.055455 | best=0.055455 (epoch 125) | time=73.9s
[Epoch 126/150] loss=0.054158 | best=0.054158 (epoch 126) | time=43.9s
[Epoch 127/150] loss=0.056635 | best=0.054158 (epoch 126) | time=38.2s
[Epoch 128/150] loss=0.054922 | best=0.054158 (epoch 126) | time=37.7s
[Epoch 129/150] loss=0.055217 | best=0.054158 (epoch 126) | time=49.7s
[Epoch 130/150] loss=0.054379 | best=0.054158 (epoch 126) | time=41.8s
[Epoch 131/150] loss=0.052283 | best=0.052283 (epoch 131) | time=47.1s
[Epoch 132/150] loss=0.054313 | best=0.052283 (epoch 131) | time=46.6s
[Epoch 133/150] loss=0.050430 | best=0.050430 (epoch 133) | time=59.8s
[Epoch 134/150] loss=0.053111 | best=0.050430 (epoch 133) | time=44.0s
[Epoch 135/150] loss=0.053192 | best=0.050430 (epoch 133) | time=37.2s
[Epoch 136/150] loss=0.048482 | best=0.048482 (epoch 136) | time=48.3s
[Epoch 137/150] loss=0.049935 | best=0.048482 (epoch 136) | time=53.5s
[Epoch 138/150] loss=0.048385 | best=0.048385 (epoch 138) | time=46.1s
[Epoch 139/150] loss=0.052954 | best=0.048385 (epoch 138) | time=39.0s
[Epoch 140/150] loss=0.053499 | best=0.048385 (epoch 138) | time=36.4s
[Epoch 141/150] loss=0.051429 | best=0.048385 (epoch 138) | time=44.3s
[Epoch 142/150] loss=0.050698 | best=0.048385 (epoch 138) | time=36.0s
[Epoch 143/150] loss=0.049824 | best=0.048385 (epoch 138) | time=37.4s
[Epoch 144/150] loss=0.049076 | best=0.048385 (epoch 138) | time=43.4s
[Epoch 145/150] loss=0.049080 | best=0.048385 (epoch 138) | time=41.9s
[Epoch 146/150] loss=0.048724 | best=0.048385 (epoch 138) | time=38.6s
[Epoch 147/150] loss=0.051324 | best=0.048385 (epoch 138) | time=41.2s
[Epoch 148/150] loss=0.048119 | best=0.048119 (epoch 148) | time=42.7s
[Epoch 149/150] loss=0.048471 | best=0.048119 (epoch 148) | time=36.9s
[Epoch 150/150] loss=0.048281 | best=0.048119 (epoch 148) | time=36.4s
[DONE] training finished in 177.36 min
[DONE] best loss = 0.048119 at epoch 148
/home/ted1204/MS_Detection/src/training/trainer_finetune.py:186: FutureWarning: You are using `torch.load` with `weights_only=False` (the current default value), which uses the default pickle module implicitly. It is possible to construct malicious pickle data which will execute arbitrary code during unpickling (See https://github.com/pytorch/pytorch/blob/main/SECURITY.md#untrusted-models for more details). In a future release, the default value for `weights_only` will be flipped to `True`. This limits the functions that could be executed during unpickling. Arbitrary objects will no longer be allowed to be loaded via this mode unless they are explicitly allowlisted by the user via `torch.serialization.add_safe_globals`. We recommend you start setting `weights_only=True` for any use case where you don't have full control of the loaded file. Please open an issue on GitHub for any issues related to this experimental feature.
  ckpt = torch.load(encoder_ckpt_path, map_location="cpu")
[INFO] device: cuda
[INFO] visible GPUs: 0
[INFO] device: cuda
[INFO] save_dir: runs/hpo_stage1c_reconst/finetune/pohang_hpo3_reconst_L6_D256_BP3_50
[INFO] model params: 6,552,801
[DEBUG] pretrained_encoder_path = runs/hpo_stage1c_reconst/pretrain/pohang_hpo3_reconst_L6_D256_BP3_50/best_encoder.pt
[INFO] loaded encoder weights from: runs/hpo_stage1c_reconst/pretrain/pohang_hpo3_reconst_L6_D256_BP3_50/best_encoder.pt
[INFO] encoder load missing keys   : 0
[INFO] encoder load unexpected keys: 0
[INFO] center_c shape: (256,)
[Epoch 001/100] train_loss=1.229648 | val_loss=1.643062 | val_acc=0.5709 | best_metric=0.5709 (epoch 1) | time=9.8s
[Epoch 002/100] train_loss=0.866780 | val_loss=0.998046 | val_acc=0.5709 | best_metric=0.5709 (epoch 1) | time=11.5s
[Epoch 003/100] train_loss=0.735194 | val_loss=0.777439 | val_acc=0.6540 | best_metric=0.6540 (epoch 3) | time=11.2s
[Epoch 004/100] train_loss=0.665918 | val_loss=0.693115 | val_acc=0.7301 | best_metric=0.7301 (epoch 4) | time=10.8s
[Epoch 005/100] train_loss=0.622958 | val_loss=0.628795 | val_acc=0.8235 | best_metric=0.8235 (epoch 5) | time=9.9s
[Epoch 006/100] train_loss=0.578920 | val_loss=0.575995 | val_acc=0.8478 | best_metric=0.8478 (epoch 6) | time=10.9s
[Epoch 007/100] train_loss=0.527196 | val_loss=0.623137 | val_acc=0.8028 | best_metric=0.8478 (epoch 6) | time=10.2s
[Epoch 008/100] train_loss=0.560614 | val_loss=0.449025 | val_acc=0.8962 | best_metric=0.8962 (epoch 8) | time=11.6s
[Epoch 009/100] train_loss=0.480688 | val_loss=0.425228 | val_acc=0.8997 | best_metric=0.8997 (epoch 9) | time=13.0s
[Epoch 010/100] train_loss=0.430081 | val_loss=0.377420 | val_acc=0.9273 | best_metric=0.9273 (epoch 10) | time=10.3s
[Epoch 011/100] train_loss=0.422059 | val_loss=0.671889 | val_acc=0.7716 | best_metric=0.9273 (epoch 10) | time=9.7s
[Epoch 012/100] train_loss=0.375333 | val_loss=0.356428 | val_acc=0.9481 | best_metric=0.9481 (epoch 12) | time=11.2s
[Epoch 013/100] train_loss=0.368454 | val_loss=0.317775 | val_acc=0.9170 | best_metric=0.9481 (epoch 12) | time=10.6s
[Epoch 014/100] train_loss=0.348000 | val_loss=0.466060 | val_acc=0.9204 | best_metric=0.9481 (epoch 12) | time=10.9s
[Epoch 015/100] train_loss=0.357817 | val_loss=0.296198 | val_acc=0.9308 | best_metric=0.9481 (epoch 12) | time=10.6s
[Epoch 016/100] train_loss=0.355106 | val_loss=0.310045 | val_acc=0.9792 | best_metric=0.9792 (epoch 16) | time=12.4s
[Epoch 017/100] train_loss=0.322376 | val_loss=0.258442 | val_acc=0.9204 | best_metric=0.9792 (epoch 16) | time=11.7s
[Epoch 018/100] train_loss=0.326738 | val_loss=0.301351 | val_acc=0.9689 | best_metric=0.9792 (epoch 16) | time=10.1s
[Epoch 019/100] train_loss=0.275368 | val_loss=0.236441 | val_acc=0.9654 | best_metric=0.9792 (epoch 16) | time=10.5s
[Epoch 020/100] train_loss=0.321570 | val_loss=0.237989 | val_acc=0.9481 | best_metric=0.9792 (epoch 16) | time=10.5s
[Epoch 021/100] train_loss=0.255794 | val_loss=0.296774 | val_acc=0.9689 | best_metric=0.9792 (epoch 16) | time=10.9s
[Epoch 022/100] train_loss=0.273047 | val_loss=0.274797 | val_acc=0.9204 | best_metric=0.9792 (epoch 16) | time=13.7s
[Epoch 023/100] train_loss=0.265841 | val_loss=0.237229 | val_acc=0.9689 | best_metric=0.9792 (epoch 16) | time=10.7s
[Epoch 024/100] train_loss=0.232606 | val_loss=0.203285 | val_acc=0.9827 | best_metric=0.9827 (epoch 24) | time=12.4s
[Epoch 025/100] train_loss=0.205884 | val_loss=0.238705 | val_acc=0.9792 | best_metric=0.9827 (epoch 24) | time=11.2s
[Epoch 026/100] train_loss=0.238642 | val_loss=0.193346 | val_acc=0.9723 | best_metric=0.9827 (epoch 24) | time=11.8s
[Epoch 027/100] train_loss=0.202572 | val_loss=0.253558 | val_acc=0.9758 | best_metric=0.9827 (epoch 24) | time=10.7s
[Epoch 028/100] train_loss=0.195862 | val_loss=0.205172 | val_acc=0.9377 | best_metric=0.9827 (epoch 24) | time=10.5s
[Epoch 029/100] train_loss=0.200002 | val_loss=0.350194 | val_acc=0.9550 | best_metric=0.9827 (epoch 24) | time=9.6s
[Epoch 030/100] train_loss=0.167522 | val_loss=0.380518 | val_acc=0.9170 | best_metric=0.9827 (epoch 24) | time=11.5s
[Epoch 031/100] train_loss=0.203490 | val_loss=0.344715 | val_acc=0.9481 | best_metric=0.9827 (epoch 24) | time=10.3s
[Epoch 032/100] train_loss=0.208506 | val_loss=0.188103 | val_acc=0.9827 | best_metric=0.9827 (epoch 24) | time=10.4s
[Epoch 033/100] train_loss=0.192405 | val_loss=0.277774 | val_acc=0.9689 | best_metric=0.9827 (epoch 24) | time=10.6s
[Epoch 034/100] train_loss=0.212702 | val_loss=0.198355 | val_acc=0.9827 | best_metric=0.9827 (epoch 24) | time=10.0s
[Epoch 035/100] train_loss=0.197787 | val_loss=0.211871 | val_acc=0.9792 | best_metric=0.9827 (epoch 24) | time=10.7s
[Epoch 036/100] train_loss=0.175476 | val_loss=0.202057 | val_acc=0.9792 | best_metric=0.9827 (epoch 24) | time=10.6s
[Epoch 037/100] train_loss=0.153810 | val_loss=0.177746 | val_acc=0.9585 | best_metric=0.9827 (epoch 24) | time=10.5s
[Epoch 038/100] train_loss=0.138669 | val_loss=0.167905 | val_acc=0.9723 | best_metric=0.9827 (epoch 24) | time=11.2s
[Epoch 039/100] train_loss=0.148298 | val_loss=0.180302 | val_acc=0.9792 | best_metric=0.9827 (epoch 24) | time=11.6s
[Epoch 040/100] train_loss=0.159267 | val_loss=0.195713 | val_acc=0.9758 | best_metric=0.9827 (epoch 24) | time=11.3s
[Epoch 041/100] train_loss=0.150488 | val_loss=0.181123 | val_acc=0.9792 | best_metric=0.9827 (epoch 24) | time=11.5s
[Epoch 042/100] train_loss=0.184077 | val_loss=0.184807 | val_acc=0.9758 | best_metric=0.9827 (epoch 24) | time=13.0s
[Epoch 043/100] train_loss=0.165857 | val_loss=0.181965 | val_acc=0.9619 | best_metric=0.9827 (epoch 24) | time=10.6s
[Epoch 044/100] train_loss=0.145247 | val_loss=0.219750 | val_acc=0.9689 | best_metric=0.9827 (epoch 24) | time=12.8s
[Epoch 045/100] train_loss=0.137291 | val_loss=0.292947 | val_acc=0.9446 | best_metric=0.9827 (epoch 24) | time=9.3s
[Epoch 046/100] train_loss=0.114628 | val_loss=0.202071 | val_acc=0.9619 | best_metric=0.9827 (epoch 24) | time=10.7s
[Epoch 047/100] train_loss=0.126735 | val_loss=0.219404 | val_acc=0.9723 | best_metric=0.9827 (epoch 24) | time=10.5s
[Epoch 048/100] train_loss=0.130352 | val_loss=0.236452 | val_acc=0.9654 | best_metric=0.9827 (epoch 24) | time=12.6s
[Epoch 049/100] train_loss=0.130295 | val_loss=0.247346 | val_acc=0.9792 | best_metric=0.9827 (epoch 24) | time=11.0s
[Epoch 050/100] train_loss=0.153389 | val_loss=0.236121 | val_acc=0.9377 | best_metric=0.9827 (epoch 24) | time=9.7s
[Epoch 051/100] train_loss=0.116887 | val_loss=0.180334 | val_acc=0.9758 | best_metric=0.9827 (epoch 24) | time=10.9s
[Epoch 052/100] train_loss=0.087540 | val_loss=0.196815 | val_acc=0.9550 | best_metric=0.9827 (epoch 24) | time=10.7s
[Epoch 053/100] train_loss=0.118281 | val_loss=0.244634 | val_acc=0.9446 | best_metric=0.9827 (epoch 24) | time=10.1s
[Epoch 054/100] train_loss=0.094317 | val_loss=0.193658 | val_acc=0.9689 | best_metric=0.9827 (epoch 24) | time=10.2s
[Epoch 055/100] train_loss=0.111843 | val_loss=0.194357 | val_acc=0.9619 | best_metric=0.9827 (epoch 24) | time=10.7s
[Epoch 056/100] train_loss=0.082923 | val_loss=0.214789 | val_acc=0.9481 | best_metric=0.9827 (epoch 24) | time=12.1s
[Epoch 057/100] train_loss=0.109726 | val_loss=0.200922 | val_acc=0.9550 | best_metric=0.9827 (epoch 24) | time=13.3s
[Epoch 058/100] train_loss=0.117972 | val_loss=0.215816 | val_acc=0.9412 | best_metric=0.9827 (epoch 24) | time=12.3s
[Epoch 059/100] train_loss=0.077253 | val_loss=0.212104 | val_acc=0.9758 | best_metric=0.9827 (epoch 24) | time=10.2s
[Epoch 060/100] train_loss=0.106126 | val_loss=0.198394 | val_acc=0.9516 | best_metric=0.9827 (epoch 24) | time=9.6s
[Epoch 061/100] train_loss=0.109030 | val_loss=0.204246 | val_acc=0.9758 | best_metric=0.9827 (epoch 24) | time=12.2s
[Epoch 062/100] train_loss=0.085610 | val_loss=0.198658 | val_acc=0.9516 | best_metric=0.9827 (epoch 24) | time=10.4s
[Epoch 063/100] train_loss=0.060324 | val_loss=0.305963 | val_acc=0.9550 | best_metric=0.9827 (epoch 24) | time=10.5s
[Epoch 064/100] train_loss=0.067546 | val_loss=0.189495 | val_acc=0.9516 | best_metric=0.9827 (epoch 24) | time=10.3s
[Epoch 065/100] train_loss=0.112611 | val_loss=0.325555 | val_acc=0.9412 | best_metric=0.9827 (epoch 24) | time=11.7s
[Epoch 066/100] train_loss=0.084422 | val_loss=0.191248 | val_acc=0.9481 | best_metric=0.9827 (epoch 24) | time=10.1s
[Epoch 067/100] train_loss=0.097735 | val_loss=0.302385 | val_acc=0.9481 | best_metric=0.9827 (epoch 24) | time=10.6s
[Epoch 068/100] train_loss=0.076700 | val_loss=0.232991 | val_acc=0.9723 | best_metric=0.9827 (epoch 24) | time=11.4s
[Epoch 069/100] train_loss=0.070444 | val_loss=0.209408 | val_acc=0.9654 | best_metric=0.9827 (epoch 24) | time=11.2s
[Epoch 070/100] train_loss=0.074503 | val_loss=0.211601 | val_acc=0.9516 | best_metric=0.9827 (epoch 24) | time=11.0s
[Epoch 071/100] train_loss=0.077712 | val_loss=0.286916 | val_acc=0.9516 | best_metric=0.9827 (epoch 24) | time=10.7s
[Epoch 072/100] train_loss=0.053703 | val_loss=0.287677 | val_acc=0.9585 | best_metric=0.9827 (epoch 24) | time=11.2s
[Epoch 073/100] train_loss=0.067669 | val_loss=0.255644 | val_acc=0.9446 | best_metric=0.9827 (epoch 24) | time=10.5s
[Epoch 074/100] train_loss=0.069718 | val_loss=0.213219 | val_acc=0.9550 | best_metric=0.9827 (epoch 24) | time=10.2s
[Epoch 075/100] train_loss=0.070074 | val_loss=0.200356 | val_acc=0.9481 | best_metric=0.9827 (epoch 24) | time=11.6s
[Epoch 076/100] train_loss=0.076285 | val_loss=0.211251 | val_acc=0.9619 | best_metric=0.9827 (epoch 24) | time=12.4s
[Epoch 077/100] train_loss=0.099536 | val_loss=0.263139 | val_acc=0.9619 | best_metric=0.9827 (epoch 24) | time=10.7s
[Epoch 078/100] train_loss=0.064769 | val_loss=0.239392 | val_acc=0.9481 | best_metric=0.9827 (epoch 24) | time=10.9s
[Epoch 079/100] train_loss=0.056551 | val_loss=0.305230 | val_acc=0.9446 | best_metric=0.9827 (epoch 24) | time=11.3s
[Epoch 080/100] train_loss=0.088993 | val_loss=0.223309 | val_acc=0.9481 | best_metric=0.9827 (epoch 24) | time=13.1s
[Epoch 081/100] train_loss=0.060691 | val_loss=0.239693 | val_acc=0.9585 | best_metric=0.9827 (epoch 24) | time=10.5s
[Epoch 082/100] train_loss=0.042279 | val_loss=0.320565 | val_acc=0.9377 | best_metric=0.9827 (epoch 24) | time=10.8s
[Epoch 083/100] train_loss=0.046113 | val_loss=0.219027 | val_acc=0.9377 | best_metric=0.9827 (epoch 24) | time=10.5s
[Epoch 084/100] train_loss=0.056855 | val_loss=0.284577 | val_acc=0.9273 | best_metric=0.9827 (epoch 24) | time=11.7s
[Epoch 085/100] train_loss=0.079608 | val_loss=0.205590 | val_acc=0.9619 | best_metric=0.9827 (epoch 24) | time=9.6s
[Epoch 086/100] train_loss=0.060824 | val_loss=0.254856 | val_acc=0.9550 | best_metric=0.9827 (epoch 24) | time=10.6s
[Epoch 087/100] train_loss=0.059933 | val_loss=0.377662 | val_acc=0.9170 | best_metric=0.9827 (epoch 24) | time=9.9s
[Epoch 088/100] train_loss=0.069452 | val_loss=0.228832 | val_acc=0.9654 | best_metric=0.9827 (epoch 24) | time=10.5s
[Epoch 089/100] train_loss=0.064359 | val_loss=0.247340 | val_acc=0.9585 | best_metric=0.9827 (epoch 24) | time=11.2s
[Epoch 090/100] train_loss=0.069781 | val_loss=0.219753 | val_acc=0.9550 | best_metric=0.9827 (epoch 24) | time=10.1s
[Epoch 091/100] train_loss=0.056070 | val_loss=0.242015 | val_acc=0.9516 | best_metric=0.9827 (epoch 24) | time=11.6s
[Epoch 092/100] train_loss=0.054513 | val_loss=0.219184 | val_acc=0.9619 | best_metric=0.9827 (epoch 24) | time=10.7s
[Epoch 093/100] train_loss=0.059921 | val_loss=0.227895 | val_acc=0.9446 | best_metric=0.9827 (epoch 24) | time=11.1s
[Epoch 094/100] train_loss=0.037588 | val_loss=0.251618 | val_acc=0.9516 | best_metric=0.9827 (epoch 24) | time=10.5s
[Epoch 095/100] train_loss=0.055486 | val_loss=0.231839 | val_acc=0.9377 | best_metric=0.9827 (epoch 24) | time=10.3s
[Epoch 096/100] train_loss=0.059339 | val_loss=0.228223 | val_acc=0.9446 | best_metric=0.9827 (epoch 24) | time=11.7s
[Epoch 097/100] train_loss=0.050787 | val_loss=0.260215 | val_acc=0.9481 | best_metric=0.9827 (epoch 24) | time=12.2s
[Epoch 098/100] train_loss=0.065027 | val_loss=0.233175 | val_acc=0.9377 | best_metric=0.9827 (epoch 24) | time=11.2s
[Epoch 099/100] train_loss=0.053444 | val_loss=0.288499 | val_acc=0.9446 | best_metric=0.9827 (epoch 24) | time=11.8s
[Epoch 100/100] train_loss=0.043854 | val_loss=0.231741 | val_acc=0.9377 | best_metric=0.9827 (epoch 24) | time=10.5s
[DONE] finetune finished in 18.31 min
[DONE] best metric = 0.982699 at epoch 24
/home/ted1204/MS_Detection/src/training/trainer_test.py:469: FutureWarning: You are using `torch.load` with `weights_only=False` (the current default value), which uses the default pickle module implicitly. It is possible to construct malicious pickle data which will execute arbitrary code during unpickling (See https://github.com/pytorch/pytorch/blob/main/SECURITY.md#untrusted-models for more details). In a future release, the default value for `weights_only` will be flipped to `True`. This limits the functions that could be executed during unpickling. Arbitrary objects will no longer be allowed to be loaded via this mode unless they are explicitly allowlisted by the user via `torch.serialization.add_safe_globals`. We recommend you start setting `weights_only=True` for any use case where you don't have full control of the loaded file. Please open an issue on GitHub for any issues related to this experimental feature.
  ckpt = torch.load(ckpt_path, map_location="cpu")
[INFO] device: cuda
[INFO] visible GPUs: 0
[INFO] device: cuda
[INFO] save_dir: runs/hpo_stage1c_reconst/test/pohang_hpo3_reconst_L6_D256_BP3_50
[INFO] loaded finetuned model from: runs/hpo_stage1c_reconst/finetune/pohang_hpo3_reconst_L6_D256_BP3_50/best.pt
[INFO] load missing keys   : 0
[INFO] load unexpected keys: 0
[INFO] saved val predictions: runs/hpo_stage1c_reconst/test/pohang_hpo3_reconst_L6_D256_BP3_50/val_predictions.csv
[INFO] saved val threshold summary: runs/hpo_stage1c_reconst/test/pohang_hpo3_reconst_L6_D256_BP3_50/val_threshold_summary.json
[INFO] selected threshold from val: 3.663444
[INFO] saved test predictions: runs/hpo_stage1c_reconst/test/pohang_hpo3_reconst_L6_D256_BP3_50/test_predictions.csv
[INFO] saved test metrics    : runs/hpo_stage1c_reconst/test/pohang_hpo3_reconst_L6_D256_BP3_50/test_metrics_fixed_threshold.json
{
  "acc": 0.8605442176870748,
  "precision": 0.860655737704918,
  "recall": 0.813953488372093,
  "f1": 0.8366533864541832,
  "tp": 105,
  "tn": 148,
  "fp": 17,
  "fn": 24,
  "threshold": 3.6634435653686523
}
[WARN] json not found: runs/hpo_stage1c_reconst/test/pohang_hpo3_reconst_L6_D256_BP3_50/metrics.json
[DONE] pred_csv : runs/hpo_stage1c_reconst/test/pohang_hpo3_reconst_L6_D256_BP3_50/test_predictions.csv
[DONE] out_dir  : runs/hpo_stage1c_reconst/test/pohang_hpo3_reconst_L6_D256_BP3_50/analysis
[DONE] run_hpo3_reconst.sh finished.
[WORKER-4] finished cfg=config/base_hpo3_reconst_13.yaml status=0
