============================================================
[START] 2026-03-19 13:59:00 worker=5 gpu=6 cfg=config/base_hpo3_reconst_14.yaml mode=full
============================================================
[INFO] CUDA_VISIBLE_DEVICES=6
[INFO] MODE=full
[INFO] BASE_CFG=config/base_hpo3_reconst_14.yaml
[INFO] device: cuda
[INFO] visible GPUs: 0
[INFO] device: cuda
[INFO] pretrain mode: reconstruction
[INFO] save_dir: runs/hpo_stage1c_reconst/pretrain/pohang_hpo3_reconst_L6_D256_BP5_60
[INFO] model params: 21,916,865
[Epoch 001/150] loss=7.278994 | best=7.278994 (epoch 1) | time=39.3s
[Epoch 002/150] loss=3.605989 | best=3.605989 (epoch 2) | time=58.6s
[Epoch 003/150] loss=3.515680 | best=3.515680 (epoch 3) | time=49.1s
[Epoch 004/150] loss=3.237620 | best=3.237620 (epoch 4) | time=52.0s
[Epoch 005/150] loss=2.676551 | best=2.676551 (epoch 5) | time=55.2s
[Epoch 006/150] loss=2.014273 | best=2.014273 (epoch 6) | time=48.0s
[Epoch 007/150] loss=1.466663 | best=1.466663 (epoch 7) | time=44.7s
[Epoch 008/150] loss=1.089677 | best=1.089677 (epoch 8) | time=41.7s
[Epoch 009/150] loss=0.864592 | best=0.864592 (epoch 9) | time=48.0s
[Epoch 010/150] loss=0.712796 | best=0.712796 (epoch 10) | time=50.1s
[Epoch 011/150] loss=0.636102 | best=0.636102 (epoch 11) | time=47.3s
[Epoch 012/150] loss=0.568789 | best=0.568789 (epoch 12) | time=43.9s
[Epoch 013/150] loss=0.510577 | best=0.510577 (epoch 13) | time=46.6s
[Epoch 014/150] loss=0.467021 | best=0.467021 (epoch 14) | time=53.9s
[Epoch 015/150] loss=0.443230 | best=0.443230 (epoch 15) | time=48.3s
[Epoch 016/150] loss=0.418751 | best=0.418751 (epoch 16) | time=50.6s
[Epoch 017/150] loss=0.396530 | best=0.396530 (epoch 17) | time=39.3s
[Epoch 018/150] loss=0.380783 | best=0.380783 (epoch 18) | time=43.7s
[Epoch 019/150] loss=0.373153 | best=0.373153 (epoch 19) | time=39.4s
[Epoch 020/150] loss=0.358628 | best=0.358628 (epoch 20) | time=187.9s
[Epoch 021/150] loss=0.354409 | best=0.354409 (epoch 21) | time=132.9s
[Epoch 022/150] loss=0.338261 | best=0.338261 (epoch 22) | time=98.5s
[Epoch 023/150] loss=0.332512 | best=0.332512 (epoch 23) | time=63.1s
[Epoch 024/150] loss=0.328064 | best=0.328064 (epoch 24) | time=61.1s
[Epoch 025/150] loss=0.323965 | best=0.323965 (epoch 25) | time=51.7s
[Epoch 026/150] loss=0.315048 | best=0.315048 (epoch 26) | time=44.7s
[Epoch 027/150] loss=0.306194 | best=0.306194 (epoch 27) | time=41.1s
[Epoch 028/150] loss=0.302753 | best=0.302753 (epoch 28) | time=39.5s
[Epoch 029/150] loss=0.295856 | best=0.295856 (epoch 29) | time=38.9s
[Epoch 030/150] loss=0.295307 | best=0.295307 (epoch 30) | time=104.1s
[Epoch 031/150] loss=0.286335 | best=0.286335 (epoch 31) | time=96.6s
[Epoch 032/150] loss=0.274069 | best=0.274069 (epoch 32) | time=96.6s
[Epoch 033/150] loss=0.254069 | best=0.254069 (epoch 33) | time=43.0s
[Epoch 034/150] loss=0.236189 | best=0.236189 (epoch 34) | time=103.2s
[Epoch 035/150] loss=0.228681 | best=0.228681 (epoch 35) | time=98.3s
[Epoch 036/150] loss=0.207816 | best=0.207816 (epoch 36) | time=51.5s
[Epoch 037/150] loss=0.200178 | best=0.200178 (epoch 37) | time=65.5s
[Epoch 038/150] loss=0.197861 | best=0.197861 (epoch 38) | time=55.7s
[Epoch 039/150] loss=0.187153 | best=0.187153 (epoch 39) | time=43.8s
[Epoch 040/150] loss=0.184303 | best=0.184303 (epoch 40) | time=60.6s
[Epoch 041/150] loss=0.164394 | best=0.164394 (epoch 41) | time=64.4s
[Epoch 042/150] loss=0.164037 | best=0.164037 (epoch 42) | time=54.0s
[Epoch 043/150] loss=0.152871 | best=0.152871 (epoch 43) | time=115.9s
[Epoch 044/150] loss=0.153858 | best=0.152871 (epoch 43) | time=46.5s
[Epoch 045/150] loss=0.153340 | best=0.152871 (epoch 43) | time=95.3s
[Epoch 046/150] loss=0.141824 | best=0.141824 (epoch 46) | time=151.7s
[Epoch 047/150] loss=0.146665 | best=0.141824 (epoch 46) | time=58.9s
[Epoch 048/150] loss=0.138623 | best=0.138623 (epoch 48) | time=43.7s
[Epoch 049/150] loss=0.133784 | best=0.133784 (epoch 49) | time=108.9s
[Epoch 050/150] loss=0.139177 | best=0.133784 (epoch 49) | time=96.5s
[Epoch 051/150] loss=0.131329 | best=0.131329 (epoch 51) | time=92.2s
[Epoch 052/150] loss=0.128469 | best=0.128469 (epoch 52) | time=123.7s
[Epoch 053/150] loss=0.128990 | best=0.128469 (epoch 52) | time=87.4s
[Epoch 054/150] loss=0.127433 | best=0.127433 (epoch 54) | time=124.2s
[Epoch 055/150] loss=0.124938 | best=0.124938 (epoch 55) | time=98.9s
[Epoch 056/150] loss=0.123467 | best=0.123467 (epoch 56) | time=84.8s
[Epoch 057/150] loss=0.126560 | best=0.123467 (epoch 56) | time=49.3s
[Epoch 058/150] loss=0.121424 | best=0.121424 (epoch 58) | time=89.6s
[Epoch 059/150] loss=0.113488 | best=0.113488 (epoch 59) | time=117.8s
[Epoch 060/150] loss=0.121692 | best=0.113488 (epoch 59) | time=70.7s
[Epoch 061/150] loss=0.112733 | best=0.112733 (epoch 61) | time=99.7s
[Epoch 062/150] loss=0.110218 | best=0.110218 (epoch 62) | time=108.9s
[Epoch 063/150] loss=0.107959 | best=0.107959 (epoch 63) | time=247.9s
[Epoch 064/150] loss=0.104623 | best=0.104623 (epoch 64) | time=611.7s
[Epoch 065/150] loss=0.102653 | best=0.102653 (epoch 65) | time=422.5s
[Epoch 066/150] loss=0.100242 | best=0.100242 (epoch 66) | time=257.5s
[Epoch 067/150] loss=0.100185 | best=0.100185 (epoch 67) | time=173.7s
[Epoch 068/150] loss=0.096407 | best=0.096407 (epoch 68) | time=201.1s
[Epoch 069/150] loss=0.091085 | best=0.091085 (epoch 69) | time=194.1s
[Epoch 070/150] loss=0.090308 | best=0.090308 (epoch 70) | time=185.2s
[Epoch 071/150] loss=0.093800 | best=0.090308 (epoch 70) | time=61.7s
[Epoch 072/150] loss=0.092423 | best=0.090308 (epoch 70) | time=72.4s
[Epoch 073/150] loss=0.093143 | best=0.090308 (epoch 70) | time=63.1s
[Epoch 074/150] loss=0.092039 | best=0.090308 (epoch 70) | time=52.2s
[Epoch 075/150] loss=0.084995 | best=0.084995 (epoch 75) | time=47.5s
[Epoch 076/150] loss=0.087300 | best=0.084995 (epoch 75) | time=37.3s
[Epoch 077/150] loss=0.086577 | best=0.084995 (epoch 75) | time=39.1s
[Epoch 078/150] loss=0.085465 | best=0.084995 (epoch 75) | time=40.4s
[Epoch 079/150] loss=0.084671 | best=0.084671 (epoch 79) | time=74.7s
[Epoch 080/150] loss=0.084731 | best=0.084671 (epoch 79) | time=61.6s
[Epoch 081/150] loss=0.081596 | best=0.081596 (epoch 81) | time=81.4s
[Epoch 082/150] loss=0.084562 | best=0.081596 (epoch 81) | time=64.1s
[Epoch 083/150] loss=0.079360 | best=0.079360 (epoch 83) | time=48.8s
[Epoch 084/150] loss=0.078855 | best=0.078855 (epoch 84) | time=60.6s
[Epoch 085/150] loss=0.076941 | best=0.076941 (epoch 85) | time=63.6s
[Epoch 086/150] loss=0.076515 | best=0.076515 (epoch 86) | time=77.0s
[Epoch 087/150] loss=0.079603 | best=0.076515 (epoch 86) | time=72.3s
[Epoch 088/150] loss=0.075587 | best=0.075587 (epoch 88) | time=101.3s
[Epoch 089/150] loss=0.071239 | best=0.071239 (epoch 89) | time=70.7s
[Epoch 090/150] loss=0.076321 | best=0.071239 (epoch 89) | time=43.4s
[Epoch 091/150] loss=0.073612 | best=0.071239 (epoch 89) | time=50.0s
[Epoch 092/150] loss=0.071997 | best=0.071239 (epoch 89) | time=72.4s
[Epoch 093/150] loss=0.071169 | best=0.071169 (epoch 93) | time=92.0s
[Epoch 094/150] loss=0.074156 | best=0.071169 (epoch 93) | time=77.3s
[Epoch 095/150] loss=0.076759 | best=0.071169 (epoch 93) | time=47.9s
[Epoch 096/150] loss=0.067716 | best=0.067716 (epoch 96) | time=110.0s
[Epoch 097/150] loss=0.071098 | best=0.067716 (epoch 96) | time=69.2s
[Epoch 098/150] loss=0.067925 | best=0.067716 (epoch 96) | time=75.6s
[Epoch 099/150] loss=0.068744 | best=0.067716 (epoch 96) | time=63.7s
[Epoch 100/150] loss=0.064351 | best=0.064351 (epoch 100) | time=76.0s
[Epoch 101/150] loss=0.067863 | best=0.064351 (epoch 100) | time=64.8s
[Epoch 102/150] loss=0.061640 | best=0.061640 (epoch 102) | time=52.5s
[Epoch 103/150] loss=0.063287 | best=0.061640 (epoch 102) | time=39.0s
[Epoch 104/150] loss=0.066548 | best=0.061640 (epoch 102) | time=73.6s
[Epoch 105/150] loss=0.069386 | best=0.061640 (epoch 102) | time=54.4s
[Epoch 106/150] loss=0.063891 | best=0.061640 (epoch 102) | time=39.5s
[Epoch 107/150] loss=0.065526 | best=0.061640 (epoch 102) | time=41.9s
[Epoch 108/150] loss=0.065421 | best=0.061640 (epoch 102) | time=40.1s
[Epoch 109/150] loss=0.059076 | best=0.059076 (epoch 109) | time=71.7s
[Epoch 110/150] loss=0.060388 | best=0.059076 (epoch 109) | time=44.8s
[Epoch 111/150] loss=0.065819 | best=0.059076 (epoch 109) | time=43.5s
[Epoch 112/150] loss=0.058497 | best=0.058497 (epoch 112) | time=61.7s
[Epoch 113/150] loss=0.061565 | best=0.058497 (epoch 112) | time=41.5s
[Epoch 114/150] loss=0.060144 | best=0.058497 (epoch 112) | time=41.8s
[Epoch 115/150] loss=0.058161 | best=0.058161 (epoch 115) | time=62.6s
[Epoch 116/150] loss=0.057419 | best=0.057419 (epoch 116) | time=61.2s
[Epoch 117/150] loss=0.054866 | best=0.054866 (epoch 117) | time=48.6s
[Epoch 118/150] loss=0.053055 | best=0.053055 (epoch 118) | time=49.3s
[Epoch 119/150] loss=0.055682 | best=0.053055 (epoch 118) | time=70.8s
[Epoch 120/150] loss=0.056282 | best=0.053055 (epoch 118) | time=41.9s
[Epoch 121/150] loss=0.057852 | best=0.053055 (epoch 118) | time=38.4s
[Epoch 122/150] loss=0.054548 | best=0.053055 (epoch 118) | time=36.8s
[Epoch 123/150] loss=0.053007 | best=0.053007 (epoch 123) | time=39.9s
[Epoch 124/150] loss=0.055096 | best=0.053007 (epoch 123) | time=47.9s
[Epoch 125/150] loss=0.053248 | best=0.053007 (epoch 123) | time=44.9s
[Epoch 126/150] loss=0.050701 | best=0.050701 (epoch 126) | time=50.1s
[Epoch 127/150] loss=0.053573 | best=0.050701 (epoch 126) | time=41.4s
[Epoch 128/150] loss=0.054532 | best=0.050701 (epoch 126) | time=40.0s
[Epoch 129/150] loss=0.052130 | best=0.050701 (epoch 126) | time=42.7s
[Epoch 130/150] loss=0.051207 | best=0.050701 (epoch 126) | time=42.1s
[Epoch 131/150] loss=0.049994 | best=0.049994 (epoch 131) | time=47.4s
[Epoch 132/150] loss=0.053912 | best=0.049994 (epoch 131) | time=36.9s
[Epoch 133/150] loss=0.049882 | best=0.049882 (epoch 133) | time=43.2s
[Epoch 134/150] loss=0.050692 | best=0.049882 (epoch 133) | time=37.8s
[Epoch 135/150] loss=0.049908 | best=0.049882 (epoch 133) | time=36.8s
[Epoch 136/150] loss=0.047905 | best=0.047905 (epoch 136) | time=41.2s
[Epoch 137/150] loss=0.048856 | best=0.047905 (epoch 136) | time=40.1s
[Epoch 138/150] loss=0.047132 | best=0.047132 (epoch 138) | time=55.8s
[Epoch 139/150] loss=0.053938 | best=0.047132 (epoch 138) | time=41.4s
[Epoch 140/150] loss=0.054094 | best=0.047132 (epoch 138) | time=39.7s
[Epoch 141/150] loss=0.050319 | best=0.047132 (epoch 138) | time=39.2s
[Epoch 142/150] loss=0.049792 | best=0.047132 (epoch 138) | time=36.9s
[Epoch 143/150] loss=0.046956 | best=0.046956 (epoch 143) | time=39.3s
[Epoch 144/150] loss=0.048402 | best=0.046956 (epoch 143) | time=40.4s
[Epoch 145/150] loss=0.047821 | best=0.046956 (epoch 143) | time=36.4s
[Epoch 146/150] loss=0.047183 | best=0.046956 (epoch 143) | time=36.9s
[Epoch 147/150] loss=0.045547 | best=0.045547 (epoch 147) | time=40.5s
[Epoch 148/150] loss=0.048188 | best=0.045547 (epoch 147) | time=38.7s
[Epoch 149/150] loss=0.045945 | best=0.045547 (epoch 147) | time=36.9s
[Epoch 150/150] loss=0.045821 | best=0.045547 (epoch 147) | time=39.6s
[DONE] training finished in 183.27 min
[DONE] best loss = 0.045547 at epoch 147
/home/ted1204/MS_Detection/src/training/trainer_finetune.py:186: FutureWarning: You are using `torch.load` with `weights_only=False` (the current default value), which uses the default pickle module implicitly. It is possible to construct malicious pickle data which will execute arbitrary code during unpickling (See https://github.com/pytorch/pytorch/blob/main/SECURITY.md#untrusted-models for more details). In a future release, the default value for `weights_only` will be flipped to `True`. This limits the functions that could be executed during unpickling. Arbitrary objects will no longer be allowed to be loaded via this mode unless they are explicitly allowlisted by the user via `torch.serialization.add_safe_globals`. We recommend you start setting `weights_only=True` for any use case where you don't have full control of the loaded file. Please open an issue on GitHub for any issues related to this experimental feature.
  ckpt = torch.load(encoder_ckpt_path, map_location="cpu")
[INFO] device: cuda
[INFO] visible GPUs: 0
[INFO] device: cuda
[INFO] save_dir: runs/hpo_stage1c_reconst/finetune/pohang_hpo3_reconst_L6_D256_BP5_60
[INFO] model params: 6,552,801
[DEBUG] pretrained_encoder_path = runs/hpo_stage1c_reconst/pretrain/pohang_hpo3_reconst_L6_D256_BP5_60/best_encoder.pt
[INFO] loaded encoder weights from: runs/hpo_stage1c_reconst/pretrain/pohang_hpo3_reconst_L6_D256_BP5_60/best_encoder.pt
[INFO] encoder load missing keys   : 0
[INFO] encoder load unexpected keys: 0
[INFO] center_c shape: (256,)
[Epoch 001/100] train_loss=0.969158 | val_loss=1.119301 | val_acc=0.5779 | best_metric=0.5779 (epoch 1) | time=10.4s
[Epoch 002/100] train_loss=0.776074 | val_loss=0.918860 | val_acc=0.5709 | best_metric=0.5779 (epoch 1) | time=10.4s
[Epoch 003/100] train_loss=0.713954 | val_loss=0.753325 | val_acc=0.7301 | best_metric=0.7301 (epoch 3) | time=11.5s
[Epoch 004/100] train_loss=0.663953 | val_loss=0.679721 | val_acc=0.7509 | best_metric=0.7509 (epoch 4) | time=11.8s
[Epoch 005/100] train_loss=0.618321 | val_loss=0.596873 | val_acc=0.7993 | best_metric=0.7993 (epoch 5) | time=13.7s
[Epoch 006/100] train_loss=0.563242 | val_loss=1.154581 | val_acc=0.7301 | best_metric=0.7993 (epoch 5) | time=10.8s
[Epoch 007/100] train_loss=0.523772 | val_loss=0.499278 | val_acc=0.8201 | best_metric=0.8201 (epoch 7) | time=11.5s
[Epoch 008/100] train_loss=0.541511 | val_loss=0.468684 | val_acc=0.8651 | best_metric=0.8651 (epoch 8) | time=12.2s
[Epoch 009/100] train_loss=0.512418 | val_loss=0.450795 | val_acc=0.8997 | best_metric=0.8997 (epoch 9) | time=15.8s
[Epoch 010/100] train_loss=0.467083 | val_loss=0.462907 | val_acc=0.8720 | best_metric=0.8997 (epoch 9) | time=11.2s
[Epoch 011/100] train_loss=0.453303 | val_loss=0.676493 | val_acc=0.6955 | best_metric=0.8997 (epoch 9) | time=10.9s
[Epoch 012/100] train_loss=0.409184 | val_loss=0.402184 | val_acc=0.9100 | best_metric=0.9100 (epoch 12) | time=11.1s
[Epoch 013/100] train_loss=0.411246 | val_loss=0.405645 | val_acc=0.8893 | best_metric=0.9100 (epoch 12) | time=11.2s
[Epoch 014/100] train_loss=0.401264 | val_loss=0.425776 | val_acc=0.8754 | best_metric=0.9100 (epoch 12) | time=10.6s
[Epoch 015/100] train_loss=0.395507 | val_loss=0.555762 | val_acc=0.8547 | best_metric=0.9100 (epoch 12) | time=11.1s
[Epoch 016/100] train_loss=0.379773 | val_loss=0.445712 | val_acc=0.9100 | best_metric=0.9100 (epoch 12) | time=10.0s
[Epoch 017/100] train_loss=0.356520 | val_loss=0.363295 | val_acc=0.9516 | best_metric=0.9516 (epoch 17) | time=14.7s
[Epoch 018/100] train_loss=0.350874 | val_loss=0.595161 | val_acc=0.7405 | best_metric=0.9516 (epoch 17) | time=11.0s
[Epoch 019/100] train_loss=0.313381 | val_loss=0.450162 | val_acc=0.8651 | best_metric=0.9516 (epoch 17) | time=11.5s
[Epoch 020/100] train_loss=0.340972 | val_loss=0.403712 | val_acc=0.8824 | best_metric=0.9516 (epoch 17) | time=11.5s
[Epoch 021/100] train_loss=0.286261 | val_loss=0.582311 | val_acc=0.7855 | best_metric=0.9516 (epoch 17) | time=11.4s
[Epoch 022/100] train_loss=0.296492 | val_loss=0.325065 | val_acc=0.9377 | best_metric=0.9516 (epoch 17) | time=11.3s
[Epoch 023/100] train_loss=0.288602 | val_loss=0.357302 | val_acc=0.9239 | best_metric=0.9516 (epoch 17) | time=12.0s
[Epoch 024/100] train_loss=0.258111 | val_loss=0.592734 | val_acc=0.7612 | best_metric=0.9516 (epoch 17) | time=10.9s
[Epoch 025/100] train_loss=0.229765 | val_loss=0.344071 | val_acc=0.9066 | best_metric=0.9516 (epoch 17) | time=11.0s
[Epoch 026/100] train_loss=0.252469 | val_loss=0.358980 | val_acc=0.9308 | best_metric=0.9516 (epoch 17) | time=11.1s
[Epoch 027/100] train_loss=0.227625 | val_loss=0.504227 | val_acc=0.8270 | best_metric=0.9516 (epoch 17) | time=11.4s
[Epoch 028/100] train_loss=0.219657 | val_loss=0.384355 | val_acc=0.8824 | best_metric=0.9516 (epoch 17) | time=11.3s
[Epoch 029/100] train_loss=0.216075 | val_loss=0.916092 | val_acc=0.6747 | best_metric=0.9516 (epoch 17) | time=12.3s
[Epoch 030/100] train_loss=0.179261 | val_loss=0.383781 | val_acc=0.8962 | best_metric=0.9516 (epoch 17) | time=10.9s
[Epoch 031/100] train_loss=0.210535 | val_loss=0.304516 | val_acc=0.9481 | best_metric=0.9516 (epoch 17) | time=11.7s
[Epoch 032/100] train_loss=0.196523 | val_loss=0.288527 | val_acc=0.9412 | best_metric=0.9516 (epoch 17) | time=10.7s
[Epoch 033/100] train_loss=0.181442 | val_loss=0.308955 | val_acc=0.9343 | best_metric=0.9516 (epoch 17) | time=11.9s
[Epoch 034/100] train_loss=0.221392 | val_loss=0.414766 | val_acc=0.9273 | best_metric=0.9516 (epoch 17) | time=11.0s
[Epoch 035/100] train_loss=0.187391 | val_loss=0.293829 | val_acc=0.9412 | best_metric=0.9516 (epoch 17) | time=11.1s
[Epoch 036/100] train_loss=0.183989 | val_loss=0.437138 | val_acc=0.8651 | best_metric=0.9516 (epoch 17) | time=10.9s
[Epoch 037/100] train_loss=0.153058 | val_loss=0.290674 | val_acc=0.9412 | best_metric=0.9516 (epoch 17) | time=12.4s
[Epoch 038/100] train_loss=0.137585 | val_loss=0.294302 | val_acc=0.9343 | best_metric=0.9516 (epoch 17) | time=11.5s
[Epoch 039/100] train_loss=0.136474 | val_loss=0.287384 | val_acc=0.9481 | best_metric=0.9516 (epoch 17) | time=11.5s
[Epoch 040/100] train_loss=0.155229 | val_loss=0.364120 | val_acc=0.9170 | best_metric=0.9516 (epoch 17) | time=11.9s
[Epoch 041/100] train_loss=0.137117 | val_loss=0.630106 | val_acc=0.7889 | best_metric=0.9516 (epoch 17) | time=12.3s
[Epoch 042/100] train_loss=0.148451 | val_loss=0.439481 | val_acc=0.9100 | best_metric=0.9516 (epoch 17) | time=11.7s
[Epoch 043/100] train_loss=0.147038 | val_loss=0.466407 | val_acc=0.8408 | best_metric=0.9516 (epoch 17) | time=11.2s
[Epoch 044/100] train_loss=0.124665 | val_loss=0.740473 | val_acc=0.7509 | best_metric=0.9516 (epoch 17) | time=11.7s
[Epoch 045/100] train_loss=0.119292 | val_loss=0.692633 | val_acc=0.7682 | best_metric=0.9516 (epoch 17) | time=11.1s
[Epoch 046/100] train_loss=0.103976 | val_loss=0.276985 | val_acc=0.9446 | best_metric=0.9516 (epoch 17) | time=12.5s
[Epoch 047/100] train_loss=0.115449 | val_loss=0.337208 | val_acc=0.9343 | best_metric=0.9516 (epoch 17) | time=11.4s
[Epoch 048/100] train_loss=0.111382 | val_loss=0.322295 | val_acc=0.9273 | best_metric=0.9516 (epoch 17) | time=12.1s
[Epoch 049/100] train_loss=0.118292 | val_loss=0.705149 | val_acc=0.7751 | best_metric=0.9516 (epoch 17) | time=10.4s
[Epoch 050/100] train_loss=0.122538 | val_loss=0.328729 | val_acc=0.8997 | best_metric=0.9516 (epoch 17) | time=11.2s
[Epoch 051/100] train_loss=0.100630 | val_loss=0.295785 | val_acc=0.9239 | best_metric=0.9516 (epoch 17) | time=10.9s
[Epoch 052/100] train_loss=0.084174 | val_loss=0.434577 | val_acc=0.8789 | best_metric=0.9516 (epoch 17) | time=10.7s
[Epoch 053/100] train_loss=0.113634 | val_loss=0.321913 | val_acc=0.9100 | best_metric=0.9516 (epoch 17) | time=10.1s
[Epoch 054/100] train_loss=0.082576 | val_loss=0.286143 | val_acc=0.9308 | best_metric=0.9516 (epoch 17) | time=10.0s
[Epoch 055/100] train_loss=0.084445 | val_loss=0.560589 | val_acc=0.8616 | best_metric=0.9516 (epoch 17) | time=10.7s
[Epoch 056/100] train_loss=0.076286 | val_loss=0.282862 | val_acc=0.9377 | best_metric=0.9516 (epoch 17) | time=11.7s
[Epoch 057/100] train_loss=0.100759 | val_loss=0.415854 | val_acc=0.8927 | best_metric=0.9516 (epoch 17) | time=10.7s
[Epoch 058/100] train_loss=0.095011 | val_loss=0.388058 | val_acc=0.9066 | best_metric=0.9516 (epoch 17) | time=10.8s
[Epoch 059/100] train_loss=0.071149 | val_loss=0.316377 | val_acc=0.9273 | best_metric=0.9516 (epoch 17) | time=11.2s
[Epoch 060/100] train_loss=0.099165 | val_loss=0.275743 | val_acc=0.9377 | best_metric=0.9516 (epoch 17) | time=11.4s
[Epoch 061/100] train_loss=0.097002 | val_loss=0.395762 | val_acc=0.9031 | best_metric=0.9516 (epoch 17) | time=11.8s
[Epoch 062/100] train_loss=0.075779 | val_loss=0.331817 | val_acc=0.9239 | best_metric=0.9516 (epoch 17) | time=11.1s
[Epoch 063/100] train_loss=0.050486 | val_loss=0.279394 | val_acc=0.9308 | best_metric=0.9516 (epoch 17) | time=11.3s
[Epoch 064/100] train_loss=0.055709 | val_loss=0.379670 | val_acc=0.9031 | best_metric=0.9516 (epoch 17) | time=11.6s
[Epoch 065/100] train_loss=0.097872 | val_loss=0.489606 | val_acc=0.8547 | best_metric=0.9516 (epoch 17) | time=10.9s
[Epoch 066/100] train_loss=0.065040 | val_loss=0.277396 | val_acc=0.9377 | best_metric=0.9516 (epoch 17) | time=11.4s
[Epoch 067/100] train_loss=0.083412 | val_loss=0.390928 | val_acc=0.9100 | best_metric=0.9516 (epoch 17) | time=11.4s
[Epoch 068/100] train_loss=0.064777 | val_loss=0.327858 | val_acc=0.9273 | best_metric=0.9516 (epoch 17) | time=12.9s
[Epoch 069/100] train_loss=0.060706 | val_loss=0.288757 | val_acc=0.9343 | best_metric=0.9516 (epoch 17) | time=11.1s
[Epoch 070/100] train_loss=0.058378 | val_loss=0.330003 | val_acc=0.9273 | best_metric=0.9516 (epoch 17) | time=10.7s
[Epoch 071/100] train_loss=0.060692 | val_loss=0.399339 | val_acc=0.9031 | best_metric=0.9516 (epoch 17) | time=11.0s
[Epoch 072/100] train_loss=0.046650 | val_loss=0.326478 | val_acc=0.9273 | best_metric=0.9516 (epoch 17) | time=12.5s
[Epoch 073/100] train_loss=0.058124 | val_loss=0.306753 | val_acc=0.9170 | best_metric=0.9516 (epoch 17) | time=10.7s
[Epoch 074/100] train_loss=0.062714 | val_loss=0.395631 | val_acc=0.8962 | best_metric=0.9516 (epoch 17) | time=11.6s
[Epoch 075/100] train_loss=0.057610 | val_loss=0.261430 | val_acc=0.9412 | best_metric=0.9516 (epoch 17) | time=12.3s
[Epoch 076/100] train_loss=0.057563 | val_loss=0.582575 | val_acc=0.8339 | best_metric=0.9516 (epoch 17) | time=12.3s
[Epoch 077/100] train_loss=0.096311 | val_loss=0.429540 | val_acc=0.8962 | best_metric=0.9516 (epoch 17) | time=11.0s
[Epoch 078/100] train_loss=0.055915 | val_loss=0.309737 | val_acc=0.9273 | best_metric=0.9516 (epoch 17) | time=10.5s
[Epoch 079/100] train_loss=0.047716 | val_loss=0.468405 | val_acc=0.8754 | best_metric=0.9516 (epoch 17) | time=12.2s
[Epoch 080/100] train_loss=0.076063 | val_loss=0.318870 | val_acc=0.9273 | best_metric=0.9516 (epoch 17) | time=10.6s
[Epoch 081/100] train_loss=0.050972 | val_loss=0.279560 | val_acc=0.9343 | best_metric=0.9516 (epoch 17) | time=11.1s
[Epoch 082/100] train_loss=0.036644 | val_loss=0.464476 | val_acc=0.8651 | best_metric=0.9516 (epoch 17) | time=10.9s
[Epoch 083/100] train_loss=0.038384 | val_loss=0.360480 | val_acc=0.9135 | best_metric=0.9516 (epoch 17) | time=11.1s
[Epoch 084/100] train_loss=0.046330 | val_loss=0.383933 | val_acc=0.9170 | best_metric=0.9516 (epoch 17) | time=10.3s
[Epoch 085/100] train_loss=0.065663 | val_loss=0.329254 | val_acc=0.9239 | best_metric=0.9516 (epoch 17) | time=11.2s
[Epoch 086/100] train_loss=0.049673 | val_loss=0.363877 | val_acc=0.9135 | best_metric=0.9516 (epoch 17) | time=11.4s
[Epoch 087/100] train_loss=0.051483 | val_loss=0.558022 | val_acc=0.8478 | best_metric=0.9516 (epoch 17) | time=10.6s
[Epoch 088/100] train_loss=0.052405 | val_loss=0.559703 | val_acc=0.8374 | best_metric=0.9516 (epoch 17) | time=10.6s
[Epoch 089/100] train_loss=0.051994 | val_loss=0.373988 | val_acc=0.9135 | best_metric=0.9516 (epoch 17) | time=11.6s
[Epoch 090/100] train_loss=0.056271 | val_loss=0.268914 | val_acc=0.9412 | best_metric=0.9516 (epoch 17) | time=10.8s
[Epoch 091/100] train_loss=0.052514 | val_loss=0.411406 | val_acc=0.9135 | best_metric=0.9516 (epoch 17) | time=11.8s
[Epoch 092/100] train_loss=0.050328 | val_loss=0.315518 | val_acc=0.9170 | best_metric=0.9516 (epoch 17) | time=10.5s
[Epoch 093/100] train_loss=0.049142 | val_loss=0.273759 | val_acc=0.9308 | best_metric=0.9516 (epoch 17) | time=10.3s
[Epoch 094/100] train_loss=0.030433 | val_loss=0.296011 | val_acc=0.9273 | best_metric=0.9516 (epoch 17) | time=10.4s
[Epoch 095/100] train_loss=0.043816 | val_loss=0.319991 | val_acc=0.9204 | best_metric=0.9516 (epoch 17) | time=11.9s
[Epoch 096/100] train_loss=0.061741 | val_loss=0.275277 | val_acc=0.9204 | best_metric=0.9516 (epoch 17) | time=10.8s
[Epoch 097/100] train_loss=0.047042 | val_loss=0.327997 | val_acc=0.9239 | best_metric=0.9516 (epoch 17) | time=11.4s
[Epoch 098/100] train_loss=0.057065 | val_loss=0.615722 | val_acc=0.8374 | best_metric=0.9516 (epoch 17) | time=10.4s
[Epoch 099/100] train_loss=0.047300 | val_loss=0.418920 | val_acc=0.9066 | best_metric=0.9516 (epoch 17) | time=10.9s
[Epoch 100/100] train_loss=0.035090 | val_loss=0.355502 | val_acc=0.9100 | best_metric=0.9516 (epoch 17) | time=10.8s
[DONE] finetune finished in 18.88 min
[DONE] best metric = 0.951557 at epoch 17
/home/ted1204/MS_Detection/src/training/trainer_test.py:469: FutureWarning: You are using `torch.load` with `weights_only=False` (the current default value), which uses the default pickle module implicitly. It is possible to construct malicious pickle data which will execute arbitrary code during unpickling (See https://github.com/pytorch/pytorch/blob/main/SECURITY.md#untrusted-models for more details). In a future release, the default value for `weights_only` will be flipped to `True`. This limits the functions that could be executed during unpickling. Arbitrary objects will no longer be allowed to be loaded via this mode unless they are explicitly allowlisted by the user via `torch.serialization.add_safe_globals`. We recommend you start setting `weights_only=True` for any use case where you don't have full control of the loaded file. Please open an issue on GitHub for any issues related to this experimental feature.
  ckpt = torch.load(ckpt_path, map_location="cpu")
[INFO] device: cuda
[INFO] visible GPUs: 0
[INFO] device: cuda
[INFO] save_dir: runs/hpo_stage1c_reconst/test/pohang_hpo3_reconst_L6_D256_BP5_60
[INFO] loaded finetuned model from: runs/hpo_stage1c_reconst/finetune/pohang_hpo3_reconst_L6_D256_BP5_60/best.pt
[INFO] load missing keys   : 0
[INFO] load unexpected keys: 0
[INFO] saved val predictions: runs/hpo_stage1c_reconst/test/pohang_hpo3_reconst_L6_D256_BP5_60/val_predictions.csv
[INFO] saved val threshold summary: runs/hpo_stage1c_reconst/test/pohang_hpo3_reconst_L6_D256_BP5_60/val_threshold_summary.json
[INFO] selected threshold from val: 3.484270
[INFO] saved test predictions: runs/hpo_stage1c_reconst/test/pohang_hpo3_reconst_L6_D256_BP5_60/test_predictions.csv
[INFO] saved test metrics    : runs/hpo_stage1c_reconst/test/pohang_hpo3_reconst_L6_D256_BP5_60/test_metrics_fixed_threshold.json
{
  "acc": 0.8027210884353742,
  "precision": 0.8901098901098901,
  "recall": 0.627906976744186,
  "f1": 0.7363636363636363,
  "tp": 81,
  "tn": 155,
  "fp": 10,
  "fn": 48,
  "threshold": 3.484269618988037
}
[WARN] json not found: runs/hpo_stage1c_reconst/test/pohang_hpo3_reconst_L6_D256_BP5_60/metrics.json
[DONE] pred_csv : runs/hpo_stage1c_reconst/test/pohang_hpo3_reconst_L6_D256_BP5_60/test_predictions.csv
[DONE] out_dir  : runs/hpo_stage1c_reconst/test/pohang_hpo3_reconst_L6_D256_BP5_60/analysis
[DONE] run_hpo3_reconst.sh finished.
[WORKER-5] finished cfg=config/base_hpo3_reconst_14.yaml status=0
