[INFO] CUDA_VISIBLE_DEVICES=8
[INFO] MODE=full
[INFO] BASE_CFG=config/base_hpo3_reconst_06.yaml
[INFO] device: cuda
[INFO] visible GPUs: 0
[INFO] device: cuda
[INFO] pretrain mode: reconstruction
[INFO] save_dir: runs/hpo_stage1c_reconst/pretrain/pohang_hpo3_reconst_L5_D256_BP5_80
[INFO] model params: 6,577,345
Traceback (most recent call last):
  File "/home/ted1204/MS_Detection/src/training/trainer_pretrain.py", line 419, in <module>
    main()
  File "/home/ted1204/MS_Detection/src/training/trainer_pretrain.py", line 383, in main
    metrics = train_one_epoch_reconstruction(
  File "/home/ted1204/MS_Detection/src/training/trainer_pretrain.py", line 229, in train_one_epoch_reconstruction
    out = model(x)
  File "/home/ted1204/.conda/envs/ms_detection/lib/python3.10/site-packages/torch/nn/modules/module.py", line 1553, in _wrapped_call_impl
    return self._call_impl(*args, **kwargs)
  File "/home/ted1204/.conda/envs/ms_detection/lib/python3.10/site-packages/torch/nn/modules/module.py", line 1562, in _call_impl
    return forward_call(*args, **kwargs)
  File "/home/ted1204/MS_Detection/src/models/pretrain_reconstruction.py", line 290, in forward
    x_hat = self.decoder(feat, output_size=x.shape)
  File "/home/ted1204/.conda/envs/ms_detection/lib/python3.10/site-packages/torch/nn/modules/module.py", line 1553, in _wrapped_call_impl
    return self._call_impl(*args, **kwargs)
  File "/home/ted1204/.conda/envs/ms_detection/lib/python3.10/site-packages/torch/nn/modules/module.py", line 1562, in _call_impl
    return forward_call(*args, **kwargs)
  File "/home/ted1204/MS_Detection/src/models/pretrain_reconstruction.py", line 257, in forward
    x_hat = self.decoder(feat)
  File "/home/ted1204/.conda/envs/ms_detection/lib/python3.10/site-packages/torch/nn/modules/module.py", line 1553, in _wrapped_call_impl
    return self._call_impl(*args, **kwargs)
  File "/home/ted1204/.conda/envs/ms_detection/lib/python3.10/site-packages/torch/nn/modules/module.py", line 1562, in _call_impl
    return forward_call(*args, **kwargs)
  File "/home/ted1204/.conda/envs/ms_detection/lib/python3.10/site-packages/torch/nn/modules/container.py", line 219, in forward
    input = module(input)
  File "/home/ted1204/.conda/envs/ms_detection/lib/python3.10/site-packages/torch/nn/modules/module.py", line 1553, in _wrapped_call_impl
    return self._call_impl(*args, **kwargs)
  File "/home/ted1204/.conda/envs/ms_detection/lib/python3.10/site-packages/torch/nn/modules/module.py", line 1562, in _call_impl
    return forward_call(*args, **kwargs)
  File "/home/ted1204/MS_Detection/src/models/pretrain_reconstruction.py", line 144, in forward
    return self.block(x)
  File "/home/ted1204/.conda/envs/ms_detection/lib/python3.10/site-packages/torch/nn/modules/module.py", line 1553, in _wrapped_call_impl
    return self._call_impl(*args, **kwargs)
  File "/home/ted1204/.conda/envs/ms_detection/lib/python3.10/site-packages/torch/nn/modules/module.py", line 1562, in _call_impl
    return forward_call(*args, **kwargs)
  File "/home/ted1204/.conda/envs/ms_detection/lib/python3.10/site-packages/torch/nn/modules/container.py", line 219, in forward
    input = module(input)
  File "/home/ted1204/.conda/envs/ms_detection/lib/python3.10/site-packages/torch/nn/modules/module.py", line 1553, in _wrapped_call_impl
    return self._call_impl(*args, **kwargs)
  File "/home/ted1204/.conda/envs/ms_detection/lib/python3.10/site-packages/torch/nn/modules/module.py", line 1562, in _call_impl
    return forward_call(*args, **kwargs)
  File "/home/ted1204/.conda/envs/ms_detection/lib/python3.10/site-packages/torch/nn/modules/conv.py", line 948, in forward
    return F.conv_transpose2d(
torch.OutOfMemoryError: CUDA out of memory. Tried to allocate 832.00 MiB. GPU 0 has a total capacity of 23.69 GiB of which 228.94 MiB is free. Process 52979 has 15.08 GiB memory in use. Including non-PyTorch memory, this process has 8.38 GiB memory in use. Of the allocated memory 6.20 GiB is allocated by PyTorch, and 811.50 MiB is reserved by PyTorch but unallocated. If reserved but unallocated memory is large try setting PYTORCH_CUDA_ALLOC_CONF=expandable_segments:True to avoid fragmentation.  See documentation for Memory Management  (https://pytorch.org/docs/stable/notes/cuda.html#environment-variables)
============================================================
[START] 2026-03-19 12:02:30 worker=5 gpu=6 cfg=config/base_hpo3_reconst_06.yaml mode=full
============================================================
[INFO] CUDA_VISIBLE_DEVICES=6
[INFO] MODE=full
[INFO] BASE_CFG=config/base_hpo3_reconst_06.yaml
[INFO] device: cuda
[INFO] visible GPUs: 0
[INFO] device: cuda
[INFO] pretrain mode: reconstruction
[INFO] save_dir: runs/hpo_stage1c_reconst/pretrain/pohang_hpo3_reconst_L5_D256_BP5_80
[INFO] model params: 6,577,345
[Epoch 001/150] loss=5.503275 | best=5.503275 (epoch 1) | time=41.0s
[Epoch 002/150] loss=2.253509 | best=2.253509 (epoch 2) | time=39.7s
[Epoch 003/150] loss=1.469896 | best=1.469896 (epoch 3) | time=47.7s
[Epoch 004/150] loss=0.802620 | best=0.802620 (epoch 4) | time=40.1s
[Epoch 005/150] loss=0.505292 | best=0.505292 (epoch 5) | time=40.0s
[Epoch 006/150] loss=0.380780 | best=0.380780 (epoch 6) | time=38.7s
[Epoch 007/150] loss=0.323238 | best=0.323238 (epoch 7) | time=38.9s
[Epoch 008/150] loss=0.284491 | best=0.284491 (epoch 8) | time=38.6s
[Epoch 009/150] loss=0.259974 | best=0.259974 (epoch 9) | time=38.6s
[Epoch 010/150] loss=0.249869 | best=0.249869 (epoch 10) | time=38.5s
[Epoch 011/150] loss=0.237406 | best=0.237406 (epoch 11) | time=38.7s
[Epoch 012/150] loss=0.226912 | best=0.226912 (epoch 12) | time=37.7s
[Epoch 013/150] loss=0.215577 | best=0.215577 (epoch 13) | time=39.4s
[Epoch 014/150] loss=0.208002 | best=0.208002 (epoch 14) | time=39.7s
[Epoch 015/150] loss=0.201532 | best=0.201532 (epoch 15) | time=37.8s
[Epoch 016/150] loss=0.190875 | best=0.190875 (epoch 16) | time=38.1s
[Epoch 017/150] loss=0.175802 | best=0.175802 (epoch 17) | time=39.0s
[Epoch 018/150] loss=0.164526 | best=0.164526 (epoch 18) | time=38.7s
[Epoch 019/150] loss=0.157216 | best=0.157216 (epoch 19) | time=37.1s
[Epoch 020/150] loss=0.155899 | best=0.155899 (epoch 20) | time=40.1s
[Epoch 021/150] loss=0.151319 | best=0.151319 (epoch 21) | time=38.9s
[Epoch 022/150] loss=0.144357 | best=0.144357 (epoch 22) | time=39.0s
[Epoch 023/150] loss=0.133476 | best=0.133476 (epoch 23) | time=37.8s
[Epoch 024/150] loss=0.125694 | best=0.125694 (epoch 24) | time=38.9s
[Epoch 025/150] loss=0.121514 | best=0.121514 (epoch 25) | time=38.7s
[Epoch 026/150] loss=0.110668 | best=0.110668 (epoch 26) | time=38.3s
[Epoch 027/150] loss=0.101664 | best=0.101664 (epoch 27) | time=38.3s
[Epoch 028/150] loss=0.103017 | best=0.101664 (epoch 27) | time=36.8s
[Epoch 029/150] loss=0.093008 | best=0.093008 (epoch 29) | time=38.5s
[Epoch 030/150] loss=0.088420 | best=0.088420 (epoch 30) | time=42.4s
[Epoch 031/150] loss=0.087616 | best=0.087616 (epoch 31) | time=39.1s
[Epoch 032/150] loss=0.080212 | best=0.080212 (epoch 32) | time=38.8s
[Epoch 033/150] loss=0.078651 | best=0.078651 (epoch 33) | time=38.5s
[Epoch 034/150] loss=0.076655 | best=0.076655 (epoch 34) | time=38.4s
[Epoch 035/150] loss=0.068425 | best=0.068425 (epoch 35) | time=39.8s
[Epoch 036/150] loss=0.066875 | best=0.066875 (epoch 36) | time=39.4s
[Epoch 037/150] loss=0.063900 | best=0.063900 (epoch 37) | time=38.5s
[Epoch 038/150] loss=0.060705 | best=0.060705 (epoch 38) | time=38.7s
[Epoch 039/150] loss=0.060402 | best=0.060402 (epoch 39) | time=41.9s
[Epoch 040/150] loss=0.055811 | best=0.055811 (epoch 40) | time=49.5s
[Epoch 041/150] loss=0.052755 | best=0.052755 (epoch 41) | time=40.0s
[Epoch 042/150] loss=0.051477 | best=0.051477 (epoch 42) | time=39.2s
[Epoch 043/150] loss=0.053060 | best=0.051477 (epoch 42) | time=38.7s
[Epoch 044/150] loss=0.053034 | best=0.051477 (epoch 42) | time=39.1s
[Epoch 045/150] loss=0.049357 | best=0.049357 (epoch 45) | time=39.7s
[Epoch 046/150] loss=0.049388 | best=0.049357 (epoch 45) | time=39.5s
[Epoch 047/150] loss=0.044398 | best=0.044398 (epoch 47) | time=40.1s
[Epoch 048/150] loss=0.042692 | best=0.042692 (epoch 48) | time=38.0s
[Epoch 049/150] loss=0.047833 | best=0.042692 (epoch 48) | time=38.6s
[Epoch 050/150] loss=0.041637 | best=0.041637 (epoch 50) | time=38.6s
[Epoch 051/150] loss=0.042160 | best=0.041637 (epoch 50) | time=39.8s
[Epoch 052/150] loss=0.038469 | best=0.038469 (epoch 52) | time=39.4s
[Epoch 053/150] loss=0.038872 | best=0.038469 (epoch 52) | time=38.8s
[Epoch 054/150] loss=0.037508 | best=0.037508 (epoch 54) | time=40.9s
[Epoch 055/150] loss=0.034094 | best=0.034094 (epoch 55) | time=39.5s
[Epoch 056/150] loss=0.039788 | best=0.034094 (epoch 55) | time=39.1s
[Epoch 057/150] loss=0.033511 | best=0.033511 (epoch 57) | time=39.0s
[Epoch 058/150] loss=0.037752 | best=0.033511 (epoch 57) | time=38.7s
[Epoch 059/150] loss=0.032716 | best=0.032716 (epoch 59) | time=39.4s
[Epoch 060/150] loss=0.030070 | best=0.030070 (epoch 60) | time=40.4s
[Epoch 061/150] loss=0.031734 | best=0.030070 (epoch 60) | time=40.3s
[Epoch 062/150] loss=0.032984 | best=0.030070 (epoch 60) | time=38.3s
[Epoch 063/150] loss=0.031276 | best=0.030070 (epoch 60) | time=38.5s
[Epoch 064/150] loss=0.030969 | best=0.030070 (epoch 60) | time=39.2s
[Epoch 065/150] loss=0.029933 | best=0.029933 (epoch 65) | time=40.7s
[Epoch 066/150] loss=0.031361 | best=0.029933 (epoch 65) | time=39.0s
[Epoch 067/150] loss=0.029115 | best=0.029115 (epoch 67) | time=39.0s
[Epoch 068/150] loss=0.031533 | best=0.029115 (epoch 67) | time=38.8s
[Epoch 069/150] loss=0.031468 | best=0.029115 (epoch 67) | time=40.4s
[Epoch 070/150] loss=0.027625 | best=0.027625 (epoch 70) | time=40.3s
[Epoch 071/150] loss=0.026777 | best=0.026777 (epoch 71) | time=39.9s
[Epoch 072/150] loss=0.027939 | best=0.026777 (epoch 71) | time=38.3s
[Epoch 073/150] loss=0.030737 | best=0.026777 (epoch 71) | time=39.9s
[Epoch 074/150] loss=0.027704 | best=0.026777 (epoch 71) | time=41.4s
[Epoch 075/150] loss=0.026395 | best=0.026395 (epoch 75) | time=39.5s
[Epoch 076/150] loss=0.026081 | best=0.026081 (epoch 76) | time=39.2s
[Epoch 077/150] loss=0.025094 | best=0.025094 (epoch 77) | time=38.8s
[Epoch 078/150] loss=0.025684 | best=0.025094 (epoch 77) | time=37.7s
[Epoch 079/150] loss=0.028888 | best=0.025094 (epoch 77) | time=38.2s
[Epoch 080/150] loss=0.023203 | best=0.023203 (epoch 80) | time=39.1s
[Epoch 081/150] loss=0.024835 | best=0.023203 (epoch 80) | time=38.2s
[Epoch 082/150] loss=0.023419 | best=0.023203 (epoch 80) | time=39.6s
[Epoch 083/150] loss=0.024279 | best=0.023203 (epoch 80) | time=41.4s
[Epoch 084/150] loss=0.021936 | best=0.021936 (epoch 84) | time=39.9s
[Epoch 085/150] loss=0.023325 | best=0.021936 (epoch 84) | time=38.9s
[Epoch 086/150] loss=0.024271 | best=0.021936 (epoch 84) | time=39.8s
[Epoch 087/150] loss=0.025052 | best=0.021936 (epoch 84) | time=40.2s
[Epoch 088/150] loss=0.023454 | best=0.021936 (epoch 84) | time=36.9s
[Epoch 089/150] loss=0.022978 | best=0.021936 (epoch 84) | time=37.9s
[Epoch 090/150] loss=0.023465 | best=0.021936 (epoch 84) | time=39.3s
[Epoch 091/150] loss=0.021818 | best=0.021818 (epoch 91) | time=43.1s
[Epoch 092/150] loss=0.022004 | best=0.021818 (epoch 91) | time=38.9s
[Epoch 093/150] loss=0.023002 | best=0.021818 (epoch 91) | time=38.7s
[Epoch 094/150] loss=0.023487 | best=0.021818 (epoch 91) | time=38.6s
[Epoch 095/150] loss=0.022099 | best=0.021818 (epoch 91) | time=37.8s
[Epoch 096/150] loss=0.018669 | best=0.018669 (epoch 96) | time=38.8s
[Epoch 097/150] loss=0.019680 | best=0.018669 (epoch 96) | time=38.4s
[Epoch 098/150] loss=0.021520 | best=0.018669 (epoch 96) | time=41.5s
[Epoch 099/150] loss=0.019170 | best=0.018669 (epoch 96) | time=41.2s
[Epoch 100/150] loss=0.022228 | best=0.018669 (epoch 96) | time=38.2s
[Epoch 101/150] loss=0.020693 | best=0.018669 (epoch 96) | time=39.1s
[Epoch 102/150] loss=0.023777 | best=0.018669 (epoch 96) | time=37.8s
[Epoch 103/150] loss=0.020550 | best=0.018669 (epoch 96) | time=38.9s
[Epoch 104/150] loss=0.020197 | best=0.018669 (epoch 96) | time=38.5s
[Epoch 105/150] loss=0.019261 | best=0.018669 (epoch 96) | time=38.8s
[Epoch 106/150] loss=0.017845 | best=0.017845 (epoch 106) | time=40.1s
[Epoch 107/150] loss=0.019180 | best=0.017845 (epoch 106) | time=39.6s
[Epoch 108/150] loss=0.020839 | best=0.017845 (epoch 106) | time=40.4s
[Epoch 109/150] loss=0.018491 | best=0.017845 (epoch 106) | time=38.3s
[Epoch 110/150] loss=0.018903 | best=0.017845 (epoch 106) | time=37.9s
[Epoch 111/150] loss=0.018771 | best=0.017845 (epoch 106) | time=38.9s
[Epoch 112/150] loss=0.018783 | best=0.017845 (epoch 106) | time=38.0s
[Epoch 113/150] loss=0.020436 | best=0.017845 (epoch 106) | time=38.0s
[Epoch 114/150] loss=0.016567 | best=0.016567 (epoch 114) | time=37.9s
[Epoch 115/150] loss=0.019724 | best=0.016567 (epoch 114) | time=38.1s
[Epoch 116/150] loss=0.017902 | best=0.016567 (epoch 114) | time=40.0s
[Epoch 117/150] loss=0.016606 | best=0.016567 (epoch 114) | time=40.0s
[Epoch 118/150] loss=0.018466 | best=0.016567 (epoch 114) | time=38.8s
[Epoch 119/150] loss=0.018049 | best=0.016567 (epoch 114) | time=39.0s
[Epoch 120/150] loss=0.020231 | best=0.016567 (epoch 114) | time=38.8s
[Epoch 121/150] loss=0.017861 | best=0.016567 (epoch 114) | time=38.5s
[Epoch 122/150] loss=0.017780 | best=0.016567 (epoch 114) | time=38.4s
[Epoch 123/150] loss=0.015871 | best=0.015871 (epoch 123) | time=39.2s
[Epoch 124/150] loss=0.017474 | best=0.015871 (epoch 123) | time=40.6s
[Epoch 125/150] loss=0.016912 | best=0.015871 (epoch 123) | time=38.8s
[Epoch 126/150] loss=0.016000 | best=0.015871 (epoch 123) | time=39.0s
[Epoch 127/150] loss=0.016514 | best=0.015871 (epoch 123) | time=37.9s
[Epoch 128/150] loss=0.014988 | best=0.014988 (epoch 128) | time=40.0s
[Epoch 129/150] loss=0.016894 | best=0.014988 (epoch 128) | time=38.3s
[Epoch 130/150] loss=0.017909 | best=0.014988 (epoch 128) | time=39.4s
[Epoch 131/150] loss=0.019451 | best=0.014988 (epoch 128) | time=37.9s
[Epoch 132/150] loss=0.015543 | best=0.014988 (epoch 128) | time=38.4s
[Epoch 133/150] loss=0.015270 | best=0.014988 (epoch 128) | time=41.1s
[Epoch 134/150] loss=0.014382 | best=0.014382 (epoch 134) | time=39.1s
[Epoch 135/150] loss=0.014883 | best=0.014382 (epoch 134) | time=39.5s
[Epoch 136/150] loss=0.015107 | best=0.014382 (epoch 134) | time=38.4s
[Epoch 137/150] loss=0.016153 | best=0.014382 (epoch 134) | time=38.7s
[Epoch 138/150] loss=0.014706 | best=0.014382 (epoch 134) | time=39.8s
[Epoch 139/150] loss=0.014692 | best=0.014382 (epoch 134) | time=38.4s
[Epoch 140/150] loss=0.015567 | best=0.014382 (epoch 134) | time=38.2s
[Epoch 141/150] loss=0.014856 | best=0.014382 (epoch 134) | time=39.4s
[Epoch 142/150] loss=0.013834 | best=0.013834 (epoch 142) | time=40.0s
[Epoch 143/150] loss=0.014430 | best=0.013834 (epoch 142) | time=38.3s
[Epoch 144/150] loss=0.013966 | best=0.013834 (epoch 142) | time=36.9s
[Epoch 145/150] loss=0.013828 | best=0.013828 (epoch 145) | time=38.0s
[Epoch 146/150] loss=0.014879 | best=0.013828 (epoch 145) | time=37.9s
[Epoch 147/150] loss=0.012659 | best=0.012659 (epoch 147) | time=37.7s
[Epoch 148/150] loss=0.013984 | best=0.012659 (epoch 147) | time=36.1s
[Epoch 149/150] loss=0.014850 | best=0.012659 (epoch 147) | time=35.7s
[Epoch 150/150] loss=0.015071 | best=0.012659 (epoch 147) | time=34.9s
[DONE] training finished in 97.83 min
[DONE] best loss = 0.012659 at epoch 147
/home/ted1204/MS_Detection/src/training/trainer_finetune.py:186: FutureWarning: You are using `torch.load` with `weights_only=False` (the current default value), which uses the default pickle module implicitly. It is possible to construct malicious pickle data which will execute arbitrary code during unpickling (See https://github.com/pytorch/pytorch/blob/main/SECURITY.md#untrusted-models for more details). In a future release, the default value for `weights_only` will be flipped to `True`. This limits the functions that could be executed during unpickling. Arbitrary objects will no longer be allowed to be loaded via this mode unless they are explicitly allowlisted by the user via `torch.serialization.add_safe_globals`. We recommend you start setting `weights_only=True` for any use case where you don't have full control of the loaded file. Please open an issue on GitHub for any issues related to this experimental feature.
  ckpt = torch.load(encoder_ckpt_path, map_location="cpu")
[INFO] device: cuda
[INFO] visible GPUs: 0
[INFO] device: cuda
[INFO] save_dir: runs/hpo_stage1c_reconst/finetune/pohang_hpo3_reconst_L5_D256_BP5_80
[INFO] model params: 1,701,089
[DEBUG] pretrained_encoder_path = runs/hpo_stage1c_reconst/pretrain/pohang_hpo3_reconst_L5_D256_BP5_80/best_encoder.pt
[INFO] loaded encoder weights from: runs/hpo_stage1c_reconst/pretrain/pohang_hpo3_reconst_L5_D256_BP5_80/best_encoder.pt
[INFO] encoder load missing keys   : 0
[INFO] encoder load unexpected keys: 0
[INFO] center_c shape: (256,)
[Epoch 001/100] train_loss=0.934814 | val_loss=1.251431 | val_acc=0.5709 | best_metric=0.5709 (epoch 1) | time=9.8s
[Epoch 002/100] train_loss=0.773075 | val_loss=0.798114 | val_acc=0.7370 | best_metric=0.7370 (epoch 2) | time=10.1s
[Epoch 003/100] train_loss=0.746303 | val_loss=0.708957 | val_acc=0.7405 | best_metric=0.7405 (epoch 3) | time=10.8s
[Epoch 004/100] train_loss=0.706015 | val_loss=0.729572 | val_acc=0.7128 | best_metric=0.7405 (epoch 3) | time=10.8s
[Epoch 005/100] train_loss=0.682258 | val_loss=0.668281 | val_acc=0.7612 | best_metric=0.7612 (epoch 5) | time=11.0s
[Epoch 006/100] train_loss=0.644968 | val_loss=0.545282 | val_acc=0.8651 | best_metric=0.8651 (epoch 6) | time=10.1s
[Epoch 007/100] train_loss=0.618109 | val_loss=0.587482 | val_acc=0.8062 | best_metric=0.8651 (epoch 6) | time=10.4s
[Epoch 008/100] train_loss=0.585862 | val_loss=0.514510 | val_acc=0.8512 | best_metric=0.8651 (epoch 6) | time=10.8s
[Epoch 009/100] train_loss=0.532498 | val_loss=0.477153 | val_acc=0.9066 | best_metric=0.9066 (epoch 9) | time=10.5s
[Epoch 010/100] train_loss=0.529136 | val_loss=0.543224 | val_acc=0.8062 | best_metric=0.9066 (epoch 9) | time=10.1s
[Epoch 011/100] train_loss=0.498070 | val_loss=0.568969 | val_acc=0.8304 | best_metric=0.9066 (epoch 9) | time=9.9s
[Epoch 012/100] train_loss=0.449108 | val_loss=0.448374 | val_acc=0.8927 | best_metric=0.9066 (epoch 9) | time=10.3s
[Epoch 013/100] train_loss=0.463203 | val_loss=0.376525 | val_acc=0.9204 | best_metric=0.9204 (epoch 13) | time=10.2s
[Epoch 014/100] train_loss=0.425908 | val_loss=0.471695 | val_acc=0.8927 | best_metric=0.9204 (epoch 13) | time=10.4s
[Epoch 015/100] train_loss=0.415446 | val_loss=0.445419 | val_acc=0.8685 | best_metric=0.9204 (epoch 13) | time=10.1s
[Epoch 016/100] train_loss=0.403847 | val_loss=0.636259 | val_acc=0.8304 | best_metric=0.9204 (epoch 13) | time=10.4s
[Epoch 017/100] train_loss=0.363982 | val_loss=0.391287 | val_acc=0.8927 | best_metric=0.9204 (epoch 13) | time=9.9s
[Epoch 018/100] train_loss=0.339364 | val_loss=0.821696 | val_acc=0.6332 | best_metric=0.9204 (epoch 13) | time=11.1s
[Epoch 019/100] train_loss=0.346092 | val_loss=0.342859 | val_acc=0.9066 | best_metric=0.9204 (epoch 13) | time=9.6s
[Epoch 020/100] train_loss=0.328040 | val_loss=0.310664 | val_acc=0.9516 | best_metric=0.9516 (epoch 20) | time=10.9s
[Epoch 021/100] train_loss=0.326600 | val_loss=0.295892 | val_acc=0.9516 | best_metric=0.9516 (epoch 20) | time=10.4s
[Epoch 022/100] train_loss=0.325056 | val_loss=0.663880 | val_acc=0.7093 | best_metric=0.9516 (epoch 20) | time=9.3s
[Epoch 023/100] train_loss=0.330257 | val_loss=0.360551 | val_acc=0.9066 | best_metric=0.9516 (epoch 20) | time=11.0s
[Epoch 024/100] train_loss=0.277899 | val_loss=0.311974 | val_acc=0.9204 | best_metric=0.9516 (epoch 20) | time=10.3s
[Epoch 025/100] train_loss=0.299820 | val_loss=1.584585 | val_acc=0.4394 | best_metric=0.9516 (epoch 20) | time=10.7s
[Epoch 026/100] train_loss=0.286118 | val_loss=2.771298 | val_acc=0.4291 | best_metric=0.9516 (epoch 20) | time=10.0s
[Epoch 027/100] train_loss=0.306505 | val_loss=1.151596 | val_acc=0.5467 | best_metric=0.9516 (epoch 20) | time=10.8s
[Epoch 028/100] train_loss=0.240303 | val_loss=0.316603 | val_acc=0.9239 | best_metric=0.9516 (epoch 20) | time=10.3s
[Epoch 029/100] train_loss=0.268639 | val_loss=0.251671 | val_acc=0.9619 | best_metric=0.9619 (epoch 29) | time=10.8s
[Epoch 030/100] train_loss=0.266528 | val_loss=1.164676 | val_acc=0.5329 | best_metric=0.9619 (epoch 29) | time=10.7s
[Epoch 031/100] train_loss=0.205446 | val_loss=0.476438 | val_acc=0.7958 | best_metric=0.9619 (epoch 29) | time=9.9s
[Epoch 032/100] train_loss=0.190901 | val_loss=0.304392 | val_acc=0.9100 | best_metric=0.9619 (epoch 29) | time=10.7s
[Epoch 033/100] train_loss=0.215743 | val_loss=0.412181 | val_acc=0.8270 | best_metric=0.9619 (epoch 29) | time=11.1s
[Epoch 034/100] train_loss=0.215248 | val_loss=0.447868 | val_acc=0.8201 | best_metric=0.9619 (epoch 29) | time=10.6s
[Epoch 035/100] train_loss=0.198758 | val_loss=0.470079 | val_acc=0.7924 | best_metric=0.9619 (epoch 29) | time=9.8s
[Epoch 036/100] train_loss=0.174859 | val_loss=0.584801 | val_acc=0.8685 | best_metric=0.9619 (epoch 29) | time=11.0s
[Epoch 037/100] train_loss=0.208709 | val_loss=0.308144 | val_acc=0.9170 | best_metric=0.9619 (epoch 29) | time=12.2s
[Epoch 038/100] train_loss=0.222935 | val_loss=0.505513 | val_acc=0.7924 | best_metric=0.9619 (epoch 29) | time=11.4s
[Epoch 039/100] train_loss=0.187288 | val_loss=0.367012 | val_acc=0.8720 | best_metric=0.9619 (epoch 29) | time=11.4s
[Epoch 040/100] train_loss=0.170073 | val_loss=0.222872 | val_acc=0.9619 | best_metric=0.9619 (epoch 29) | time=11.2s
[Epoch 041/100] train_loss=0.135319 | val_loss=0.478507 | val_acc=0.8893 | best_metric=0.9619 (epoch 29) | time=11.0s
[Epoch 042/100] train_loss=0.153925 | val_loss=0.244779 | val_acc=0.9377 | best_metric=0.9619 (epoch 29) | time=11.8s
[Epoch 043/100] train_loss=0.147453 | val_loss=0.811664 | val_acc=0.8235 | best_metric=0.9619 (epoch 29) | time=10.9s
[Epoch 044/100] train_loss=0.142186 | val_loss=0.363485 | val_acc=0.8651 | best_metric=0.9619 (epoch 29) | time=10.7s
[Epoch 045/100] train_loss=0.152457 | val_loss=0.219576 | val_acc=0.9446 | best_metric=0.9619 (epoch 29) | time=10.5s
[Epoch 046/100] train_loss=0.133788 | val_loss=0.257370 | val_acc=0.9308 | best_metric=0.9619 (epoch 29) | time=11.3s
[Epoch 047/100] train_loss=0.141043 | val_loss=0.511618 | val_acc=0.8720 | best_metric=0.9619 (epoch 29) | time=10.9s
[Epoch 048/100] train_loss=0.117381 | val_loss=0.232246 | val_acc=0.9377 | best_metric=0.9619 (epoch 29) | time=10.6s
[Epoch 049/100] train_loss=0.152166 | val_loss=0.224841 | val_acc=0.9343 | best_metric=0.9619 (epoch 29) | time=11.3s
[Epoch 050/100] train_loss=0.122467 | val_loss=0.272640 | val_acc=0.9204 | best_metric=0.9619 (epoch 29) | time=12.5s
[Epoch 051/100] train_loss=0.113184 | val_loss=0.644305 | val_acc=0.7543 | best_metric=0.9619 (epoch 29) | time=11.5s
[Epoch 052/100] train_loss=0.107460 | val_loss=0.476117 | val_acc=0.8028 | best_metric=0.9619 (epoch 29) | time=11.0s
[Epoch 053/100] train_loss=0.109606 | val_loss=0.838679 | val_acc=0.7024 | best_metric=0.9619 (epoch 29) | time=10.1s
[Epoch 054/100] train_loss=0.093214 | val_loss=0.242748 | val_acc=0.9377 | best_metric=0.9619 (epoch 29) | time=10.3s
[Epoch 055/100] train_loss=0.108547 | val_loss=0.325077 | val_acc=0.8858 | best_metric=0.9619 (epoch 29) | time=10.4s
[Epoch 056/100] train_loss=0.084188 | val_loss=0.580062 | val_acc=0.7785 | best_metric=0.9619 (epoch 29) | time=10.7s
[Epoch 057/100] train_loss=0.129421 | val_loss=0.252232 | val_acc=0.9273 | best_metric=0.9619 (epoch 29) | time=10.5s
[Epoch 058/100] train_loss=0.073727 | val_loss=0.213189 | val_acc=0.9481 | best_metric=0.9619 (epoch 29) | time=11.3s
[Epoch 059/100] train_loss=0.076289 | val_loss=0.203125 | val_acc=0.9446 | best_metric=0.9619 (epoch 29) | time=10.5s
[Epoch 060/100] train_loss=0.079861 | val_loss=0.238558 | val_acc=0.9377 | best_metric=0.9619 (epoch 29) | time=10.4s
[Epoch 061/100] train_loss=0.091430 | val_loss=0.249992 | val_acc=0.9308 | best_metric=0.9619 (epoch 29) | time=10.2s
[Epoch 062/100] train_loss=0.076269 | val_loss=0.202804 | val_acc=0.9446 | best_metric=0.9619 (epoch 29) | time=10.9s
[Epoch 063/100] train_loss=0.075258 | val_loss=0.401232 | val_acc=0.8547 | best_metric=0.9619 (epoch 29) | time=10.4s
[Epoch 064/100] train_loss=0.083335 | val_loss=0.238932 | val_acc=0.9377 | best_metric=0.9619 (epoch 29) | time=10.7s
[Epoch 065/100] train_loss=0.081700 | val_loss=0.215338 | val_acc=0.9412 | best_metric=0.9619 (epoch 29) | time=10.5s
[Epoch 066/100] train_loss=0.071506 | val_loss=0.661482 | val_acc=0.7578 | best_metric=0.9619 (epoch 29) | time=11.5s
[Epoch 067/100] train_loss=0.075506 | val_loss=0.314891 | val_acc=0.8893 | best_metric=0.9619 (epoch 29) | time=10.8s
[Epoch 068/100] train_loss=0.087355 | val_loss=0.934872 | val_acc=0.6782 | best_metric=0.9619 (epoch 29) | time=10.8s
[Epoch 069/100] train_loss=0.079204 | val_loss=0.875017 | val_acc=0.8201 | best_metric=0.9619 (epoch 29) | time=10.9s
[Epoch 070/100] train_loss=0.078324 | val_loss=0.265803 | val_acc=0.9273 | best_metric=0.9619 (epoch 29) | time=10.7s
[Epoch 071/100] train_loss=0.127914 | val_loss=0.661371 | val_acc=0.7647 | best_metric=0.9619 (epoch 29) | time=9.5s
[Epoch 072/100] train_loss=0.076267 | val_loss=0.239890 | val_acc=0.9308 | best_metric=0.9619 (epoch 29) | time=10.0s
[Epoch 073/100] train_loss=0.060659 | val_loss=0.371659 | val_acc=0.8685 | best_metric=0.9619 (epoch 29) | time=11.5s
[Epoch 074/100] train_loss=0.068263 | val_loss=0.534584 | val_acc=0.7993 | best_metric=0.9619 (epoch 29) | time=11.1s
[Epoch 075/100] train_loss=0.073092 | val_loss=0.944792 | val_acc=0.6713 | best_metric=0.9619 (epoch 29) | time=11.8s
[Epoch 076/100] train_loss=0.066981 | val_loss=2.263400 | val_acc=0.4775 | best_metric=0.9619 (epoch 29) | time=11.7s
[Epoch 077/100] train_loss=0.049326 | val_loss=0.541350 | val_acc=0.7958 | best_metric=0.9619 (epoch 29) | time=11.1s
[Epoch 078/100] train_loss=0.054299 | val_loss=0.361001 | val_acc=0.8962 | best_metric=0.9619 (epoch 29) | time=11.2s
[Epoch 079/100] train_loss=0.044166 | val_loss=0.271264 | val_acc=0.9273 | best_metric=0.9619 (epoch 29) | time=10.5s
[Epoch 080/100] train_loss=0.082093 | val_loss=1.143017 | val_acc=0.6298 | best_metric=0.9619 (epoch 29) | time=10.5s
[Epoch 081/100] train_loss=0.047775 | val_loss=0.238181 | val_acc=0.9239 | best_metric=0.9619 (epoch 29) | time=9.8s
[Epoch 082/100] train_loss=0.046595 | val_loss=0.661281 | val_acc=0.7647 | best_metric=0.9619 (epoch 29) | time=9.9s
[Epoch 083/100] train_loss=0.052545 | val_loss=0.387040 | val_acc=0.9066 | best_metric=0.9619 (epoch 29) | time=10.9s
[Epoch 084/100] train_loss=0.060003 | val_loss=0.245629 | val_acc=0.9239 | best_metric=0.9619 (epoch 29) | time=10.6s
[Epoch 085/100] train_loss=0.040080 | val_loss=0.388450 | val_acc=0.8616 | best_metric=0.9619 (epoch 29) | time=9.5s
[Epoch 086/100] train_loss=0.056295 | val_loss=0.552881 | val_acc=0.8097 | best_metric=0.9619 (epoch 29) | time=11.4s
[Epoch 087/100] train_loss=0.040597 | val_loss=0.421154 | val_acc=0.8962 | best_metric=0.9619 (epoch 29) | time=11.0s
[Epoch 088/100] train_loss=0.048168 | val_loss=0.273578 | val_acc=0.9135 | best_metric=0.9619 (epoch 29) | time=11.3s
[Epoch 089/100] train_loss=0.054337 | val_loss=2.638942 | val_acc=0.4602 | best_metric=0.9619 (epoch 29) | time=10.6s
[Epoch 090/100] train_loss=0.048278 | val_loss=1.485763 | val_acc=0.5952 | best_metric=0.9619 (epoch 29) | time=11.0s
[Epoch 091/100] train_loss=0.032559 | val_loss=0.783394 | val_acc=0.7474 | best_metric=0.9619 (epoch 29) | time=11.3s
[Epoch 092/100] train_loss=0.059088 | val_loss=1.498804 | val_acc=0.5779 | best_metric=0.9619 (epoch 29) | time=10.5s
[Epoch 093/100] train_loss=0.041643 | val_loss=0.446343 | val_acc=0.8478 | best_metric=0.9619 (epoch 29) | time=10.5s
[Epoch 094/100] train_loss=0.037185 | val_loss=0.220079 | val_acc=0.9170 | best_metric=0.9619 (epoch 29) | time=11.6s
[Epoch 095/100] train_loss=0.038973 | val_loss=0.308563 | val_acc=0.8824 | best_metric=0.9619 (epoch 29) | time=11.0s
[Epoch 096/100] train_loss=0.051666 | val_loss=0.565265 | val_acc=0.8028 | best_metric=0.9619 (epoch 29) | time=10.8s
[Epoch 097/100] train_loss=0.039256 | val_loss=0.567081 | val_acc=0.7924 | best_metric=0.9619 (epoch 29) | time=11.0s
[Epoch 098/100] train_loss=0.030389 | val_loss=0.368358 | val_acc=0.8754 | best_metric=0.9619 (epoch 29) | time=10.4s
[Epoch 099/100] train_loss=0.037737 | val_loss=0.222033 | val_acc=0.9377 | best_metric=0.9619 (epoch 29) | time=10.3s
[Epoch 100/100] train_loss=0.037929 | val_loss=0.427226 | val_acc=0.8478 | best_metric=0.9619 (epoch 29) | time=11.4s
[DONE] finetune finished in 17.83 min
[DONE] best metric = 0.961938 at epoch 29
/home/ted1204/MS_Detection/src/training/trainer_test.py:469: FutureWarning: You are using `torch.load` with `weights_only=False` (the current default value), which uses the default pickle module implicitly. It is possible to construct malicious pickle data which will execute arbitrary code during unpickling (See https://github.com/pytorch/pytorch/blob/main/SECURITY.md#untrusted-models for more details). In a future release, the default value for `weights_only` will be flipped to `True`. This limits the functions that could be executed during unpickling. Arbitrary objects will no longer be allowed to be loaded via this mode unless they are explicitly allowlisted by the user via `torch.serialization.add_safe_globals`. We recommend you start setting `weights_only=True` for any use case where you don't have full control of the loaded file. Please open an issue on GitHub for any issues related to this experimental feature.
  ckpt = torch.load(ckpt_path, map_location="cpu")
[INFO] device: cuda
[INFO] visible GPUs: 0
[INFO] device: cuda
[INFO] save_dir: runs/hpo_stage1c_reconst/test/pohang_hpo3_reconst_L5_D256_BP5_80
[INFO] loaded finetuned model from: runs/hpo_stage1c_reconst/finetune/pohang_hpo3_reconst_L5_D256_BP5_80/best.pt
[INFO] load missing keys   : 0
[INFO] load unexpected keys: 0
[INFO] saved val predictions: runs/hpo_stage1c_reconst/test/pohang_hpo3_reconst_L5_D256_BP5_80/val_predictions.csv
[INFO] saved val threshold summary: runs/hpo_stage1c_reconst/test/pohang_hpo3_reconst_L5_D256_BP5_80/val_threshold_summary.json
[INFO] selected threshold from val: 2.517713
[INFO] saved test predictions: runs/hpo_stage1c_reconst/test/pohang_hpo3_reconst_L5_D256_BP5_80/test_predictions.csv
[INFO] saved test metrics    : runs/hpo_stage1c_reconst/test/pohang_hpo3_reconst_L5_D256_BP5_80/test_metrics_fixed_threshold.json
{
  "acc": 0.8367346938775511,
  "precision": 0.900990099009901,
  "recall": 0.7054263565891473,
  "f1": 0.791304347826087,
  "tp": 91,
  "tn": 155,
  "fp": 10,
  "fn": 38,
  "threshold": 2.5177130699157715
}
[WARN] json not found: runs/hpo_stage1c_reconst/test/pohang_hpo3_reconst_L5_D256_BP5_80/metrics.json
[DONE] pred_csv : runs/hpo_stage1c_reconst/test/pohang_hpo3_reconst_L5_D256_BP5_80/test_predictions.csv
[DONE] out_dir  : runs/hpo_stage1c_reconst/test/pohang_hpo3_reconst_L5_D256_BP5_80/analysis
[DONE] run_hpo3_reconst.sh finished.
[WORKER-5] finished cfg=config/base_hpo3_reconst_06.yaml status=0
