[INFO] CUDA_VISIBLE_DEVICES=8
[INFO] MODE=full
[INFO] BASE_CFG=config/base_hpo3_reconst_07.yaml
[INFO] device: cuda
[INFO] visible GPUs: 0
[INFO] device: cuda
[INFO] pretrain mode: reconstruction
[INFO] save_dir: runs/hpo_stage1c_reconst/pretrain/pohang_hpo3_reconst_L5_D512_BP3_50
[INFO] model params: 8,805,825
[Epoch 028/150] loss=0.082518 | best=0.082518 (epoch 28) | time=41.4s
[Epoch 001/150] loss=7.677037 | best=7.677037 (epoch 1) | time=43.1s
[Epoch 029/150] loss=0.085930 | best=0.082518 (epoch 28) | time=38.8s
[Epoch 002/150] loss=3.416962 | best=3.416962 (epoch 2) | time=39.5s
[Epoch 030/150] loss=0.077701 | best=0.077701 (epoch 30) | time=39.3s
[Epoch 003/150] loss=1.515415 | best=1.515415 (epoch 3) | time=39.5s
[Epoch 031/150] loss=0.075435 | best=0.075435 (epoch 31) | time=41.7s
[Epoch 004/150] loss=0.821891 | best=0.821891 (epoch 4) | time=40.3s
[Epoch 032/150] loss=0.075593 | best=0.075435 (epoch 31) | time=39.0s
[Epoch 005/150] loss=0.582105 | best=0.582105 (epoch 5) | time=38.5s
[Epoch 033/150] loss=0.071234 | best=0.071234 (epoch 33) | time=40.7s
[Epoch 006/150] loss=0.490459 | best=0.490459 (epoch 6) | time=38.9s
[Epoch 034/150] loss=0.070843 | best=0.070843 (epoch 34) | time=42.1s
[Epoch 007/150] loss=0.454285 | best=0.454285 (epoch 7) | time=44.4s
[Epoch 035/150] loss=0.063497 | best=0.063497 (epoch 35) | time=39.9s
[Epoch 008/150] loss=0.410226 | best=0.410226 (epoch 8) | time=39.4s
[Epoch 036/150] loss=0.064023 | best=0.063497 (epoch 35) | time=39.0s
[Epoch 009/150] loss=0.383975 | best=0.383975 (epoch 9) | time=40.2s
[Epoch 037/150] loss=0.066404 | best=0.063497 (epoch 35) | time=38.9s
[Epoch 010/150] loss=0.354530 | best=0.354530 (epoch 10) | time=40.5s
[Epoch 038/150] loss=0.070961 | best=0.063497 (epoch 35) | time=38.9s
[Epoch 011/150] loss=0.305839 | best=0.305839 (epoch 11) | time=42.4s
[Epoch 039/150] loss=0.064992 | best=0.063497 (epoch 35) | time=37.7s
[Epoch 012/150] loss=0.246018 | best=0.246018 (epoch 12) | time=39.2s
[Epoch 040/150] loss=0.058027 | best=0.058027 (epoch 40) | time=39.9s
[Epoch 013/150] loss=0.210762 | best=0.210762 (epoch 13) | time=39.5s
[Epoch 041/150] loss=0.060159 | best=0.058027 (epoch 40) | time=39.4s
[Epoch 014/150] loss=0.194324 | best=0.194324 (epoch 14) | time=41.2s
[Epoch 042/150] loss=0.061343 | best=0.058027 (epoch 40) | time=39.4s
[Epoch 015/150] loss=0.170886 | best=0.170886 (epoch 15) | time=40.1s
[Epoch 043/150] loss=0.051665 | best=0.051665 (epoch 43) | time=39.6s
[Epoch 016/150] loss=0.142274 | best=0.142274 (epoch 16) | time=40.5s
[Epoch 044/150] loss=0.060052 | best=0.051665 (epoch 43) | time=38.9s
[Epoch 017/150] loss=0.124548 | best=0.124548 (epoch 17) | time=40.5s
[Epoch 045/150] loss=0.056318 | best=0.051665 (epoch 43) | time=38.7s
[Epoch 018/150] loss=0.119824 | best=0.119824 (epoch 18) | time=41.3s
[Epoch 046/150] loss=0.056283 | best=0.051665 (epoch 43) | time=39.1s
[Epoch 019/150] loss=0.113867 | best=0.113867 (epoch 19) | time=43.8s
[Epoch 047/150] loss=0.053126 | best=0.051665 (epoch 43) | time=39.1s
[Epoch 020/150] loss=0.122668 | best=0.113867 (epoch 19) | time=44.7s
[Epoch 048/150] loss=0.051673 | best=0.051665 (epoch 43) | time=45.4s
[Epoch 021/150] loss=0.116160 | best=0.113867 (epoch 19) | time=37.7s
[Epoch 049/150] loss=0.054474 | best=0.051665 (epoch 43) | time=39.7s
[Epoch 022/150] loss=0.107146 | best=0.107146 (epoch 22) | time=39.0s
[Epoch 050/150] loss=0.054972 | best=0.051665 (epoch 43) | time=38.7s
[Epoch 023/150] loss=0.109990 | best=0.107146 (epoch 22) | time=38.6s
[Epoch 051/150] loss=0.061372 | best=0.051665 (epoch 43) | time=38.4s
[Epoch 024/150] loss=0.096816 | best=0.096816 (epoch 24) | time=39.3s
[Epoch 052/150] loss=0.046522 | best=0.046522 (epoch 52) | time=40.0s
[Epoch 025/150] loss=0.101579 | best=0.096816 (epoch 24) | time=39.4s
[Epoch 053/150] loss=0.056830 | best=0.046522 (epoch 52) | time=38.6s
[Epoch 026/150] loss=0.090049 | best=0.090049 (epoch 26) | time=39.0s
[Epoch 054/150] loss=0.050180 | best=0.046522 (epoch 52) | time=37.9s
[Epoch 027/150] loss=0.089002 | best=0.089002 (epoch 27) | time=40.3s
[Epoch 055/150] loss=0.049604 | best=0.046522 (epoch 52) | time=38.8s
[Epoch 028/150] loss=0.082518 | best=0.082518 (epoch 28) | time=39.1s
[Epoch 056/150] loss=0.043541 | best=0.043541 (epoch 56) | time=40.8s
[Epoch 029/150] loss=0.085930 | best=0.082518 (epoch 28) | time=38.6s
[Epoch 057/150] loss=0.042183 | best=0.042183 (epoch 57) | time=39.4s
[Epoch 030/150] loss=0.077701 | best=0.077701 (epoch 30) | time=38.5s
[Epoch 058/150] loss=0.044429 | best=0.042183 (epoch 57) | time=39.6s
[Epoch 031/150] loss=0.075435 | best=0.075435 (epoch 31) | time=39.5s
[Epoch 059/150] loss=0.047213 | best=0.042183 (epoch 57) | time=38.1s
[Epoch 032/150] loss=0.075593 | best=0.075435 (epoch 31) | time=39.7s
[Epoch 060/150] loss=0.045915 | best=0.042183 (epoch 57) | time=41.4s
[Epoch 033/150] loss=0.071234 | best=0.071234 (epoch 33) | time=39.7s
[Epoch 061/150] loss=0.049164 | best=0.042183 (epoch 57) | time=39.7s
[Epoch 034/150] loss=0.070843 | best=0.070843 (epoch 34) | time=38.7s
[Epoch 062/150] loss=0.050353 | best=0.042183 (epoch 57) | time=38.6s
[Epoch 035/150] loss=0.063497 | best=0.063497 (epoch 35) | time=42.3s
[Epoch 063/150] loss=0.052194 | best=0.042183 (epoch 57) | time=39.1s
[Epoch 036/150] loss=0.064023 | best=0.063497 (epoch 35) | time=40.1s
[Epoch 064/150] loss=0.048683 | best=0.042183 (epoch 57) | time=39.4s
[Epoch 037/150] loss=0.066404 | best=0.063497 (epoch 35) | time=40.8s
[Epoch 065/150] loss=0.048496 | best=0.042183 (epoch 57) | time=40.9s
[Epoch 038/150] loss=0.070961 | best=0.063497 (epoch 35) | time=40.2s
[Epoch 066/150] loss=0.038979 | best=0.038979 (epoch 66) | time=39.6s
[Epoch 039/150] loss=0.064992 | best=0.063497 (epoch 35) | time=38.2s
[Epoch 067/150] loss=0.041379 | best=0.038979 (epoch 66) | time=43.1s
Traceback (most recent call last):
  File "/home/ted1204/MS_Detection/src/training/trainer_pretrain.py", line 419, in <module>
    main()
  File "/home/ted1204/MS_Detection/src/training/trainer_pretrain.py", line 383, in main
    metrics = train_one_epoch_reconstruction(
  File "/home/ted1204/MS_Detection/src/training/trainer_pretrain.py", line 260, in train_one_epoch_reconstruction
    scaler.step(optimizer)
  File "/home/ted1204/.conda/envs/ms_detection/lib/python3.10/site-packages/torch/amp/grad_scaler.py", line 454, in step
    retval = self._maybe_opt_step(optimizer, optimizer_state, *args, **kwargs)
  File "/home/ted1204/.conda/envs/ms_detection/lib/python3.10/site-packages/torch/amp/grad_scaler.py", line 351, in _maybe_opt_step
    if not sum(v.item() for v in optimizer_state["found_inf_per_device"].values()):
  File "/home/ted1204/.conda/envs/ms_detection/lib/python3.10/site-packages/torch/amp/grad_scaler.py", line 351, in <genexpr>
    if not sum(v.item() for v in optimizer_state["found_inf_per_device"].values()):
KeyboardInterrupt
[Epoch 040/150] loss=0.058027 | best=0.058027 (epoch 40) | time=40.0s
[Epoch 041/150] loss=0.060159 | best=0.058027 (epoch 40) | time=40.5s
[Epoch 042/150] loss=0.061343 | best=0.058027 (epoch 40) | time=38.2s
[Epoch 043/150] loss=0.051665 | best=0.051665 (epoch 43) | time=39.3s
============================================================
[START] 2026-03-19 12:02:30 worker=6 gpu=7 cfg=config/base_hpo3_reconst_07.yaml mode=full
============================================================
[INFO] CUDA_VISIBLE_DEVICES=7
[INFO] MODE=full
[INFO] BASE_CFG=config/base_hpo3_reconst_07.yaml
[INFO] device: cuda
[INFO] visible GPUs: 0
[INFO] device: cuda
[INFO] pretrain mode: reconstruction
[INFO] save_dir: runs/hpo_stage1c_reconst/pretrain/pohang_hpo3_reconst_L5_D512_BP3_50
[INFO] model params: 8,805,825
[Epoch 001/150] loss=7.677037 | best=7.677037 (epoch 1) | time=47.0s
[Epoch 002/150] loss=3.416962 | best=3.416962 (epoch 2) | time=42.0s
[Epoch 003/150] loss=1.515415 | best=1.515415 (epoch 3) | time=42.9s
[Epoch 004/150] loss=0.821891 | best=0.821891 (epoch 4) | time=42.0s
[Epoch 005/150] loss=0.582105 | best=0.582105 (epoch 5) | time=40.1s
[Epoch 006/150] loss=0.490459 | best=0.490459 (epoch 6) | time=40.4s
[Epoch 007/150] loss=0.454285 | best=0.454285 (epoch 7) | time=41.9s
[Epoch 008/150] loss=0.410226 | best=0.410226 (epoch 8) | time=45.0s
[Epoch 009/150] loss=0.383975 | best=0.383975 (epoch 9) | time=45.8s
[Epoch 010/150] loss=0.354530 | best=0.354530 (epoch 10) | time=42.0s
[Epoch 011/150] loss=0.305839 | best=0.305839 (epoch 11) | time=43.6s
[Epoch 012/150] loss=0.246018 | best=0.246018 (epoch 12) | time=43.1s
[Epoch 013/150] loss=0.210762 | best=0.210762 (epoch 13) | time=40.3s
[Epoch 014/150] loss=0.194324 | best=0.194324 (epoch 14) | time=40.7s
[Epoch 015/150] loss=0.170886 | best=0.170886 (epoch 15) | time=40.8s
[Epoch 016/150] loss=0.142274 | best=0.142274 (epoch 16) | time=42.9s
[Epoch 017/150] loss=0.124548 | best=0.124548 (epoch 17) | time=41.5s
[Epoch 018/150] loss=0.119824 | best=0.119824 (epoch 18) | time=40.9s
[Epoch 019/150] loss=0.113867 | best=0.113867 (epoch 19) | time=41.0s
[Epoch 020/150] loss=0.122668 | best=0.113867 (epoch 19) | time=40.5s
[Epoch 021/150] loss=0.116160 | best=0.113867 (epoch 19) | time=41.0s
[Epoch 022/150] loss=0.107146 | best=0.107146 (epoch 22) | time=40.6s
[Epoch 023/150] loss=0.109990 | best=0.107146 (epoch 22) | time=41.9s
[Epoch 024/150] loss=0.096816 | best=0.096816 (epoch 24) | time=41.3s
[Epoch 025/150] loss=0.101579 | best=0.096816 (epoch 24) | time=41.9s
[Epoch 026/150] loss=0.090049 | best=0.090049 (epoch 26) | time=39.9s
[Epoch 027/150] loss=0.089002 | best=0.089002 (epoch 27) | time=41.4s
[Epoch 028/150] loss=0.082518 | best=0.082518 (epoch 28) | time=41.0s
[Epoch 029/150] loss=0.085930 | best=0.082518 (epoch 28) | time=40.7s
[Epoch 030/150] loss=0.077701 | best=0.077701 (epoch 30) | time=42.1s
[Epoch 031/150] loss=0.075435 | best=0.075435 (epoch 31) | time=41.5s
[Epoch 032/150] loss=0.075593 | best=0.075435 (epoch 31) | time=39.7s
[Epoch 033/150] loss=0.071234 | best=0.071234 (epoch 33) | time=42.4s
[Epoch 034/150] loss=0.070843 | best=0.070843 (epoch 34) | time=41.1s
[Epoch 035/150] loss=0.063497 | best=0.063497 (epoch 35) | time=41.6s
[Epoch 036/150] loss=0.064023 | best=0.063497 (epoch 35) | time=45.3s
[Epoch 037/150] loss=0.066404 | best=0.063497 (epoch 35) | time=41.7s
[Epoch 038/150] loss=0.070961 | best=0.063497 (epoch 35) | time=40.1s
[Epoch 039/150] loss=0.064992 | best=0.063497 (epoch 35) | time=41.1s
[Epoch 040/150] loss=0.058027 | best=0.058027 (epoch 40) | time=43.5s
[Epoch 041/150] loss=0.060159 | best=0.058027 (epoch 40) | time=42.4s
[Epoch 042/150] loss=0.061343 | best=0.058027 (epoch 40) | time=41.3s
[Epoch 043/150] loss=0.051665 | best=0.051665 (epoch 43) | time=42.2s
[Epoch 044/150] loss=0.060052 | best=0.051665 (epoch 43) | time=43.5s
[Epoch 045/150] loss=0.056318 | best=0.051665 (epoch 43) | time=40.9s
[Epoch 046/150] loss=0.056283 | best=0.051665 (epoch 43) | time=39.7s
[Epoch 047/150] loss=0.053126 | best=0.051665 (epoch 43) | time=41.3s
[Epoch 048/150] loss=0.051673 | best=0.051665 (epoch 43) | time=46.0s
[Epoch 049/150] loss=0.054474 | best=0.051665 (epoch 43) | time=41.0s
[Epoch 050/150] loss=0.054972 | best=0.051665 (epoch 43) | time=41.4s
[Epoch 051/150] loss=0.061372 | best=0.051665 (epoch 43) | time=42.3s
[Epoch 052/150] loss=0.046522 | best=0.046522 (epoch 52) | time=42.2s
[Epoch 053/150] loss=0.056830 | best=0.046522 (epoch 52) | time=40.9s
[Epoch 054/150] loss=0.050180 | best=0.046522 (epoch 52) | time=40.0s
[Epoch 055/150] loss=0.049604 | best=0.046522 (epoch 52) | time=41.4s
[Epoch 056/150] loss=0.043541 | best=0.043541 (epoch 56) | time=40.9s
[Epoch 057/150] loss=0.042183 | best=0.042183 (epoch 57) | time=41.8s
[Epoch 058/150] loss=0.044429 | best=0.042183 (epoch 57) | time=42.1s
[Epoch 059/150] loss=0.047213 | best=0.042183 (epoch 57) | time=42.8s
[Epoch 060/150] loss=0.045915 | best=0.042183 (epoch 57) | time=40.1s
[Epoch 061/150] loss=0.049164 | best=0.042183 (epoch 57) | time=39.0s
[Epoch 062/150] loss=0.050353 | best=0.042183 (epoch 57) | time=39.3s
[Epoch 063/150] loss=0.052194 | best=0.042183 (epoch 57) | time=40.1s
[Epoch 064/150] loss=0.048683 | best=0.042183 (epoch 57) | time=39.7s
[Epoch 065/150] loss=0.048496 | best=0.042183 (epoch 57) | time=42.3s
[Epoch 066/150] loss=0.038979 | best=0.038979 (epoch 66) | time=43.2s
[Epoch 067/150] loss=0.041379 | best=0.038979 (epoch 66) | time=40.8s
[Epoch 068/150] loss=0.040427 | best=0.038979 (epoch 66) | time=40.3s
[Epoch 069/150] loss=0.042891 | best=0.038979 (epoch 66) | time=41.7s
[Epoch 070/150] loss=0.040633 | best=0.038979 (epoch 66) | time=40.4s
[Epoch 071/150] loss=0.039694 | best=0.038979 (epoch 66) | time=40.7s
[Epoch 072/150] loss=0.044849 | best=0.038979 (epoch 66) | time=43.1s
[Epoch 073/150] loss=0.040551 | best=0.038979 (epoch 66) | time=42.3s
[Epoch 074/150] loss=0.040377 | best=0.038979 (epoch 66) | time=40.2s
[Epoch 075/150] loss=0.037372 | best=0.037372 (epoch 75) | time=41.7s
[Epoch 076/150] loss=0.041889 | best=0.037372 (epoch 75) | time=40.3s
[Epoch 077/150] loss=0.037712 | best=0.037372 (epoch 75) | time=40.4s
[Epoch 078/150] loss=0.040835 | best=0.037372 (epoch 75) | time=40.5s
[Epoch 079/150] loss=0.036173 | best=0.036173 (epoch 79) | time=41.7s
[Epoch 080/150] loss=0.034421 | best=0.034421 (epoch 80) | time=41.3s
[Epoch 081/150] loss=0.033324 | best=0.033324 (epoch 81) | time=41.6s
[Epoch 082/150] loss=0.040272 | best=0.033324 (epoch 81) | time=40.6s
[Epoch 083/150] loss=0.042230 | best=0.033324 (epoch 81) | time=39.9s
[Epoch 084/150] loss=0.034900 | best=0.033324 (epoch 81) | time=40.8s
[Epoch 085/150] loss=0.033649 | best=0.033324 (epoch 81) | time=39.3s
[Epoch 086/150] loss=0.044522 | best=0.033324 (epoch 81) | time=39.8s
[Epoch 087/150] loss=0.038635 | best=0.033324 (epoch 81) | time=40.1s
[Epoch 088/150] loss=0.036648 | best=0.033324 (epoch 81) | time=40.1s
[Epoch 089/150] loss=0.033121 | best=0.033121 (epoch 89) | time=40.6s
[Epoch 090/150] loss=0.032629 | best=0.032629 (epoch 90) | time=43.3s
[Epoch 091/150] loss=0.036945 | best=0.032629 (epoch 90) | time=40.3s
[Epoch 092/150] loss=0.038285 | best=0.032629 (epoch 90) | time=40.7s
[Epoch 093/150] loss=0.033870 | best=0.032629 (epoch 90) | time=43.6s
[Epoch 094/150] loss=0.031462 | best=0.031462 (epoch 94) | time=43.8s
[Epoch 095/150] loss=0.038346 | best=0.031462 (epoch 94) | time=41.2s
[Epoch 096/150] loss=0.038544 | best=0.031462 (epoch 94) | time=41.1s
[Epoch 097/150] loss=0.032128 | best=0.031462 (epoch 94) | time=41.0s
[Epoch 098/150] loss=0.030663 | best=0.030663 (epoch 98) | time=42.5s
[Epoch 099/150] loss=0.034434 | best=0.030663 (epoch 98) | time=41.0s
[Epoch 100/150] loss=0.029717 | best=0.029717 (epoch 100) | time=41.6s
[Epoch 101/150] loss=0.033144 | best=0.029717 (epoch 100) | time=41.1s
[Epoch 102/150] loss=0.036565 | best=0.029717 (epoch 100) | time=46.4s
[Epoch 103/150] loss=0.044943 | best=0.029717 (epoch 100) | time=47.2s
[Epoch 104/150] loss=0.029373 | best=0.029373 (epoch 104) | time=40.5s
[Epoch 105/150] loss=0.033292 | best=0.029373 (epoch 104) | time=41.7s
[Epoch 106/150] loss=0.030214 | best=0.029373 (epoch 104) | time=41.3s
[Epoch 107/150] loss=0.028849 | best=0.028849 (epoch 107) | time=41.7s
[Epoch 108/150] loss=0.029444 | best=0.028849 (epoch 107) | time=39.2s
[Epoch 109/150] loss=0.030415 | best=0.028849 (epoch 107) | time=41.1s
[Epoch 110/150] loss=0.025451 | best=0.025451 (epoch 110) | time=42.5s
[Epoch 111/150] loss=0.033350 | best=0.025451 (epoch 110) | time=39.9s
[Epoch 112/150] loss=0.028678 | best=0.025451 (epoch 110) | time=43.0s
[Epoch 113/150] loss=0.026171 | best=0.025451 (epoch 110) | time=39.0s
[Epoch 114/150] loss=0.030077 | best=0.025451 (epoch 110) | time=39.7s
[Epoch 115/150] loss=0.027882 | best=0.025451 (epoch 110) | time=42.0s
[Epoch 116/150] loss=0.025760 | best=0.025451 (epoch 110) | time=40.3s
[Epoch 117/150] loss=0.028942 | best=0.025451 (epoch 110) | time=42.0s
[Epoch 118/150] loss=0.027312 | best=0.025451 (epoch 110) | time=40.6s
[Epoch 119/150] loss=0.028537 | best=0.025451 (epoch 110) | time=41.8s
[Epoch 120/150] loss=0.029554 | best=0.025451 (epoch 110) | time=40.5s
[Epoch 121/150] loss=0.029441 | best=0.025451 (epoch 110) | time=40.4s
[Epoch 122/150] loss=0.023911 | best=0.023911 (epoch 122) | time=41.4s
[Epoch 123/150] loss=0.028914 | best=0.023911 (epoch 122) | time=41.8s
[Epoch 124/150] loss=0.030501 | best=0.023911 (epoch 122) | time=40.6s
[Epoch 125/150] loss=0.030944 | best=0.023911 (epoch 122) | time=43.8s
[Epoch 126/150] loss=0.024629 | best=0.023911 (epoch 122) | time=39.4s
[Epoch 127/150] loss=0.025234 | best=0.023911 (epoch 122) | time=42.6s
[Epoch 128/150] loss=0.024226 | best=0.023911 (epoch 122) | time=40.5s
[Epoch 129/150] loss=0.023724 | best=0.023724 (epoch 129) | time=41.1s
[Epoch 130/150] loss=0.028209 | best=0.023724 (epoch 129) | time=40.6s
[Epoch 131/150] loss=0.029184 | best=0.023724 (epoch 129) | time=40.4s
[Epoch 132/150] loss=0.022991 | best=0.022991 (epoch 132) | time=42.7s
[Epoch 133/150] loss=0.023439 | best=0.022991 (epoch 132) | time=39.7s
[Epoch 134/150] loss=0.029826 | best=0.022991 (epoch 132) | time=39.6s
[Epoch 135/150] loss=0.022724 | best=0.022724 (epoch 135) | time=40.8s
[Epoch 136/150] loss=0.022335 | best=0.022335 (epoch 136) | time=39.6s
[Epoch 137/150] loss=0.023916 | best=0.022335 (epoch 136) | time=39.1s
[Epoch 138/150] loss=0.020932 | best=0.020932 (epoch 138) | time=40.2s
[Epoch 139/150] loss=0.022648 | best=0.020932 (epoch 138) | time=39.8s
[Epoch 140/150] loss=0.023960 | best=0.020932 (epoch 138) | time=38.8s
[Epoch 141/150] loss=0.020399 | best=0.020399 (epoch 141) | time=39.5s
[Epoch 142/150] loss=0.021327 | best=0.020399 (epoch 141) | time=38.7s
[Epoch 143/150] loss=0.021712 | best=0.020399 (epoch 141) | time=38.0s
[Epoch 144/150] loss=0.024163 | best=0.020399 (epoch 141) | time=37.7s
[Epoch 145/150] loss=0.023270 | best=0.020399 (epoch 141) | time=37.9s
[Epoch 146/150] loss=0.021938 | best=0.020399 (epoch 141) | time=38.1s
[Epoch 147/150] loss=0.021078 | best=0.020399 (epoch 141) | time=38.4s
[Epoch 148/150] loss=0.021021 | best=0.020399 (epoch 141) | time=37.8s
[Epoch 149/150] loss=0.019674 | best=0.019674 (epoch 149) | time=39.2s
[Epoch 150/150] loss=0.020799 | best=0.019674 (epoch 149) | time=38.4s
[DONE] training finished in 102.98 min
[DONE] best loss = 0.019674 at epoch 149
/home/ted1204/MS_Detection/src/training/trainer_finetune.py:186: FutureWarning: You are using `torch.load` with `weights_only=False` (the current default value), which uses the default pickle module implicitly. It is possible to construct malicious pickle data which will execute arbitrary code during unpickling (See https://github.com/pytorch/pytorch/blob/main/SECURITY.md#untrusted-models for more details). In a future release, the default value for `weights_only` will be flipped to `True`. This limits the functions that could be executed during unpickling. Arbitrary objects will no longer be allowed to be loaded via this mode unless they are explicitly allowlisted by the user via `torch.serialization.add_safe_globals`. We recommend you start setting `weights_only=True` for any use case where you don't have full control of the loaded file. Please open an issue on GitHub for any issues related to this experimental feature.
  ckpt = torch.load(encoder_ckpt_path, map_location="cpu")
[INFO] device: cuda
[INFO] visible GPUs: 0
[INFO] device: cuda
[INFO] save_dir: runs/hpo_stage1c_reconst/finetune/pohang_hpo3_reconst_L5_D512_BP3_50
[INFO] model params: 1,832,673
[DEBUG] pretrained_encoder_path = runs/hpo_stage1c_reconst/pretrain/pohang_hpo3_reconst_L5_D512_BP3_50/best_encoder.pt
[INFO] loaded encoder weights from: runs/hpo_stage1c_reconst/pretrain/pohang_hpo3_reconst_L5_D512_BP3_50/best_encoder.pt
[INFO] encoder load missing keys   : 0
[INFO] encoder load unexpected keys: 0
[INFO] center_c shape: (512,)
[Epoch 001/100] train_loss=1.018556 | val_loss=1.141739 | val_acc=0.5917 | best_metric=0.5917 (epoch 1) | time=10.6s
[Epoch 002/100] train_loss=0.824558 | val_loss=0.937522 | val_acc=0.7266 | best_metric=0.7266 (epoch 2) | time=10.7s
[Epoch 003/100] train_loss=0.747690 | val_loss=0.842553 | val_acc=0.8339 | best_metric=0.8339 (epoch 3) | time=10.7s
[Epoch 004/100] train_loss=0.690903 | val_loss=0.697309 | val_acc=0.8616 | best_metric=0.8616 (epoch 4) | time=11.0s
[Epoch 005/100] train_loss=0.659213 | val_loss=0.619566 | val_acc=0.8443 | best_metric=0.8616 (epoch 4) | time=9.5s
[Epoch 006/100] train_loss=0.608337 | val_loss=0.601167 | val_acc=0.7855 | best_metric=0.8616 (epoch 4) | time=10.8s
[Epoch 007/100] train_loss=0.557077 | val_loss=0.569908 | val_acc=0.7785 | best_metric=0.8616 (epoch 4) | time=11.0s
[Epoch 008/100] train_loss=0.525805 | val_loss=0.459010 | val_acc=0.9066 | best_metric=0.9066 (epoch 8) | time=12.3s
[Epoch 009/100] train_loss=0.487715 | val_loss=0.628288 | val_acc=0.7578 | best_metric=0.9066 (epoch 8) | time=9.9s
[Epoch 010/100] train_loss=0.496535 | val_loss=0.438378 | val_acc=0.8962 | best_metric=0.9066 (epoch 8) | time=10.1s
[Epoch 011/100] train_loss=0.432619 | val_loss=0.709347 | val_acc=0.6782 | best_metric=0.9066 (epoch 8) | time=10.6s
[Epoch 012/100] train_loss=0.409941 | val_loss=0.472422 | val_acc=0.8651 | best_metric=0.9066 (epoch 8) | time=11.6s
[Epoch 013/100] train_loss=0.390863 | val_loss=0.324699 | val_acc=0.9412 | best_metric=0.9412 (epoch 13) | time=10.6s
[Epoch 014/100] train_loss=0.374539 | val_loss=0.444799 | val_acc=0.8616 | best_metric=0.9412 (epoch 13) | time=9.8s
[Epoch 015/100] train_loss=0.368318 | val_loss=0.873800 | val_acc=0.5882 | best_metric=0.9412 (epoch 13) | time=11.9s
[Epoch 016/100] train_loss=0.374294 | val_loss=0.321748 | val_acc=0.8997 | best_metric=0.9412 (epoch 13) | time=9.7s
[Epoch 017/100] train_loss=0.323699 | val_loss=0.281568 | val_acc=0.9481 | best_metric=0.9481 (epoch 17) | time=11.4s
[Epoch 018/100] train_loss=0.341214 | val_loss=0.587829 | val_acc=0.7543 | best_metric=0.9481 (epoch 17) | time=12.2s
[Epoch 019/100] train_loss=0.402033 | val_loss=0.343171 | val_acc=0.8893 | best_metric=0.9481 (epoch 17) | time=11.0s
[Epoch 020/100] train_loss=0.297094 | val_loss=0.283565 | val_acc=0.9377 | best_metric=0.9481 (epoch 17) | time=11.0s
[Epoch 021/100] train_loss=0.357097 | val_loss=0.279671 | val_acc=0.9377 | best_metric=0.9481 (epoch 17) | time=11.2s
[Epoch 022/100] train_loss=0.330287 | val_loss=0.477375 | val_acc=0.8616 | best_metric=0.9481 (epoch 17) | time=10.1s
[Epoch 023/100] train_loss=0.276934 | val_loss=0.247227 | val_acc=0.9516 | best_metric=0.9516 (epoch 23) | time=10.6s
[Epoch 024/100] train_loss=0.272237 | val_loss=0.244083 | val_acc=0.9723 | best_metric=0.9723 (epoch 24) | time=11.4s
[Epoch 025/100] train_loss=0.276945 | val_loss=0.268849 | val_acc=0.9446 | best_metric=0.9723 (epoch 24) | time=10.2s
[Epoch 026/100] train_loss=0.245304 | val_loss=0.267064 | val_acc=0.9204 | best_metric=0.9723 (epoch 24) | time=10.3s
[Epoch 027/100] train_loss=0.259113 | val_loss=0.350984 | val_acc=0.9204 | best_metric=0.9723 (epoch 24) | time=9.7s
[Epoch 028/100] train_loss=0.264479 | val_loss=1.149800 | val_acc=0.5606 | best_metric=0.9723 (epoch 24) | time=10.9s
[Epoch 029/100] train_loss=0.297750 | val_loss=0.552480 | val_acc=0.8097 | best_metric=0.9723 (epoch 24) | time=9.9s
[Epoch 030/100] train_loss=0.288306 | val_loss=0.281857 | val_acc=0.9481 | best_metric=0.9723 (epoch 24) | time=10.6s
[Epoch 031/100] train_loss=0.250292 | val_loss=0.292489 | val_acc=0.9204 | best_metric=0.9723 (epoch 24) | time=11.1s
[Epoch 032/100] train_loss=0.242933 | val_loss=0.209290 | val_acc=0.9377 | best_metric=0.9723 (epoch 24) | time=10.2s
[Epoch 033/100] train_loss=0.194508 | val_loss=0.252370 | val_acc=0.9446 | best_metric=0.9723 (epoch 24) | time=10.2s
[Epoch 034/100] train_loss=0.182443 | val_loss=0.216359 | val_acc=0.9412 | best_metric=0.9723 (epoch 24) | time=10.1s
[Epoch 035/100] train_loss=0.197429 | val_loss=0.192496 | val_acc=0.9516 | best_metric=0.9723 (epoch 24) | time=10.5s
[Epoch 036/100] train_loss=0.186942 | val_loss=0.211395 | val_acc=0.9550 | best_metric=0.9723 (epoch 24) | time=10.5s
[Epoch 037/100] train_loss=0.184726 | val_loss=0.257105 | val_acc=0.9446 | best_metric=0.9723 (epoch 24) | time=10.6s
[Epoch 038/100] train_loss=0.185758 | val_loss=0.421752 | val_acc=0.8893 | best_metric=0.9723 (epoch 24) | time=11.3s
[Epoch 039/100] train_loss=0.162127 | val_loss=0.595372 | val_acc=0.7612 | best_metric=0.9723 (epoch 24) | time=11.1s
[Epoch 040/100] train_loss=0.161523 | val_loss=0.239107 | val_acc=0.9654 | best_metric=0.9723 (epoch 24) | time=10.5s
[Epoch 041/100] train_loss=0.210117 | val_loss=0.472428 | val_acc=0.8201 | best_metric=0.9723 (epoch 24) | time=10.6s
[Epoch 042/100] train_loss=0.140106 | val_loss=0.661351 | val_acc=0.7336 | best_metric=0.9723 (epoch 24) | time=10.4s
[Epoch 043/100] train_loss=0.172153 | val_loss=0.251763 | val_acc=0.9273 | best_metric=0.9723 (epoch 24) | time=9.5s
[Epoch 044/100] train_loss=0.141451 | val_loss=0.493127 | val_acc=0.8304 | best_metric=0.9723 (epoch 24) | time=10.2s
[Epoch 045/100] train_loss=0.175851 | val_loss=0.214004 | val_acc=0.9585 | best_metric=0.9723 (epoch 24) | time=10.4s
[Epoch 046/100] train_loss=0.148479 | val_loss=0.210525 | val_acc=0.9343 | best_metric=0.9723 (epoch 24) | time=10.8s
[Epoch 047/100] train_loss=0.124356 | val_loss=0.191119 | val_acc=0.9412 | best_metric=0.9723 (epoch 24) | time=10.7s
[Epoch 048/100] train_loss=0.188340 | val_loss=0.416221 | val_acc=0.8581 | best_metric=0.9723 (epoch 24) | time=10.8s
[Epoch 049/100] train_loss=0.142561 | val_loss=0.238420 | val_acc=0.9654 | best_metric=0.9723 (epoch 24) | time=11.0s
[Epoch 050/100] train_loss=0.124216 | val_loss=0.941289 | val_acc=0.7336 | best_metric=0.9723 (epoch 24) | time=10.9s
[Epoch 051/100] train_loss=0.156134 | val_loss=0.168874 | val_acc=0.9758 | best_metric=0.9758 (epoch 51) | time=11.3s
[Epoch 052/100] train_loss=0.186187 | val_loss=0.256131 | val_acc=0.9377 | best_metric=0.9758 (epoch 51) | time=9.9s
[Epoch 053/100] train_loss=0.117323 | val_loss=0.296564 | val_acc=0.9170 | best_metric=0.9758 (epoch 51) | time=10.6s
[Epoch 054/100] train_loss=0.115891 | val_loss=0.189248 | val_acc=0.9446 | best_metric=0.9758 (epoch 51) | time=10.4s
[Epoch 055/100] train_loss=0.098773 | val_loss=0.182907 | val_acc=0.9619 | best_metric=0.9758 (epoch 51) | time=10.6s
[Epoch 056/100] train_loss=0.181250 | val_loss=0.206225 | val_acc=0.9446 | best_metric=0.9758 (epoch 51) | time=10.3s
[Epoch 057/100] train_loss=0.117278 | val_loss=0.229458 | val_acc=0.9343 | best_metric=0.9758 (epoch 51) | time=10.2s
[Epoch 058/100] train_loss=0.099096 | val_loss=0.213966 | val_acc=0.9585 | best_metric=0.9758 (epoch 51) | time=10.5s
[Epoch 059/100] train_loss=0.126852 | val_loss=0.205185 | val_acc=0.9343 | best_metric=0.9758 (epoch 51) | time=10.6s
[Epoch 060/100] train_loss=0.117268 | val_loss=0.288867 | val_acc=0.9100 | best_metric=0.9758 (epoch 51) | time=10.7s
[Epoch 061/100] train_loss=0.115240 | val_loss=0.389964 | val_acc=0.8512 | best_metric=0.9758 (epoch 51) | time=10.7s
[Epoch 062/100] train_loss=0.094900 | val_loss=0.200250 | val_acc=0.9723 | best_metric=0.9758 (epoch 51) | time=10.2s
[Epoch 063/100] train_loss=0.125624 | val_loss=1.471705 | val_acc=0.5675 | best_metric=0.9758 (epoch 51) | time=11.3s
[Epoch 064/100] train_loss=0.120033 | val_loss=1.092894 | val_acc=0.6367 | best_metric=0.9758 (epoch 51) | time=11.3s
[Epoch 065/100] train_loss=0.087743 | val_loss=1.017359 | val_acc=0.6886 | best_metric=0.9758 (epoch 51) | time=11.5s
[Epoch 066/100] train_loss=0.106372 | val_loss=0.181137 | val_acc=0.9654 | best_metric=0.9758 (epoch 51) | time=10.3s
[Epoch 067/100] train_loss=0.083622 | val_loss=0.472569 | val_acc=0.8304 | best_metric=0.9758 (epoch 51) | time=11.5s
[Epoch 068/100] train_loss=0.084661 | val_loss=0.300941 | val_acc=0.9100 | best_metric=0.9758 (epoch 51) | time=10.9s
[Epoch 069/100] train_loss=0.073556 | val_loss=0.214227 | val_acc=0.9377 | best_metric=0.9758 (epoch 51) | time=11.3s
[Epoch 070/100] train_loss=0.107168 | val_loss=0.287752 | val_acc=0.9135 | best_metric=0.9758 (epoch 51) | time=9.5s
[Epoch 071/100] train_loss=0.100515 | val_loss=0.211948 | val_acc=0.9343 | best_metric=0.9758 (epoch 51) | time=11.1s
[Epoch 072/100] train_loss=0.084447 | val_loss=0.200935 | val_acc=0.9585 | best_metric=0.9758 (epoch 51) | time=10.2s
[Epoch 073/100] train_loss=0.072217 | val_loss=0.247920 | val_acc=0.9239 | best_metric=0.9758 (epoch 51) | time=10.1s
[Epoch 074/100] train_loss=0.070223 | val_loss=0.235862 | val_acc=0.9377 | best_metric=0.9758 (epoch 51) | time=11.0s
[Epoch 075/100] train_loss=0.094561 | val_loss=0.191610 | val_acc=0.9585 | best_metric=0.9758 (epoch 51) | time=11.1s
[Epoch 076/100] train_loss=0.059973 | val_loss=0.198885 | val_acc=0.9585 | best_metric=0.9758 (epoch 51) | time=10.8s
[Epoch 077/100] train_loss=0.079959 | val_loss=0.784928 | val_acc=0.7301 | best_metric=0.9758 (epoch 51) | time=12.0s
[Epoch 078/100] train_loss=0.077508 | val_loss=0.400614 | val_acc=0.9031 | best_metric=0.9758 (epoch 51) | time=9.9s
[Epoch 079/100] train_loss=0.060770 | val_loss=0.185157 | val_acc=0.9585 | best_metric=0.9758 (epoch 51) | time=10.0s
[Epoch 080/100] train_loss=0.090385 | val_loss=0.349347 | val_acc=0.9066 | best_metric=0.9758 (epoch 51) | time=10.6s
[Epoch 081/100] train_loss=0.053195 | val_loss=0.485313 | val_acc=0.8339 | best_metric=0.9758 (epoch 51) | time=10.4s
[Epoch 082/100] train_loss=0.062823 | val_loss=0.510336 | val_acc=0.8304 | best_metric=0.9758 (epoch 51) | time=10.0s
[Epoch 083/100] train_loss=0.051598 | val_loss=0.241883 | val_acc=0.9239 | best_metric=0.9758 (epoch 51) | time=10.1s
[Epoch 084/100] train_loss=0.054439 | val_loss=0.198165 | val_acc=0.9550 | best_metric=0.9758 (epoch 51) | time=10.1s
[Epoch 085/100] train_loss=0.051200 | val_loss=0.480301 | val_acc=0.8235 | best_metric=0.9758 (epoch 51) | time=10.6s
[Epoch 086/100] train_loss=0.044858 | val_loss=0.269969 | val_acc=0.9204 | best_metric=0.9758 (epoch 51) | time=10.2s
[Epoch 087/100] train_loss=0.062534 | val_loss=0.421573 | val_acc=0.8512 | best_metric=0.9758 (epoch 51) | time=10.3s
[Epoch 088/100] train_loss=0.047410 | val_loss=0.233615 | val_acc=0.9204 | best_metric=0.9758 (epoch 51) | time=10.4s
[Epoch 089/100] train_loss=0.059950 | val_loss=0.767981 | val_acc=0.7232 | best_metric=0.9758 (epoch 51) | time=10.6s
[Epoch 090/100] train_loss=0.058257 | val_loss=0.234388 | val_acc=0.9377 | best_metric=0.9758 (epoch 51) | time=11.1s
[Epoch 091/100] train_loss=0.063690 | val_loss=0.739472 | val_acc=0.7474 | best_metric=0.9758 (epoch 51) | time=10.2s
[Epoch 092/100] train_loss=0.059114 | val_loss=0.255065 | val_acc=0.9204 | best_metric=0.9758 (epoch 51) | time=10.8s
[Epoch 093/100] train_loss=0.036775 | val_loss=0.281046 | val_acc=0.9170 | best_metric=0.9758 (epoch 51) | time=10.4s
[Epoch 094/100] train_loss=0.052809 | val_loss=0.577984 | val_acc=0.8062 | best_metric=0.9758 (epoch 51) | time=10.6s
[Epoch 095/100] train_loss=0.052821 | val_loss=0.534017 | val_acc=0.8270 | best_metric=0.9758 (epoch 51) | time=11.6s
[Epoch 096/100] train_loss=0.049421 | val_loss=0.199902 | val_acc=0.9550 | best_metric=0.9758 (epoch 51) | time=11.0s
[Epoch 097/100] train_loss=0.047447 | val_loss=0.761386 | val_acc=0.7336 | best_metric=0.9758 (epoch 51) | time=9.4s
[Epoch 098/100] train_loss=0.047183 | val_loss=0.177986 | val_acc=0.9585 | best_metric=0.9758 (epoch 51) | time=11.3s
[Epoch 099/100] train_loss=0.043291 | val_loss=0.342506 | val_acc=0.8927 | best_metric=0.9758 (epoch 51) | time=9.3s
[Epoch 100/100] train_loss=0.037974 | val_loss=1.057062 | val_acc=0.6747 | best_metric=0.9758 (epoch 51) | time=11.3s
[DONE] finetune finished in 17.71 min
[DONE] best metric = 0.975779 at epoch 51
/home/ted1204/MS_Detection/src/training/trainer_test.py:469: FutureWarning: You are using `torch.load` with `weights_only=False` (the current default value), which uses the default pickle module implicitly. It is possible to construct malicious pickle data which will execute arbitrary code during unpickling (See https://github.com/pytorch/pytorch/blob/main/SECURITY.md#untrusted-models for more details). In a future release, the default value for `weights_only` will be flipped to `True`. This limits the functions that could be executed during unpickling. Arbitrary objects will no longer be allowed to be loaded via this mode unless they are explicitly allowlisted by the user via `torch.serialization.add_safe_globals`. We recommend you start setting `weights_only=True` for any use case where you don't have full control of the loaded file. Please open an issue on GitHub for any issues related to this experimental feature.
  ckpt = torch.load(ckpt_path, map_location="cpu")
[INFO] device: cuda
[INFO] visible GPUs: 0
[INFO] device: cuda
[INFO] save_dir: runs/hpo_stage1c_reconst/test/pohang_hpo3_reconst_L5_D512_BP3_50
[INFO] loaded finetuned model from: runs/hpo_stage1c_reconst/finetune/pohang_hpo3_reconst_L5_D512_BP3_50/best.pt
[INFO] load missing keys   : 0
[INFO] load unexpected keys: 0
[INFO] saved val predictions: runs/hpo_stage1c_reconst/test/pohang_hpo3_reconst_L5_D512_BP3_50/val_predictions.csv
[INFO] saved val threshold summary: runs/hpo_stage1c_reconst/test/pohang_hpo3_reconst_L5_D512_BP3_50/val_threshold_summary.json
[INFO] selected threshold from val: 2.732796
[INFO] saved test predictions: runs/hpo_stage1c_reconst/test/pohang_hpo3_reconst_L5_D512_BP3_50/test_predictions.csv
[INFO] saved test metrics    : runs/hpo_stage1c_reconst/test/pohang_hpo3_reconst_L5_D512_BP3_50/test_metrics_fixed_threshold.json
{
  "acc": 0.8435374149659864,
  "precision": 0.8547008547008547,
  "recall": 0.7751937984496124,
  "f1": 0.8130081300813007,
  "tp": 100,
  "tn": 148,
  "fp": 17,
  "fn": 29,
  "threshold": 2.7327959537506104
}
[WARN] json not found: runs/hpo_stage1c_reconst/test/pohang_hpo3_reconst_L5_D512_BP3_50/metrics.json
[DONE] pred_csv : runs/hpo_stage1c_reconst/test/pohang_hpo3_reconst_L5_D512_BP3_50/test_predictions.csv
[DONE] out_dir  : runs/hpo_stage1c_reconst/test/pohang_hpo3_reconst_L5_D512_BP3_50/analysis
[DONE] run_hpo3_reconst.sh finished.
[WORKER-6] finished cfg=config/base_hpo3_reconst_07.yaml status=0
