[INFO] CUDA_VISIBLE_DEVICES=3
[INFO] MODE=full
[INFO] BASE_CFG=config/base_hpo3_reconst_03.yaml
[INFO] device: cuda
[INFO] visible GPUs: 0
[INFO] device: cuda
[INFO] pretrain mode: reconstruction
[INFO] save_dir: runs/hpo_stage1c_reconst/pretrain/pohang_hpo3_reconst_L5_D128_BP5_80
[INFO] model params: 5,463,105
[Epoch 001/150] loss=5.277512 | best=5.277512 (epoch 1) | time=40.1s
[Epoch 002/150] loss=2.581046 | best=2.581046 (epoch 2) | time=41.3s
[Epoch 003/150] loss=2.302781 | best=2.302781 (epoch 3) | time=37.7s
[Epoch 004/150] loss=1.668256 | best=1.668256 (epoch 4) | time=37.8s
[Epoch 005/150] loss=0.928238 | best=0.928238 (epoch 5) | time=37.7s
[Epoch 006/150] loss=0.533803 | best=0.533803 (epoch 6) | time=39.7s
[Epoch 007/150] loss=0.409909 | best=0.409909 (epoch 7) | time=37.1s
[Epoch 008/150] loss=0.341837 | best=0.341837 (epoch 8) | time=37.2s
[Epoch 009/150] loss=0.296971 | best=0.296971 (epoch 9) | time=40.5s
[Epoch 010/150] loss=0.271453 | best=0.271453 (epoch 10) | time=37.7s
[Epoch 011/150] loss=0.259985 | best=0.259985 (epoch 11) | time=37.4s
[Epoch 012/150] loss=0.251645 | best=0.251645 (epoch 12) | time=37.3s
[Epoch 013/150] loss=0.236769 | best=0.236769 (epoch 13) | time=38.4s
[Epoch 014/150] loss=0.229955 | best=0.229955 (epoch 14) | time=37.9s
[Epoch 015/150] loss=0.223261 | best=0.223261 (epoch 15) | time=37.7s
[Epoch 016/150] loss=0.212106 | best=0.212106 (epoch 16) | time=38.4s
[Epoch 017/150] loss=0.201031 | best=0.201031 (epoch 17) | time=38.8s
[Epoch 018/150] loss=0.184912 | best=0.184912 (epoch 18) | time=38.3s
[Epoch 019/150] loss=0.176449 | best=0.176449 (epoch 19) | time=38.3s
[Epoch 020/150] loss=0.169765 | best=0.169765 (epoch 20) | time=41.1s
[Epoch 021/150] loss=0.163511 | best=0.163511 (epoch 21) | time=38.1s
[Epoch 022/150] loss=0.158763 | best=0.158763 (epoch 22) | time=38.0s
[Epoch 023/150] loss=0.151386 | best=0.151386 (epoch 23) | time=37.2s
[Epoch 024/150] loss=0.144027 | best=0.144027 (epoch 24) | time=38.0s
[Epoch 025/150] loss=0.135048 | best=0.135048 (epoch 25) | time=39.7s
[Epoch 026/150] loss=0.131287 | best=0.131287 (epoch 26) | time=37.4s
[Epoch 027/150] loss=0.121098 | best=0.121098 (epoch 27) | time=38.4s
[Epoch 028/150] loss=0.115589 | best=0.115589 (epoch 28) | time=38.5s
[Epoch 029/150] loss=0.112628 | best=0.112628 (epoch 29) | time=41.0s
[WORKER-2] finished cfg=config/base_hpo3_reconst_03.yaml status=0
[Epoch 030/150] loss=0.109239 | best=0.109239 (epoch 30) | time=35.9s
[Epoch 031/150] loss=0.100904 | best=0.100904 (epoch 31) | time=35.9s
[Epoch 032/150] loss=0.102874 | best=0.100904 (epoch 31) | time=37.8s
[Epoch 033/150] loss=0.097159 | best=0.097159 (epoch 33) | time=37.0s
[Epoch 034/150] loss=0.094368 | best=0.094368 (epoch 34) | time=37.7s
[Epoch 035/150] loss=0.091120 | best=0.091120 (epoch 35) | time=36.2s
[Epoch 036/150] loss=0.089406 | best=0.089406 (epoch 36) | time=38.2s
[Epoch 037/150] loss=0.086719 | best=0.086719 (epoch 37) | time=35.8s
[Epoch 038/150] loss=0.081000 | best=0.081000 (epoch 38) | time=37.0s
[Epoch 039/150] loss=0.078222 | best=0.078222 (epoch 39) | time=36.6s
[Epoch 040/150] loss=0.078733 | best=0.078222 (epoch 39) | time=35.8s
[Epoch 041/150] loss=0.070313 | best=0.070313 (epoch 41) | time=36.8s
[Epoch 042/150] loss=0.072198 | best=0.070313 (epoch 41) | time=35.7s
[Epoch 043/150] loss=0.068109 | best=0.068109 (epoch 43) | time=35.7s
[Epoch 044/150] loss=0.065251 | best=0.065251 (epoch 44) | time=36.9s
[Epoch 045/150] loss=0.059694 | best=0.059694 (epoch 45) | time=36.3s
[Epoch 046/150] loss=0.059255 | best=0.059255 (epoch 46) | time=39.6s
[Epoch 047/150] loss=0.058461 | best=0.058461 (epoch 47) | time=35.9s
[Epoch 048/150] loss=0.056727 | best=0.056727 (epoch 48) | time=35.2s
[Epoch 049/150] loss=0.053135 | best=0.053135 (epoch 49) | time=35.3s
[Epoch 050/150] loss=0.053510 | best=0.053135 (epoch 49) | time=35.2s
[Epoch 051/150] loss=0.050175 | best=0.050175 (epoch 51) | time=37.4s
[Epoch 052/150] loss=0.044911 | best=0.044911 (epoch 52) | time=37.7s
[Epoch 053/150] loss=0.050429 | best=0.044911 (epoch 52) | time=36.3s
[Epoch 054/150] loss=0.045526 | best=0.044911 (epoch 52) | time=36.5s
[Epoch 055/150] loss=0.045948 | best=0.044911 (epoch 52) | time=35.8s
[Epoch 056/150] loss=0.042305 | best=0.042305 (epoch 56) | time=37.4s
[Epoch 057/150] loss=0.044497 | best=0.042305 (epoch 56) | time=35.6s
[Epoch 058/150] loss=0.041269 | best=0.041269 (epoch 58) | time=35.2s
[Epoch 059/150] loss=0.043424 | best=0.041269 (epoch 58) | time=35.6s
[Epoch 060/150] loss=0.037590 | best=0.037590 (epoch 60) | time=37.1s
[Epoch 061/150] loss=0.038398 | best=0.037590 (epoch 60) | time=35.9s
[Epoch 062/150] loss=0.036886 | best=0.036886 (epoch 62) | time=38.1s
[Epoch 063/150] loss=0.034605 | best=0.034605 (epoch 63) | time=36.4s
[Epoch 064/150] loss=0.034793 | best=0.034605 (epoch 63) | time=35.5s
[Epoch 065/150] loss=0.033990 | best=0.033990 (epoch 65) | time=39.2s
[Epoch 066/150] loss=0.032343 | best=0.032343 (epoch 66) | time=37.5s
[Epoch 067/150] loss=0.035244 | best=0.032343 (epoch 66) | time=36.1s
[Epoch 068/150] loss=0.034591 | best=0.032343 (epoch 66) | time=37.4s
[Epoch 069/150] loss=0.032087 | best=0.032087 (epoch 69) | time=38.8s
[Epoch 070/150] loss=0.030296 | best=0.030296 (epoch 70) | time=36.1s
[Epoch 071/150] loss=0.030033 | best=0.030033 (epoch 71) | time=38.2s
[Epoch 072/150] loss=0.033190 | best=0.030033 (epoch 71) | time=35.4s
[Epoch 073/150] loss=0.028013 | best=0.028013 (epoch 73) | time=36.2s
Traceback (most recent call last):
  File "/home/ted1204/MS_Detection/src/training/trainer_pretrain.py", line 419, in <module>
    main()
  File "/home/ted1204/MS_Detection/src/training/trainer_pretrain.py", line 383, in main
    metrics = train_one_epoch_reconstruction(
  File "/home/ted1204/MS_Detection/src/training/trainer_pretrain.py", line 224, in train_one_epoch_reconstruction
    for batch in loader:
  File "/home/ted1204/.conda/envs/ms_detection/lib/python3.10/site-packages/torch/utils/data/dataloader.py", line 630, in __next__
    data = self._next_data()
  File "/home/ted1204/.conda/envs/ms_detection/lib/python3.10/site-packages/torch/utils/data/dataloader.py", line 1327, in _next_data
    idx, data = self._get_data()
  File "/home/ted1204/.conda/envs/ms_detection/lib/python3.10/site-packages/torch/utils/data/dataloader.py", line 1283, in _get_data
    success, data = self._try_get_data()
  File "/home/ted1204/.conda/envs/ms_detection/lib/python3.10/site-packages/torch/utils/data/dataloader.py", line 1131, in _try_get_data
    data = self._data_queue.get(timeout=timeout)
  File "/home/ted1204/.conda/envs/ms_detection/lib/python3.10/queue.py", line 180, in get
    self.not_empty.wait(remaining)
  File "/home/ted1204/.conda/envs/ms_detection/lib/python3.10/threading.py", line 324, in wait
    gotit = waiter.acquire(True, timeout)
KeyboardInterrupt
============================================================
[START] 2026-03-19 12:02:30 worker=2 gpu=3 cfg=config/base_hpo3_reconst_03.yaml mode=full
============================================================
[INFO] CUDA_VISIBLE_DEVICES=3
[INFO] MODE=full
[INFO] BASE_CFG=config/base_hpo3_reconst_03.yaml
[INFO] device: cuda
[INFO] visible GPUs: 0
[INFO] device: cuda
[INFO] pretrain mode: reconstruction
[INFO] save_dir: runs/hpo_stage1c_reconst/pretrain/pohang_hpo3_reconst_L5_D128_BP5_80
[INFO] model params: 5,463,105
[Epoch 001/150] loss=5.277512 | best=5.277512 (epoch 1) | time=40.2s
[Epoch 002/150] loss=2.581046 | best=2.581046 (epoch 2) | time=40.3s
[Epoch 003/150] loss=2.302781 | best=2.302781 (epoch 3) | time=47.9s
[Epoch 004/150] loss=1.668256 | best=1.668256 (epoch 4) | time=36.1s
[Epoch 005/150] loss=0.928238 | best=0.928238 (epoch 5) | time=38.3s
[Epoch 006/150] loss=0.533803 | best=0.533803 (epoch 6) | time=39.6s
[Epoch 007/150] loss=0.409909 | best=0.409909 (epoch 7) | time=39.4s
[Epoch 008/150] loss=0.341837 | best=0.341837 (epoch 8) | time=36.9s
[Epoch 009/150] loss=0.296971 | best=0.296971 (epoch 9) | time=37.6s
[Epoch 010/150] loss=0.271453 | best=0.271453 (epoch 10) | time=38.4s
[Epoch 011/150] loss=0.259985 | best=0.259985 (epoch 11) | time=38.2s
[Epoch 012/150] loss=0.251645 | best=0.251645 (epoch 12) | time=40.8s
[Epoch 013/150] loss=0.236769 | best=0.236769 (epoch 13) | time=37.9s
[Epoch 014/150] loss=0.229955 | best=0.229955 (epoch 14) | time=37.7s
[Epoch 015/150] loss=0.223261 | best=0.223261 (epoch 15) | time=38.0s
[Epoch 016/150] loss=0.212106 | best=0.212106 (epoch 16) | time=38.4s
[Epoch 017/150] loss=0.201031 | best=0.201031 (epoch 17) | time=38.5s
[Epoch 018/150] loss=0.184912 | best=0.184912 (epoch 18) | time=38.6s
[Epoch 019/150] loss=0.176449 | best=0.176449 (epoch 19) | time=38.7s
[Epoch 020/150] loss=0.169765 | best=0.169765 (epoch 20) | time=37.8s
[Epoch 021/150] loss=0.163511 | best=0.163511 (epoch 21) | time=37.7s
[Epoch 022/150] loss=0.158763 | best=0.158763 (epoch 22) | time=37.2s
[Epoch 023/150] loss=0.151386 | best=0.151386 (epoch 23) | time=37.5s
[Epoch 024/150] loss=0.144027 | best=0.144027 (epoch 24) | time=36.5s
[Epoch 025/150] loss=0.135048 | best=0.135048 (epoch 25) | time=38.6s
[Epoch 026/150] loss=0.131287 | best=0.131287 (epoch 26) | time=39.2s
[Epoch 027/150] loss=0.121098 | best=0.121098 (epoch 27) | time=40.4s
[Epoch 028/150] loss=0.115589 | best=0.115589 (epoch 28) | time=37.3s
[Epoch 029/150] loss=0.112628 | best=0.112628 (epoch 29) | time=38.0s
[Epoch 030/150] loss=0.109239 | best=0.109239 (epoch 30) | time=39.8s
[Epoch 031/150] loss=0.100904 | best=0.100904 (epoch 31) | time=40.0s
[Epoch 032/150] loss=0.102874 | best=0.100904 (epoch 31) | time=37.0s
[Epoch 033/150] loss=0.097159 | best=0.097159 (epoch 33) | time=37.4s
[Epoch 034/150] loss=0.094368 | best=0.094368 (epoch 34) | time=36.8s
[Epoch 035/150] loss=0.091120 | best=0.091120 (epoch 35) | time=36.6s
[Epoch 036/150] loss=0.089406 | best=0.089406 (epoch 36) | time=37.7s
[Epoch 037/150] loss=0.086719 | best=0.086719 (epoch 37) | time=37.1s
[Epoch 038/150] loss=0.081000 | best=0.081000 (epoch 38) | time=44.2s
[Epoch 039/150] loss=0.078222 | best=0.078222 (epoch 39) | time=44.6s
[Epoch 040/150] loss=0.078733 | best=0.078222 (epoch 39) | time=39.1s
[Epoch 041/150] loss=0.070313 | best=0.070313 (epoch 41) | time=37.0s
[Epoch 042/150] loss=0.072198 | best=0.070313 (epoch 41) | time=37.1s
[Epoch 043/150] loss=0.068109 | best=0.068109 (epoch 43) | time=38.7s
[Epoch 044/150] loss=0.065251 | best=0.065251 (epoch 44) | time=37.2s
[Epoch 045/150] loss=0.059694 | best=0.059694 (epoch 45) | time=38.5s
[Epoch 046/150] loss=0.059255 | best=0.059255 (epoch 46) | time=38.8s
[Epoch 047/150] loss=0.058461 | best=0.058461 (epoch 47) | time=39.0s
[Epoch 048/150] loss=0.056727 | best=0.056727 (epoch 48) | time=38.4s
[Epoch 049/150] loss=0.053135 | best=0.053135 (epoch 49) | time=38.7s
[Epoch 050/150] loss=0.053510 | best=0.053135 (epoch 49) | time=37.3s
[Epoch 051/150] loss=0.050175 | best=0.050175 (epoch 51) | time=39.7s
[Epoch 052/150] loss=0.044911 | best=0.044911 (epoch 52) | time=38.5s
[Epoch 053/150] loss=0.050429 | best=0.044911 (epoch 52) | time=37.8s
[Epoch 054/150] loss=0.045526 | best=0.044911 (epoch 52) | time=37.9s
[Epoch 055/150] loss=0.045948 | best=0.044911 (epoch 52) | time=40.5s
[Epoch 056/150] loss=0.042305 | best=0.042305 (epoch 56) | time=38.8s
[Epoch 057/150] loss=0.044497 | best=0.042305 (epoch 56) | time=38.1s
[Epoch 058/150] loss=0.041269 | best=0.041269 (epoch 58) | time=39.3s
[Epoch 059/150] loss=0.043424 | best=0.041269 (epoch 58) | time=40.3s
[Epoch 060/150] loss=0.037590 | best=0.037590 (epoch 60) | time=38.3s
[Epoch 061/150] loss=0.038398 | best=0.037590 (epoch 60) | time=37.2s
[Epoch 062/150] loss=0.036886 | best=0.036886 (epoch 62) | time=38.1s
[Epoch 063/150] loss=0.034605 | best=0.034605 (epoch 63) | time=39.3s
[Epoch 064/150] loss=0.034793 | best=0.034605 (epoch 63) | time=37.9s
[Epoch 065/150] loss=0.033990 | best=0.033990 (epoch 65) | time=38.9s
[Epoch 066/150] loss=0.032343 | best=0.032343 (epoch 66) | time=39.4s
[Epoch 067/150] loss=0.035244 | best=0.032343 (epoch 66) | time=42.2s
[Epoch 068/150] loss=0.034591 | best=0.032343 (epoch 66) | time=37.9s
[Epoch 069/150] loss=0.032087 | best=0.032087 (epoch 69) | time=38.8s
[Epoch 070/150] loss=0.030296 | best=0.030296 (epoch 70) | time=38.5s
[Epoch 071/150] loss=0.030033 | best=0.030033 (epoch 71) | time=42.1s
[Epoch 072/150] loss=0.033190 | best=0.030033 (epoch 71) | time=38.4s
[Epoch 073/150] loss=0.028013 | best=0.028013 (epoch 73) | time=37.5s
[Epoch 074/150] loss=0.033296 | best=0.028013 (epoch 73) | time=37.5s
[Epoch 075/150] loss=0.033787 | best=0.028013 (epoch 73) | time=37.5s
[Epoch 076/150] loss=0.026149 | best=0.026149 (epoch 76) | time=37.0s
[Epoch 077/150] loss=0.027053 | best=0.026149 (epoch 76) | time=39.0s
[Epoch 078/150] loss=0.032628 | best=0.026149 (epoch 76) | time=37.1s
[Epoch 079/150] loss=0.031200 | best=0.026149 (epoch 76) | time=37.7s
[Epoch 080/150] loss=0.029118 | best=0.026149 (epoch 76) | time=38.8s
[Epoch 081/150] loss=0.029125 | best=0.026149 (epoch 76) | time=38.2s
[Epoch 082/150] loss=0.029524 | best=0.026149 (epoch 76) | time=37.2s
[Epoch 083/150] loss=0.028038 | best=0.026149 (epoch 76) | time=37.7s
[Epoch 084/150] loss=0.026044 | best=0.026044 (epoch 84) | time=38.8s
[Epoch 085/150] loss=0.026926 | best=0.026044 (epoch 84) | time=37.5s
[Epoch 086/150] loss=0.024923 | best=0.024923 (epoch 86) | time=38.2s
[Epoch 087/150] loss=0.024028 | best=0.024028 (epoch 87) | time=38.3s
[Epoch 088/150] loss=0.024247 | best=0.024028 (epoch 87) | time=37.4s
[Epoch 089/150] loss=0.028387 | best=0.024028 (epoch 87) | time=36.8s
[Epoch 090/150] loss=0.027022 | best=0.024028 (epoch 87) | time=36.5s
[Epoch 091/150] loss=0.024938 | best=0.024028 (epoch 87) | time=37.5s
[Epoch 092/150] loss=0.023141 | best=0.023141 (epoch 92) | time=37.7s
[Epoch 093/150] loss=0.023728 | best=0.023141 (epoch 92) | time=37.8s
[Epoch 094/150] loss=0.024941 | best=0.023141 (epoch 92) | time=38.3s
[Epoch 095/150] loss=0.024286 | best=0.023141 (epoch 92) | time=37.6s
[Epoch 096/150] loss=0.023405 | best=0.023141 (epoch 92) | time=37.3s
[Epoch 097/150] loss=0.023233 | best=0.023141 (epoch 92) | time=38.9s
[Epoch 098/150] loss=0.024866 | best=0.023141 (epoch 92) | time=37.4s
[Epoch 099/150] loss=0.022625 | best=0.022625 (epoch 99) | time=38.1s
[Epoch 100/150] loss=0.024183 | best=0.022625 (epoch 99) | time=38.4s
[Epoch 101/150] loss=0.022142 | best=0.022142 (epoch 101) | time=39.1s
[Epoch 102/150] loss=0.021922 | best=0.021922 (epoch 102) | time=38.0s
[Epoch 103/150] loss=0.022737 | best=0.021922 (epoch 102) | time=36.8s
[Epoch 104/150] loss=0.020748 | best=0.020748 (epoch 104) | time=46.6s
[Epoch 105/150] loss=0.021499 | best=0.020748 (epoch 104) | time=38.3s
[Epoch 106/150] loss=0.022166 | best=0.020748 (epoch 104) | time=37.7s
[Epoch 107/150] loss=0.023112 | best=0.020748 (epoch 104) | time=38.4s
[Epoch 108/150] loss=0.022012 | best=0.020748 (epoch 104) | time=38.6s
[Epoch 109/150] loss=0.021851 | best=0.020748 (epoch 104) | time=38.1s
[Epoch 110/150] loss=0.020455 | best=0.020455 (epoch 110) | time=40.6s
[Epoch 111/150] loss=0.021910 | best=0.020455 (epoch 110) | time=38.5s
[Epoch 112/150] loss=0.020462 | best=0.020455 (epoch 110) | time=37.7s
[Epoch 113/150] loss=0.020915 | best=0.020455 (epoch 110) | time=37.6s
[Epoch 114/150] loss=0.020564 | best=0.020455 (epoch 110) | time=40.0s
[Epoch 115/150] loss=0.020455 | best=0.020455 (epoch 115) | time=39.6s
[Epoch 116/150] loss=0.020504 | best=0.020455 (epoch 115) | time=38.8s
[Epoch 117/150] loss=0.020885 | best=0.020455 (epoch 115) | time=38.2s
[Epoch 118/150] loss=0.018087 | best=0.018087 (epoch 118) | time=38.6s
[Epoch 119/150] loss=0.018382 | best=0.018087 (epoch 118) | time=37.3s
[Epoch 120/150] loss=0.019125 | best=0.018087 (epoch 118) | time=37.9s
[Epoch 121/150] loss=0.017293 | best=0.017293 (epoch 121) | time=40.0s
[Epoch 122/150] loss=0.017368 | best=0.017293 (epoch 121) | time=38.9s
[Epoch 123/150] loss=0.018494 | best=0.017293 (epoch 121) | time=37.7s
[Epoch 124/150] loss=0.017897 | best=0.017293 (epoch 121) | time=37.6s
[Epoch 125/150] loss=0.016855 | best=0.016855 (epoch 125) | time=37.7s
[Epoch 126/150] loss=0.018785 | best=0.016855 (epoch 125) | time=37.6s
[Epoch 127/150] loss=0.020367 | best=0.016855 (epoch 125) | time=38.6s
[Epoch 128/150] loss=0.018337 | best=0.016855 (epoch 125) | time=37.5s
[Epoch 129/150] loss=0.018435 | best=0.016855 (epoch 125) | time=39.0s
[Epoch 130/150] loss=0.017359 | best=0.016855 (epoch 125) | time=38.8s
[Epoch 131/150] loss=0.015954 | best=0.015954 (epoch 131) | time=39.0s
[Epoch 132/150] loss=0.016147 | best=0.015954 (epoch 131) | time=39.2s
[Epoch 133/150] loss=0.016694 | best=0.015954 (epoch 131) | time=38.5s
[Epoch 134/150] loss=0.017899 | best=0.015954 (epoch 131) | time=37.9s
[Epoch 135/150] loss=0.018884 | best=0.015954 (epoch 131) | time=37.2s
[Epoch 136/150] loss=0.016418 | best=0.015954 (epoch 131) | time=36.8s
[Epoch 137/150] loss=0.016394 | best=0.015954 (epoch 131) | time=37.2s
[Epoch 138/150] loss=0.017605 | best=0.015954 (epoch 131) | time=38.4s
[Epoch 139/150] loss=0.017082 | best=0.015954 (epoch 131) | time=36.9s
[Epoch 140/150] loss=0.015710 | best=0.015710 (epoch 140) | time=37.6s
[Epoch 141/150] loss=0.014501 | best=0.014501 (epoch 141) | time=37.6s
[Epoch 142/150] loss=0.016317 | best=0.014501 (epoch 141) | time=37.7s
[Epoch 143/150] loss=0.016826 | best=0.014501 (epoch 141) | time=37.4s
[Epoch 144/150] loss=0.018790 | best=0.014501 (epoch 141) | time=37.9s
[Epoch 145/150] loss=0.016866 | best=0.014501 (epoch 141) | time=38.0s
[Epoch 146/150] loss=0.015600 | best=0.014501 (epoch 141) | time=37.0s
[Epoch 147/150] loss=0.015530 | best=0.014501 (epoch 141) | time=37.5s
[Epoch 148/150] loss=0.015705 | best=0.014501 (epoch 141) | time=36.1s
[Epoch 149/150] loss=0.017381 | best=0.014501 (epoch 141) | time=35.9s
[Epoch 150/150] loss=0.015003 | best=0.014501 (epoch 141) | time=35.9s
[DONE] training finished in 95.96 min
[DONE] best loss = 0.014501 at epoch 141
/home/ted1204/MS_Detection/src/training/trainer_finetune.py:186: FutureWarning: You are using `torch.load` with `weights_only=False` (the current default value), which uses the default pickle module implicitly. It is possible to construct malicious pickle data which will execute arbitrary code during unpickling (See https://github.com/pytorch/pytorch/blob/main/SECURITY.md#untrusted-models for more details). In a future release, the default value for `weights_only` will be flipped to `True`. This limits the functions that could be executed during unpickling. Arbitrary objects will no longer be allowed to be loaded via this mode unless they are explicitly allowlisted by the user via `torch.serialization.add_safe_globals`. We recommend you start setting `weights_only=True` for any use case where you don't have full control of the loaded file. Please open an issue on GitHub for any issues related to this experimental feature.
  ckpt = torch.load(encoder_ckpt_path, map_location="cpu")
[INFO] device: cuda
[INFO] visible GPUs: 0
[INFO] device: cuda
[INFO] save_dir: runs/hpo_stage1c_reconst/finetune/pohang_hpo3_reconst_L5_D128_BP5_80
[INFO] model params: 1,635,297
[DEBUG] pretrained_encoder_path = runs/hpo_stage1c_reconst/pretrain/pohang_hpo3_reconst_L5_D128_BP5_80/best_encoder.pt
[INFO] loaded encoder weights from: runs/hpo_stage1c_reconst/pretrain/pohang_hpo3_reconst_L5_D128_BP5_80/best_encoder.pt
[INFO] encoder load missing keys   : 0
[INFO] encoder load unexpected keys: 0
[INFO] center_c shape: (128,)
[Epoch 001/100] train_loss=0.772984 | val_loss=0.916414 | val_acc=0.5709 | best_metric=0.5709 (epoch 1) | time=10.4s
[Epoch 002/100] train_loss=0.713051 | val_loss=0.749795 | val_acc=0.7197 | best_metric=0.7197 (epoch 2) | time=10.3s
[Epoch 003/100] train_loss=0.690150 | val_loss=0.655877 | val_acc=0.7439 | best_metric=0.7439 (epoch 3) | time=10.5s
[Epoch 004/100] train_loss=0.671418 | val_loss=0.604118 | val_acc=0.8547 | best_metric=0.8547 (epoch 4) | time=10.2s
[Epoch 005/100] train_loss=0.642434 | val_loss=0.619737 | val_acc=0.7751 | best_metric=0.8547 (epoch 4) | time=10.6s
[Epoch 006/100] train_loss=0.628650 | val_loss=0.670607 | val_acc=0.6021 | best_metric=0.8547 (epoch 4) | time=9.4s
[Epoch 007/100] train_loss=0.599739 | val_loss=0.562030 | val_acc=0.8028 | best_metric=0.8547 (epoch 4) | time=9.4s
[Epoch 008/100] train_loss=0.569538 | val_loss=0.512873 | val_acc=0.8478 | best_metric=0.8547 (epoch 4) | time=10.5s
[Epoch 009/100] train_loss=0.541346 | val_loss=0.469684 | val_acc=0.9031 | best_metric=0.9031 (epoch 9) | time=10.8s
[Epoch 010/100] train_loss=0.526162 | val_loss=0.730652 | val_acc=0.6298 | best_metric=0.9031 (epoch 9) | time=10.3s
[Epoch 011/100] train_loss=0.503029 | val_loss=0.447771 | val_acc=0.9031 | best_metric=0.9031 (epoch 9) | time=11.1s
[Epoch 012/100] train_loss=0.489758 | val_loss=1.434383 | val_acc=0.4291 | best_metric=0.9031 (epoch 9) | time=10.2s
[Epoch 013/100] train_loss=0.482079 | val_loss=0.430440 | val_acc=0.9170 | best_metric=0.9170 (epoch 13) | time=10.8s
[Epoch 014/100] train_loss=0.503847 | val_loss=0.467718 | val_acc=0.8374 | best_metric=0.9170 (epoch 13) | time=10.9s
[Epoch 015/100] train_loss=0.425027 | val_loss=0.535446 | val_acc=0.7543 | best_metric=0.9170 (epoch 13) | time=10.1s
[Epoch 016/100] train_loss=0.447136 | val_loss=0.547304 | val_acc=0.7405 | best_metric=0.9170 (epoch 13) | time=11.1s
[Epoch 017/100] train_loss=0.409398 | val_loss=0.599877 | val_acc=0.7370 | best_metric=0.9170 (epoch 13) | time=10.7s
[Epoch 018/100] train_loss=0.412957 | val_loss=0.706777 | val_acc=0.6263 | best_metric=0.9170 (epoch 13) | time=10.7s
[Epoch 019/100] train_loss=0.405787 | val_loss=0.587716 | val_acc=0.7024 | best_metric=0.9170 (epoch 13) | time=11.0s
[Epoch 020/100] train_loss=0.368980 | val_loss=0.680621 | val_acc=0.8028 | best_metric=0.9170 (epoch 13) | time=11.2s
[Epoch 021/100] train_loss=0.366576 | val_loss=1.271412 | val_acc=0.4879 | best_metric=0.9170 (epoch 13) | time=11.4s
[Epoch 022/100] train_loss=0.343686 | val_loss=0.773113 | val_acc=0.7993 | best_metric=0.9170 (epoch 13) | time=10.1s
[Epoch 023/100] train_loss=0.322882 | val_loss=0.330461 | val_acc=0.9412 | best_metric=0.9412 (epoch 23) | time=10.4s
[Epoch 024/100] train_loss=0.310386 | val_loss=0.459182 | val_acc=0.8062 | best_metric=0.9412 (epoch 23) | time=11.4s
[Epoch 025/100] train_loss=0.301060 | val_loss=0.327929 | val_acc=0.9377 | best_metric=0.9412 (epoch 23) | time=10.6s
[Epoch 026/100] train_loss=0.328980 | val_loss=0.375726 | val_acc=0.8893 | best_metric=0.9412 (epoch 23) | time=10.9s
[Epoch 027/100] train_loss=0.307038 | val_loss=0.494044 | val_acc=0.8720 | best_metric=0.9412 (epoch 23) | time=10.1s
[Epoch 028/100] train_loss=0.276225 | val_loss=0.369051 | val_acc=0.8962 | best_metric=0.9412 (epoch 23) | time=10.8s
[Epoch 029/100] train_loss=0.251353 | val_loss=0.806934 | val_acc=0.8131 | best_metric=0.9412 (epoch 23) | time=10.0s
[Epoch 030/100] train_loss=0.257606 | val_loss=0.807206 | val_acc=0.6332 | best_metric=0.9412 (epoch 23) | time=10.7s
[Epoch 031/100] train_loss=0.275923 | val_loss=0.428215 | val_acc=0.8858 | best_metric=0.9412 (epoch 23) | time=11.0s
[Epoch 032/100] train_loss=0.257603 | val_loss=1.464348 | val_acc=0.4740 | best_metric=0.9412 (epoch 23) | time=10.7s
[Epoch 033/100] train_loss=0.252936 | val_loss=0.377467 | val_acc=0.8754 | best_metric=0.9412 (epoch 23) | time=9.4s
[Epoch 034/100] train_loss=0.243972 | val_loss=0.327569 | val_acc=0.9204 | best_metric=0.9412 (epoch 23) | time=10.9s
[Epoch 035/100] train_loss=0.207827 | val_loss=0.568963 | val_acc=0.8754 | best_metric=0.9412 (epoch 23) | time=10.8s
[Epoch 036/100] train_loss=0.227226 | val_loss=0.623864 | val_acc=0.7093 | best_metric=0.9412 (epoch 23) | time=9.8s
[Epoch 037/100] train_loss=0.213827 | val_loss=0.325640 | val_acc=0.9204 | best_metric=0.9412 (epoch 23) | time=10.4s
[Epoch 038/100] train_loss=0.204911 | val_loss=0.432182 | val_acc=0.8131 | best_metric=0.9412 (epoch 23) | time=10.9s
[Epoch 039/100] train_loss=0.198937 | val_loss=0.676491 | val_acc=0.8339 | best_metric=0.9412 (epoch 23) | time=11.1s
[Epoch 040/100] train_loss=0.191719 | val_loss=0.583255 | val_acc=0.7336 | best_metric=0.9412 (epoch 23) | time=10.6s
[Epoch 041/100] train_loss=0.184206 | val_loss=0.280378 | val_acc=0.9239 | best_metric=0.9412 (epoch 23) | time=10.6s
[Epoch 042/100] train_loss=0.185860 | val_loss=0.876980 | val_acc=0.6401 | best_metric=0.9412 (epoch 23) | time=11.2s
[Epoch 043/100] train_loss=0.188653 | val_loss=0.308812 | val_acc=0.8997 | best_metric=0.9412 (epoch 23) | time=11.0s
[Epoch 044/100] train_loss=0.208761 | val_loss=1.119860 | val_acc=0.5606 | best_metric=0.9412 (epoch 23) | time=9.9s
[Epoch 045/100] train_loss=0.174935 | val_loss=0.258490 | val_acc=0.9377 | best_metric=0.9412 (epoch 23) | time=11.0s
[Epoch 046/100] train_loss=0.167829 | val_loss=0.311345 | val_acc=0.9066 | best_metric=0.9412 (epoch 23) | time=11.6s
[Epoch 047/100] train_loss=0.174275 | val_loss=0.269079 | val_acc=0.9516 | best_metric=0.9516 (epoch 47) | time=11.2s
[Epoch 048/100] train_loss=0.142163 | val_loss=0.263223 | val_acc=0.9377 | best_metric=0.9516 (epoch 47) | time=11.0s
[Epoch 049/100] train_loss=0.158479 | val_loss=0.247836 | val_acc=0.9446 | best_metric=0.9516 (epoch 47) | time=11.2s
[Epoch 050/100] train_loss=0.143689 | val_loss=0.275568 | val_acc=0.9239 | best_metric=0.9516 (epoch 47) | time=12.4s
[Epoch 051/100] train_loss=0.151912 | val_loss=0.278714 | val_acc=0.9170 | best_metric=0.9516 (epoch 47) | time=11.2s
[Epoch 052/100] train_loss=0.153256 | val_loss=0.287593 | val_acc=0.9170 | best_metric=0.9516 (epoch 47) | time=11.4s
[Epoch 053/100] train_loss=0.155015 | val_loss=0.267886 | val_acc=0.9308 | best_metric=0.9516 (epoch 47) | time=11.1s
[Epoch 054/100] train_loss=0.130886 | val_loss=0.238856 | val_acc=0.9446 | best_metric=0.9516 (epoch 47) | time=11.8s
[Epoch 055/100] train_loss=0.119090 | val_loss=0.244675 | val_acc=0.9446 | best_metric=0.9516 (epoch 47) | time=11.8s
[Epoch 056/100] train_loss=0.125204 | val_loss=0.244303 | val_acc=0.9170 | best_metric=0.9516 (epoch 47) | time=10.5s
[Epoch 057/100] train_loss=0.119298 | val_loss=0.300466 | val_acc=0.9100 | best_metric=0.9516 (epoch 47) | time=11.4s
[Epoch 058/100] train_loss=0.147063 | val_loss=0.502620 | val_acc=0.7889 | best_metric=0.9516 (epoch 47) | time=11.1s
[Epoch 059/100] train_loss=0.119996 | val_loss=0.392193 | val_acc=0.8547 | best_metric=0.9516 (epoch 47) | time=10.9s
[Epoch 060/100] train_loss=0.122610 | val_loss=0.274121 | val_acc=0.9204 | best_metric=0.9516 (epoch 47) | time=11.1s
[Epoch 061/100] train_loss=0.099690 | val_loss=1.432505 | val_acc=0.5329 | best_metric=0.9516 (epoch 47) | time=12.2s
[Epoch 062/100] train_loss=0.132387 | val_loss=0.330545 | val_acc=0.8893 | best_metric=0.9516 (epoch 47) | time=10.7s
[Epoch 063/100] train_loss=0.112414 | val_loss=0.317404 | val_acc=0.9135 | best_metric=0.9516 (epoch 47) | time=10.8s
[Epoch 064/100] train_loss=0.098348 | val_loss=0.238030 | val_acc=0.9273 | best_metric=0.9516 (epoch 47) | time=10.3s
[Epoch 065/100] train_loss=0.098784 | val_loss=0.481152 | val_acc=0.8201 | best_metric=0.9516 (epoch 47) | time=10.9s
[Epoch 066/100] train_loss=0.086196 | val_loss=0.283970 | val_acc=0.9170 | best_metric=0.9516 (epoch 47) | time=10.5s
[Epoch 067/100] train_loss=0.092545 | val_loss=0.560178 | val_acc=0.7647 | best_metric=0.9516 (epoch 47) | time=11.5s
[Epoch 068/100] train_loss=0.104600 | val_loss=0.307214 | val_acc=0.9170 | best_metric=0.9516 (epoch 47) | time=10.2s
[Epoch 069/100] train_loss=0.114476 | val_loss=0.460134 | val_acc=0.8201 | best_metric=0.9516 (epoch 47) | time=11.1s
[Epoch 070/100] train_loss=0.099614 | val_loss=0.250529 | val_acc=0.9239 | best_metric=0.9516 (epoch 47) | time=10.5s
[Epoch 071/100] train_loss=0.088808 | val_loss=0.479078 | val_acc=0.8166 | best_metric=0.9516 (epoch 47) | time=10.4s
[Epoch 072/100] train_loss=0.093141 | val_loss=0.836147 | val_acc=0.6609 | best_metric=0.9516 (epoch 47) | time=10.6s
[Epoch 073/100] train_loss=0.085738 | val_loss=0.253936 | val_acc=0.9239 | best_metric=0.9516 (epoch 47) | time=10.6s
[Epoch 074/100] train_loss=0.080625 | val_loss=0.514715 | val_acc=0.7889 | best_metric=0.9516 (epoch 47) | time=10.8s
[Epoch 075/100] train_loss=0.078633 | val_loss=0.351151 | val_acc=0.9031 | best_metric=0.9516 (epoch 47) | time=10.8s
[Epoch 076/100] train_loss=0.076007 | val_loss=0.249134 | val_acc=0.9239 | best_metric=0.9516 (epoch 47) | time=11.3s
[Epoch 077/100] train_loss=0.086015 | val_loss=0.515365 | val_acc=0.8754 | best_metric=0.9516 (epoch 47) | time=11.0s
[Epoch 078/100] train_loss=0.090016 | val_loss=0.423203 | val_acc=0.8408 | best_metric=0.9516 (epoch 47) | time=10.3s
[Epoch 079/100] train_loss=0.083583 | val_loss=0.267534 | val_acc=0.9135 | best_metric=0.9516 (epoch 47) | time=11.0s
[Epoch 080/100] train_loss=0.088868 | val_loss=0.255590 | val_acc=0.9170 | best_metric=0.9516 (epoch 47) | time=10.2s
[Epoch 081/100] train_loss=0.077951 | val_loss=0.349989 | val_acc=0.9100 | best_metric=0.9516 (epoch 47) | time=11.5s
[Epoch 082/100] train_loss=0.060953 | val_loss=0.264385 | val_acc=0.9308 | best_metric=0.9516 (epoch 47) | time=12.1s
[Epoch 083/100] train_loss=0.074365 | val_loss=0.447412 | val_acc=0.8235 | best_metric=0.9516 (epoch 47) | time=9.9s
[Epoch 084/100] train_loss=0.083968 | val_loss=0.305308 | val_acc=0.9031 | best_metric=0.9516 (epoch 47) | time=12.0s
[Epoch 085/100] train_loss=0.068910 | val_loss=0.792583 | val_acc=0.7266 | best_metric=0.9516 (epoch 47) | time=11.0s
[Epoch 086/100] train_loss=0.056200 | val_loss=0.326175 | val_acc=0.8858 | best_metric=0.9516 (epoch 47) | time=10.7s
[Epoch 087/100] train_loss=0.054016 | val_loss=0.481351 | val_acc=0.8201 | best_metric=0.9516 (epoch 47) | time=10.1s
[Epoch 088/100] train_loss=0.069917 | val_loss=0.276279 | val_acc=0.9170 | best_metric=0.9516 (epoch 47) | time=13.6s
[Epoch 089/100] train_loss=0.053507 | val_loss=0.281180 | val_acc=0.9239 | best_metric=0.9516 (epoch 47) | time=10.1s
[Epoch 090/100] train_loss=0.084476 | val_loss=0.223443 | val_acc=0.9343 | best_metric=0.9516 (epoch 47) | time=11.0s
[Epoch 091/100] train_loss=0.055873 | val_loss=0.245659 | val_acc=0.9239 | best_metric=0.9516 (epoch 47) | time=10.8s
[Epoch 092/100] train_loss=0.048006 | val_loss=0.277683 | val_acc=0.9170 | best_metric=0.9516 (epoch 47) | time=11.1s
[Epoch 093/100] train_loss=0.066789 | val_loss=0.319632 | val_acc=0.8997 | best_metric=0.9516 (epoch 47) | time=11.0s
[Epoch 094/100] train_loss=0.059138 | val_loss=0.588029 | val_acc=0.7751 | best_metric=0.9516 (epoch 47) | time=11.0s
[Epoch 095/100] train_loss=0.063860 | val_loss=0.472432 | val_acc=0.8304 | best_metric=0.9516 (epoch 47) | time=11.1s
[Epoch 096/100] train_loss=0.067225 | val_loss=0.835400 | val_acc=0.7093 | best_metric=0.9516 (epoch 47) | time=11.4s
[Epoch 097/100] train_loss=0.058554 | val_loss=0.225229 | val_acc=0.9377 | best_metric=0.9516 (epoch 47) | time=10.7s
[Epoch 098/100] train_loss=0.047931 | val_loss=1.940777 | val_acc=0.4913 | best_metric=0.9516 (epoch 47) | time=10.9s
[Epoch 099/100] train_loss=0.054013 | val_loss=0.256367 | val_acc=0.9204 | best_metric=0.9516 (epoch 47) | time=10.7s
[Epoch 100/100] train_loss=0.046799 | val_loss=0.267922 | val_acc=0.9239 | best_metric=0.9516 (epoch 47) | time=11.1s
[DONE] finetune finished in 18.05 min
[DONE] best metric = 0.951557 at epoch 47
/home/ted1204/MS_Detection/src/training/trainer_test.py:469: FutureWarning: You are using `torch.load` with `weights_only=False` (the current default value), which uses the default pickle module implicitly. It is possible to construct malicious pickle data which will execute arbitrary code during unpickling (See https://github.com/pytorch/pytorch/blob/main/SECURITY.md#untrusted-models for more details). In a future release, the default value for `weights_only` will be flipped to `True`. This limits the functions that could be executed during unpickling. Arbitrary objects will no longer be allowed to be loaded via this mode unless they are explicitly allowlisted by the user via `torch.serialization.add_safe_globals`. We recommend you start setting `weights_only=True` for any use case where you don't have full control of the loaded file. Please open an issue on GitHub for any issues related to this experimental feature.
  ckpt = torch.load(ckpt_path, map_location="cpu")
[INFO] device: cuda
[INFO] visible GPUs: 0
[INFO] device: cuda
[INFO] save_dir: runs/hpo_stage1c_reconst/test/pohang_hpo3_reconst_L5_D128_BP5_80
[INFO] loaded finetuned model from: runs/hpo_stage1c_reconst/finetune/pohang_hpo3_reconst_L5_D128_BP5_80/best.pt
[INFO] load missing keys   : 0
[INFO] load unexpected keys: 0
[INFO] saved val predictions: runs/hpo_stage1c_reconst/test/pohang_hpo3_reconst_L5_D128_BP5_80/val_predictions.csv
[INFO] saved val threshold summary: runs/hpo_stage1c_reconst/test/pohang_hpo3_reconst_L5_D128_BP5_80/val_threshold_summary.json
[INFO] selected threshold from val: 1.960731
[INFO] saved test predictions: runs/hpo_stage1c_reconst/test/pohang_hpo3_reconst_L5_D128_BP5_80/test_predictions.csv
[INFO] saved test metrics    : runs/hpo_stage1c_reconst/test/pohang_hpo3_reconst_L5_D128_BP5_80/test_metrics_fixed_threshold.json
{
  "acc": 0.8027210884353742,
  "precision": 0.7886178861788617,
  "recall": 0.751937984496124,
  "f1": 0.7698412698412698,
  "tp": 97,
  "tn": 139,
  "fp": 26,
  "fn": 32,
  "threshold": 1.9607309103012085
}
[WARN] json not found: runs/hpo_stage1c_reconst/test/pohang_hpo3_reconst_L5_D128_BP5_80/metrics.json
[DONE] pred_csv : runs/hpo_stage1c_reconst/test/pohang_hpo3_reconst_L5_D128_BP5_80/test_predictions.csv
[DONE] out_dir  : runs/hpo_stage1c_reconst/test/pohang_hpo3_reconst_L5_D128_BP5_80/analysis
[DONE] run_hpo3_reconst.sh finished.
[WORKER-2] finished cfg=config/base_hpo3_reconst_03.yaml status=0
