[INFO] CUDA_VISIBLE_DEVICES=5
[INFO] MODE=full
[INFO] BASE_CFG=config/base_hpo3_reconst_05.yaml
[INFO] device: cuda
[INFO] visible GPUs: 0
[INFO] device: cuda
[INFO] pretrain mode: reconstruction
[INFO] save_dir: runs/hpo_stage1c_reconst/pretrain/pohang_hpo3_reconst_L5_D256_BP5_60
[INFO] model params: 6,577,345
[Epoch 001/150] loss=6.371861 | best=6.371861 (epoch 1) | time=40.7s
[Epoch 002/150] loss=2.601352 | best=2.601352 (epoch 2) | time=43.0s
[Epoch 003/150] loss=1.234257 | best=1.234257 (epoch 3) | time=40.4s
[Epoch 004/150] loss=0.665253 | best=0.665253 (epoch 4) | time=39.3s
[Epoch 005/150] loss=0.482866 | best=0.482866 (epoch 5) | time=38.8s
[Epoch 006/150] loss=0.391921 | best=0.391921 (epoch 6) | time=38.8s
[Epoch 007/150] loss=0.360187 | best=0.360187 (epoch 7) | time=40.9s
[Epoch 008/150] loss=0.327188 | best=0.327188 (epoch 8) | time=40.7s
[Epoch 009/150] loss=0.307324 | best=0.307324 (epoch 9) | time=37.7s
[Epoch 010/150] loss=0.305459 | best=0.305459 (epoch 10) | time=37.9s
[Epoch 011/150] loss=0.287807 | best=0.287807 (epoch 11) | time=40.8s
[Epoch 012/150] loss=0.273033 | best=0.273033 (epoch 12) | time=39.2s
[Epoch 013/150] loss=0.256553 | best=0.256553 (epoch 13) | time=39.3s
[Epoch 014/150] loss=0.232098 | best=0.232098 (epoch 14) | time=40.3s
[Epoch 015/150] loss=0.211693 | best=0.211693 (epoch 15) | time=41.6s
[Epoch 016/150] loss=0.198520 | best=0.198520 (epoch 16) | time=39.6s
[Epoch 017/150] loss=0.179828 | best=0.179828 (epoch 17) | time=40.0s
[Epoch 018/150] loss=0.158839 | best=0.158839 (epoch 18) | time=39.0s
[Epoch 019/150] loss=0.140916 | best=0.140916 (epoch 19) | time=37.7s
[Epoch 020/150] loss=0.133088 | best=0.133088 (epoch 20) | time=38.9s
[Epoch 021/150] loss=0.122990 | best=0.122990 (epoch 21) | time=39.6s
[Epoch 022/150] loss=0.113669 | best=0.113669 (epoch 22) | time=37.9s
[Epoch 023/150] loss=0.106091 | best=0.106091 (epoch 23) | time=36.9s
[Epoch 024/150] loss=0.106899 | best=0.106091 (epoch 23) | time=37.0s
[Epoch 025/150] loss=0.095631 | best=0.095631 (epoch 25) | time=38.8s
[Epoch 026/150] loss=0.089028 | best=0.089028 (epoch 26) | time=41.7s
[Epoch 027/150] loss=0.080849 | best=0.080849 (epoch 27) | time=37.7s
[Epoch 028/150] loss=0.083514 | best=0.080849 (epoch 27) | time=35.9s
[Epoch 029/150] loss=0.075760 | best=0.075760 (epoch 29) | time=41.3s
[Epoch 030/150] loss=0.072118 | best=0.072118 (epoch 30) | time=37.6s
[Epoch 031/150] loss=0.074185 | best=0.072118 (epoch 30) | time=38.5s
[Epoch 032/150] loss=0.064065 | best=0.064065 (epoch 32) | time=38.4s
[Epoch 033/150] loss=0.067226 | best=0.064065 (epoch 32) | time=38.3s
[Epoch 034/150] loss=0.064217 | best=0.064065 (epoch 32) | time=39.8s
[Epoch 035/150] loss=0.055420 | best=0.055420 (epoch 35) | time=40.8s
[Epoch 036/150] loss=0.058985 | best=0.055420 (epoch 35) | time=37.9s
[Epoch 037/150] loss=0.057896 | best=0.055420 (epoch 35) | time=37.2s
[Epoch 038/150] loss=0.055660 | best=0.055420 (epoch 35) | time=35.7s
[Epoch 039/150] loss=0.054814 | best=0.054814 (epoch 39) | time=37.1s
[Epoch 040/150] loss=0.051430 | best=0.051430 (epoch 40) | time=37.4s
[Epoch 041/150] loss=0.048219 | best=0.048219 (epoch 41) | time=36.8s
[Epoch 042/150] loss=0.049728 | best=0.048219 (epoch 41) | time=36.6s
[Epoch 043/150] loss=0.050584 | best=0.048219 (epoch 41) | time=36.5s
[Epoch 044/150] loss=0.050602 | best=0.048219 (epoch 41) | time=37.2s
[Epoch 045/150] loss=0.050192 | best=0.048219 (epoch 41) | time=36.1s
[Epoch 046/150] loss=0.052759 | best=0.048219 (epoch 41) | time=37.6s
[Epoch 047/150] loss=0.046538 | best=0.046538 (epoch 47) | time=37.6s
[Epoch 048/150] loss=0.043179 | best=0.043179 (epoch 48) | time=37.8s
[Epoch 049/150] loss=0.051376 | best=0.043179 (epoch 48) | time=41.7s
[Epoch 050/150] loss=0.046434 | best=0.043179 (epoch 48) | time=38.7s
[Epoch 051/150] loss=0.050932 | best=0.043179 (epoch 48) | time=36.7s
[Epoch 052/150] loss=0.042545 | best=0.042545 (epoch 52) | time=37.0s
[Epoch 053/150] loss=0.042136 | best=0.042136 (epoch 53) | time=38.2s
[Epoch 054/150] loss=0.042782 | best=0.042136 (epoch 53) | time=35.9s
[Epoch 055/150] loss=0.036381 | best=0.036381 (epoch 55) | time=38.8s
[Epoch 056/150] loss=0.044389 | best=0.036381 (epoch 55) | time=37.1s
[Epoch 057/150] loss=0.036463 | best=0.036381 (epoch 55) | time=37.0s
[Epoch 058/150] loss=0.041157 | best=0.036381 (epoch 55) | time=36.6s
[Epoch 059/150] loss=0.036284 | best=0.036284 (epoch 59) | time=36.7s
[Epoch 060/150] loss=0.032657 | best=0.032657 (epoch 60) | time=37.5s
[Epoch 061/150] loss=0.037106 | best=0.032657 (epoch 60) | time=38.9s
[Epoch 062/150] loss=0.039812 | best=0.032657 (epoch 60) | time=37.4s
[Epoch 063/150] loss=0.037552 | best=0.032657 (epoch 60) | time=36.2s
[Epoch 064/150] loss=0.036175 | best=0.032657 (epoch 60) | time=39.3s
[Epoch 065/150] loss=0.033339 | best=0.032657 (epoch 60) | time=37.3s
[Epoch 066/150] loss=0.034823 | best=0.032657 (epoch 60) | time=36.6s
[Epoch 067/150] loss=0.033905 | best=0.032657 (epoch 60) | time=37.8s
[Epoch 068/150] loss=0.039499 | best=0.032657 (epoch 60) | time=35.9s
[Epoch 069/150] loss=0.037968 | best=0.032657 (epoch 60) | time=35.1s
[Epoch 070/150] loss=0.032094 | best=0.032094 (epoch 70) | time=36.9s
[Epoch 071/150] loss=0.030080 | best=0.030080 (epoch 71) | time=36.9s
Traceback (most recent call last):
  File "/home/ted1204/MS_Detection/src/training/trainer_pretrain.py", line 419, in <module>
    main()
  File "/home/ted1204/MS_Detection/src/training/trainer_pretrain.py", line 383, in main
    metrics = train_one_epoch_reconstruction(
  File "/home/ted1204/MS_Detection/src/training/trainer_pretrain.py", line 260, in train_one_epoch_reconstruction
    scaler.step(optimizer)
  File "/home/ted1204/.conda/envs/ms_detection/lib/python3.10/site-packages/torch/amp/grad_scaler.py", line 454, in step
    retval = self._maybe_opt_step(optimizer, optimizer_state, *args, **kwargs)
  File "/home/ted1204/.conda/envs/ms_detection/lib/python3.10/site-packages/torch/amp/grad_scaler.py", line 351, in _maybe_opt_step
    if not sum(v.item() for v in optimizer_state["found_inf_per_device"].values()):
  File "/home/ted1204/.conda/envs/ms_detection/lib/python3.10/site-packages/torch/amp/grad_scaler.py", line 351, in <genexpr>
    if not sum(v.item() for v in optimizer_state["found_inf_per_device"].values()):
KeyboardInterrupt
============================================================
[START] 2026-03-19 12:02:30 worker=4 gpu=5 cfg=config/base_hpo3_reconst_05.yaml mode=full
============================================================
[INFO] CUDA_VISIBLE_DEVICES=5
[INFO] MODE=full
[INFO] BASE_CFG=config/base_hpo3_reconst_05.yaml
[INFO] device: cuda
[INFO] visible GPUs: 0
[INFO] device: cuda
[INFO] pretrain mode: reconstruction
[INFO] save_dir: runs/hpo_stage1c_reconst/pretrain/pohang_hpo3_reconst_L5_D256_BP5_60
[INFO] model params: 6,577,345
[Epoch 001/150] loss=6.371861 | best=6.371861 (epoch 1) | time=45.7s
[Epoch 002/150] loss=2.601352 | best=2.601352 (epoch 2) | time=39.4s
[Epoch 003/150] loss=1.234257 | best=1.234257 (epoch 3) | time=45.8s
[Epoch 004/150] loss=0.665253 | best=0.665253 (epoch 4) | time=38.9s
[Epoch 005/150] loss=0.482866 | best=0.482866 (epoch 5) | time=36.9s
[Epoch 006/150] loss=0.391921 | best=0.391921 (epoch 6) | time=40.6s
[Epoch 007/150] loss=0.360187 | best=0.360187 (epoch 7) | time=38.1s
[Epoch 008/150] loss=0.327188 | best=0.327188 (epoch 8) | time=38.4s
[Epoch 009/150] loss=0.307324 | best=0.307324 (epoch 9) | time=38.0s
[Epoch 010/150] loss=0.305459 | best=0.305459 (epoch 10) | time=37.3s
[Epoch 011/150] loss=0.287807 | best=0.287807 (epoch 11) | time=36.3s
[Epoch 012/150] loss=0.273033 | best=0.273033 (epoch 12) | time=38.9s
[Epoch 013/150] loss=0.256553 | best=0.256553 (epoch 13) | time=41.1s
[Epoch 014/150] loss=0.232098 | best=0.232098 (epoch 14) | time=38.6s
[Epoch 015/150] loss=0.211693 | best=0.211693 (epoch 15) | time=37.9s
[Epoch 016/150] loss=0.198520 | best=0.198520 (epoch 16) | time=39.2s
[Epoch 017/150] loss=0.179828 | best=0.179828 (epoch 17) | time=38.4s
[Epoch 018/150] loss=0.158839 | best=0.158839 (epoch 18) | time=37.6s
[Epoch 019/150] loss=0.140916 | best=0.140916 (epoch 19) | time=38.3s
[Epoch 020/150] loss=0.133088 | best=0.133088 (epoch 20) | time=37.7s
[Epoch 021/150] loss=0.122990 | best=0.122990 (epoch 21) | time=36.9s
[Epoch 022/150] loss=0.113669 | best=0.113669 (epoch 22) | time=40.4s
[Epoch 023/150] loss=0.106091 | best=0.106091 (epoch 23) | time=38.3s
[Epoch 024/150] loss=0.106899 | best=0.106091 (epoch 23) | time=36.7s
[Epoch 025/150] loss=0.095631 | best=0.095631 (epoch 25) | time=37.8s
[Epoch 026/150] loss=0.089028 | best=0.089028 (epoch 26) | time=37.4s
[Epoch 027/150] loss=0.080849 | best=0.080849 (epoch 27) | time=38.4s
[Epoch 028/150] loss=0.083514 | best=0.080849 (epoch 27) | time=37.3s
[Epoch 029/150] loss=0.075760 | best=0.075760 (epoch 29) | time=36.9s
[Epoch 030/150] loss=0.072118 | best=0.072118 (epoch 30) | time=38.3s
[Epoch 031/150] loss=0.074185 | best=0.072118 (epoch 30) | time=38.3s
[Epoch 032/150] loss=0.064065 | best=0.064065 (epoch 32) | time=37.4s
[Epoch 033/150] loss=0.067226 | best=0.064065 (epoch 32) | time=35.8s
[Epoch 034/150] loss=0.064217 | best=0.064065 (epoch 32) | time=36.5s
[Epoch 035/150] loss=0.055420 | best=0.055420 (epoch 35) | time=36.3s
[Epoch 036/150] loss=0.058985 | best=0.055420 (epoch 35) | time=35.5s
[Epoch 037/150] loss=0.057896 | best=0.055420 (epoch 35) | time=36.9s
[Epoch 038/150] loss=0.055660 | best=0.055420 (epoch 35) | time=35.7s
[Epoch 039/150] loss=0.054814 | best=0.054814 (epoch 39) | time=40.0s
[Epoch 040/150] loss=0.051430 | best=0.051430 (epoch 40) | time=38.7s
[Epoch 041/150] loss=0.048219 | best=0.048219 (epoch 41) | time=39.0s
[Epoch 042/150] loss=0.049728 | best=0.048219 (epoch 41) | time=35.8s
[Epoch 043/150] loss=0.050584 | best=0.048219 (epoch 41) | time=35.7s
[Epoch 044/150] loss=0.050602 | best=0.048219 (epoch 41) | time=35.9s
[Epoch 045/150] loss=0.050192 | best=0.048219 (epoch 41) | time=36.4s
[Epoch 046/150] loss=0.052759 | best=0.048219 (epoch 41) | time=35.6s
[Epoch 047/150] loss=0.046538 | best=0.046538 (epoch 47) | time=35.5s
[Epoch 048/150] loss=0.043179 | best=0.043179 (epoch 48) | time=37.2s
[Epoch 049/150] loss=0.051376 | best=0.043179 (epoch 48) | time=35.7s
[Epoch 050/150] loss=0.046434 | best=0.043179 (epoch 48) | time=35.8s
[Epoch 051/150] loss=0.050932 | best=0.043179 (epoch 48) | time=40.0s
[Epoch 052/150] loss=0.042545 | best=0.042545 (epoch 52) | time=37.2s
[Epoch 053/150] loss=0.042136 | best=0.042136 (epoch 53) | time=36.8s
[Epoch 054/150] loss=0.042782 | best=0.042136 (epoch 53) | time=35.9s
[Epoch 055/150] loss=0.036381 | best=0.036381 (epoch 55) | time=41.3s
[Epoch 056/150] loss=0.044389 | best=0.036381 (epoch 55) | time=36.3s
[Epoch 057/150] loss=0.036463 | best=0.036381 (epoch 55) | time=36.2s
[Epoch 058/150] loss=0.041157 | best=0.036381 (epoch 55) | time=36.5s
[Epoch 059/150] loss=0.036284 | best=0.036284 (epoch 59) | time=37.6s
[Epoch 060/150] loss=0.032657 | best=0.032657 (epoch 60) | time=37.6s
[Epoch 061/150] loss=0.037106 | best=0.032657 (epoch 60) | time=37.6s
[Epoch 062/150] loss=0.039812 | best=0.032657 (epoch 60) | time=36.3s
[Epoch 063/150] loss=0.037552 | best=0.032657 (epoch 60) | time=37.0s
[Epoch 064/150] loss=0.036175 | best=0.032657 (epoch 60) | time=36.1s
[Epoch 065/150] loss=0.033339 | best=0.032657 (epoch 60) | time=35.6s
[Epoch 066/150] loss=0.034823 | best=0.032657 (epoch 60) | time=35.8s
[Epoch 067/150] loss=0.033905 | best=0.032657 (epoch 60) | time=35.2s
[Epoch 068/150] loss=0.039499 | best=0.032657 (epoch 60) | time=37.0s
[Epoch 069/150] loss=0.037968 | best=0.032657 (epoch 60) | time=35.7s
[Epoch 070/150] loss=0.032094 | best=0.032094 (epoch 70) | time=36.3s
[Epoch 071/150] loss=0.030080 | best=0.030080 (epoch 71) | time=38.6s
[Epoch 072/150] loss=0.035063 | best=0.030080 (epoch 71) | time=36.4s
[Epoch 073/150] loss=0.037603 | best=0.030080 (epoch 71) | time=35.3s
[Epoch 074/150] loss=0.032506 | best=0.030080 (epoch 71) | time=35.0s
[Epoch 075/150] loss=0.029721 | best=0.029721 (epoch 75) | time=36.9s
[Epoch 076/150] loss=0.035690 | best=0.029721 (epoch 75) | time=36.2s
[Epoch 077/150] loss=0.029538 | best=0.029538 (epoch 77) | time=36.4s
[Epoch 078/150] loss=0.031709 | best=0.029538 (epoch 77) | time=35.7s
[Epoch 079/150] loss=0.034710 | best=0.029538 (epoch 77) | time=35.9s
[Epoch 080/150] loss=0.028016 | best=0.028016 (epoch 80) | time=37.2s
[Epoch 081/150] loss=0.029101 | best=0.028016 (epoch 80) | time=35.8s
[Epoch 082/150] loss=0.028610 | best=0.028016 (epoch 80) | time=35.6s
[Epoch 083/150] loss=0.029646 | best=0.028016 (epoch 80) | time=36.5s
[Epoch 084/150] loss=0.025067 | best=0.025067 (epoch 84) | time=36.3s
[Epoch 085/150] loss=0.029765 | best=0.025067 (epoch 84) | time=36.0s
[Epoch 086/150] loss=0.028141 | best=0.025067 (epoch 84) | time=35.8s
[Epoch 087/150] loss=0.030212 | best=0.025067 (epoch 84) | time=35.0s
[Epoch 088/150] loss=0.026350 | best=0.025067 (epoch 84) | time=35.8s
[Epoch 089/150] loss=0.026579 | best=0.025067 (epoch 84) | time=36.0s
[Epoch 090/150] loss=0.027264 | best=0.025067 (epoch 84) | time=35.2s
[Epoch 091/150] loss=0.027012 | best=0.025067 (epoch 84) | time=35.1s
[Epoch 092/150] loss=0.028276 | best=0.025067 (epoch 84) | time=35.9s
[Epoch 093/150] loss=0.028503 | best=0.025067 (epoch 84) | time=36.0s
[Epoch 094/150] loss=0.027433 | best=0.025067 (epoch 84) | time=35.9s
[Epoch 095/150] loss=0.025743 | best=0.025067 (epoch 84) | time=35.1s
[Epoch 096/150] loss=0.022084 | best=0.022084 (epoch 96) | time=35.8s
[Epoch 097/150] loss=0.024393 | best=0.022084 (epoch 96) | time=36.1s
[Epoch 098/150] loss=0.025918 | best=0.022084 (epoch 96) | time=34.7s
[Epoch 099/150] loss=0.024084 | best=0.022084 (epoch 96) | time=35.0s
[Epoch 100/150] loss=0.028724 | best=0.022084 (epoch 96) | time=35.0s
[Epoch 101/150] loss=0.027180 | best=0.022084 (epoch 96) | time=34.7s
[Epoch 102/150] loss=0.029785 | best=0.022084 (epoch 96) | time=35.4s
[Epoch 103/150] loss=0.023842 | best=0.022084 (epoch 96) | time=36.1s
[Epoch 104/150] loss=0.026847 | best=0.022084 (epoch 96) | time=37.3s
[Epoch 105/150] loss=0.024175 | best=0.022084 (epoch 96) | time=35.2s
[Epoch 106/150] loss=0.022353 | best=0.022084 (epoch 96) | time=36.1s
[Epoch 107/150] loss=0.023618 | best=0.022084 (epoch 96) | time=36.0s
[Epoch 108/150] loss=0.026381 | best=0.022084 (epoch 96) | time=35.7s
[Epoch 109/150] loss=0.022578 | best=0.022084 (epoch 96) | time=35.7s
[Epoch 110/150] loss=0.023584 | best=0.022084 (epoch 96) | time=36.1s
[Epoch 111/150] loss=0.023723 | best=0.022084 (epoch 96) | time=36.0s
[Epoch 112/150] loss=0.023332 | best=0.022084 (epoch 96) | time=35.3s
[Epoch 113/150] loss=0.023987 | best=0.022084 (epoch 96) | time=35.7s
[Epoch 114/150] loss=0.019866 | best=0.019866 (epoch 114) | time=37.8s
[Epoch 115/150] loss=0.024822 | best=0.019866 (epoch 114) | time=38.7s
[Epoch 116/150] loss=0.022610 | best=0.019866 (epoch 114) | time=35.6s
[Epoch 117/150] loss=0.020160 | best=0.019866 (epoch 114) | time=36.4s
[Epoch 118/150] loss=0.024394 | best=0.019866 (epoch 114) | time=39.5s
[Epoch 119/150] loss=0.022934 | best=0.019866 (epoch 114) | time=36.4s
[Epoch 120/150] loss=0.024171 | best=0.019866 (epoch 114) | time=36.7s
[Epoch 121/150] loss=0.020667 | best=0.019866 (epoch 114) | time=36.9s
[Epoch 122/150] loss=0.021116 | best=0.019866 (epoch 114) | time=34.8s
[Epoch 123/150] loss=0.019524 | best=0.019524 (epoch 123) | time=36.0s
[Epoch 124/150] loss=0.021255 | best=0.019524 (epoch 123) | time=35.5s
[Epoch 125/150] loss=0.022357 | best=0.019524 (epoch 123) | time=36.5s
[Epoch 126/150] loss=0.020292 | best=0.019524 (epoch 123) | time=39.2s
[Epoch 127/150] loss=0.021898 | best=0.019524 (epoch 123) | time=35.5s
[Epoch 128/150] loss=0.019228 | best=0.019228 (epoch 128) | time=34.1s
[Epoch 129/150] loss=0.022354 | best=0.019228 (epoch 128) | time=34.6s
[Epoch 130/150] loss=0.021232 | best=0.019228 (epoch 128) | time=33.8s
[Epoch 131/150] loss=0.023514 | best=0.019228 (epoch 128) | time=34.4s
[Epoch 132/150] loss=0.018396 | best=0.018396 (epoch 132) | time=35.5s
[Epoch 133/150] loss=0.018584 | best=0.018396 (epoch 132) | time=34.5s
[Epoch 134/150] loss=0.017295 | best=0.017295 (epoch 134) | time=35.0s
[Epoch 135/150] loss=0.019385 | best=0.017295 (epoch 134) | time=35.9s
[Epoch 136/150] loss=0.020477 | best=0.017295 (epoch 134) | time=35.0s
[Epoch 137/150] loss=0.021952 | best=0.017295 (epoch 134) | time=36.3s
[Epoch 138/150] loss=0.018679 | best=0.017295 (epoch 134) | time=36.3s
[Epoch 139/150] loss=0.017433 | best=0.017295 (epoch 134) | time=34.9s
[Epoch 140/150] loss=0.018320 | best=0.017295 (epoch 134) | time=35.1s
[Epoch 141/150] loss=0.017447 | best=0.017295 (epoch 134) | time=36.2s
[Epoch 142/150] loss=0.016075 | best=0.016075 (epoch 142) | time=41.5s
[Epoch 143/150] loss=0.017036 | best=0.016075 (epoch 142) | time=36.3s
[Epoch 144/150] loss=0.017263 | best=0.016075 (epoch 142) | time=35.0s
[Epoch 145/150] loss=0.017393 | best=0.016075 (epoch 142) | time=36.6s
[Epoch 146/150] loss=0.018501 | best=0.016075 (epoch 142) | time=34.7s
[Epoch 147/150] loss=0.016031 | best=0.016031 (epoch 147) | time=36.6s
[Epoch 148/150] loss=0.016854 | best=0.016031 (epoch 147) | time=34.9s
[Epoch 149/150] loss=0.017994 | best=0.016031 (epoch 147) | time=35.7s
[Epoch 150/150] loss=0.018078 | best=0.016031 (epoch 147) | time=34.4s
[DONE] training finished in 91.80 min
[DONE] best loss = 0.016031 at epoch 147
/home/ted1204/MS_Detection/src/training/trainer_finetune.py:186: FutureWarning: You are using `torch.load` with `weights_only=False` (the current default value), which uses the default pickle module implicitly. It is possible to construct malicious pickle data which will execute arbitrary code during unpickling (See https://github.com/pytorch/pytorch/blob/main/SECURITY.md#untrusted-models for more details). In a future release, the default value for `weights_only` will be flipped to `True`. This limits the functions that could be executed during unpickling. Arbitrary objects will no longer be allowed to be loaded via this mode unless they are explicitly allowlisted by the user via `torch.serialization.add_safe_globals`. We recommend you start setting `weights_only=True` for any use case where you don't have full control of the loaded file. Please open an issue on GitHub for any issues related to this experimental feature.
  ckpt = torch.load(encoder_ckpt_path, map_location="cpu")
[INFO] device: cuda
[INFO] visible GPUs: 0
[INFO] device: cuda
[INFO] save_dir: runs/hpo_stage1c_reconst/finetune/pohang_hpo3_reconst_L5_D256_BP5_60
[INFO] model params: 1,701,089
[DEBUG] pretrained_encoder_path = runs/hpo_stage1c_reconst/pretrain/pohang_hpo3_reconst_L5_D256_BP5_60/best_encoder.pt
[INFO] loaded encoder weights from: runs/hpo_stage1c_reconst/pretrain/pohang_hpo3_reconst_L5_D256_BP5_60/best_encoder.pt
[INFO] encoder load missing keys   : 0
[INFO] encoder load unexpected keys: 0
[INFO] center_c shape: (256,)
[Epoch 001/100] train_loss=0.888583 | val_loss=1.045810 | val_acc=0.5709 | best_metric=0.5709 (epoch 1) | time=10.2s
[Epoch 002/100] train_loss=0.723800 | val_loss=0.822121 | val_acc=0.6886 | best_metric=0.6886 (epoch 2) | time=10.0s
[Epoch 003/100] train_loss=0.684240 | val_loss=0.681986 | val_acc=0.7370 | best_metric=0.7370 (epoch 3) | time=9.4s
[Epoch 004/100] train_loss=0.646841 | val_loss=0.660424 | val_acc=0.8201 | best_metric=0.8201 (epoch 4) | time=10.5s
[Epoch 005/100] train_loss=0.630852 | val_loss=0.647267 | val_acc=0.7336 | best_metric=0.8201 (epoch 4) | time=10.0s
[Epoch 006/100] train_loss=0.595455 | val_loss=0.617190 | val_acc=0.7889 | best_metric=0.8201 (epoch 4) | time=9.5s
[Epoch 007/100] train_loss=0.569543 | val_loss=0.577239 | val_acc=0.8131 | best_metric=0.8201 (epoch 4) | time=9.6s
[Epoch 008/100] train_loss=0.540464 | val_loss=0.498199 | val_acc=0.8478 | best_metric=0.8478 (epoch 8) | time=10.7s
[Epoch 009/100] train_loss=0.489312 | val_loss=0.467763 | val_acc=0.9135 | best_metric=0.9135 (epoch 9) | time=10.0s
[Epoch 010/100] train_loss=0.482324 | val_loss=0.489978 | val_acc=0.9446 | best_metric=0.9446 (epoch 10) | time=9.6s
[Epoch 011/100] train_loss=0.456540 | val_loss=0.444046 | val_acc=0.8720 | best_metric=0.9446 (epoch 10) | time=9.8s
[Epoch 012/100] train_loss=0.413245 | val_loss=0.474346 | val_acc=0.8685 | best_metric=0.9446 (epoch 10) | time=10.0s
[Epoch 013/100] train_loss=0.421802 | val_loss=0.447571 | val_acc=0.8581 | best_metric=0.9446 (epoch 10) | time=10.3s
[Epoch 014/100] train_loss=0.388558 | val_loss=0.654767 | val_acc=0.8547 | best_metric=0.9446 (epoch 10) | time=9.9s
[Epoch 015/100] train_loss=0.377402 | val_loss=0.353767 | val_acc=0.9585 | best_metric=0.9585 (epoch 15) | time=10.1s
[Epoch 016/100] train_loss=0.374084 | val_loss=0.422485 | val_acc=0.8858 | best_metric=0.9585 (epoch 15) | time=9.9s
[Epoch 017/100] train_loss=0.339192 | val_loss=0.400635 | val_acc=0.8858 | best_metric=0.9585 (epoch 15) | time=10.2s
[Epoch 018/100] train_loss=0.316522 | val_loss=1.084204 | val_acc=0.5329 | best_metric=0.9585 (epoch 15) | time=10.5s
[Epoch 019/100] train_loss=0.324515 | val_loss=0.382460 | val_acc=0.8858 | best_metric=0.9585 (epoch 15) | time=10.4s
[Epoch 020/100] train_loss=0.321349 | val_loss=0.265414 | val_acc=0.9308 | best_metric=0.9585 (epoch 15) | time=10.7s
[Epoch 021/100] train_loss=0.305648 | val_loss=0.274884 | val_acc=0.9585 | best_metric=0.9585 (epoch 15) | time=10.5s
[Epoch 022/100] train_loss=0.308724 | val_loss=0.525592 | val_acc=0.8443 | best_metric=0.9585 (epoch 15) | time=10.2s
[Epoch 023/100] train_loss=0.320401 | val_loss=0.291406 | val_acc=0.9516 | best_metric=0.9585 (epoch 15) | time=10.3s
[Epoch 024/100] train_loss=0.266866 | val_loss=0.285780 | val_acc=0.9239 | best_metric=0.9585 (epoch 15) | time=10.4s
[Epoch 025/100] train_loss=0.314663 | val_loss=0.504814 | val_acc=0.8270 | best_metric=0.9585 (epoch 15) | time=10.2s
[Epoch 026/100] train_loss=0.263810 | val_loss=0.767409 | val_acc=0.6886 | best_metric=0.9585 (epoch 15) | time=10.5s
[Epoch 027/100] train_loss=0.297319 | val_loss=0.385883 | val_acc=0.9135 | best_metric=0.9585 (epoch 15) | time=10.8s
[Epoch 028/100] train_loss=0.242288 | val_loss=0.247985 | val_acc=0.9723 | best_metric=0.9723 (epoch 28) | time=10.9s
[Epoch 029/100] train_loss=0.256502 | val_loss=0.264304 | val_acc=0.9239 | best_metric=0.9723 (epoch 28) | time=10.3s
[Epoch 030/100] train_loss=0.262481 | val_loss=0.444446 | val_acc=0.8858 | best_metric=0.9723 (epoch 28) | time=10.6s
[Epoch 031/100] train_loss=0.212466 | val_loss=0.414129 | val_acc=0.8893 | best_metric=0.9723 (epoch 28) | time=10.6s
[Epoch 032/100] train_loss=0.184113 | val_loss=0.229983 | val_acc=0.9619 | best_metric=0.9723 (epoch 28) | time=10.7s
[Epoch 033/100] train_loss=0.206156 | val_loss=0.598466 | val_acc=0.7924 | best_metric=0.9723 (epoch 28) | time=10.9s
[Epoch 034/100] train_loss=0.212950 | val_loss=0.681495 | val_acc=0.7405 | best_metric=0.9723 (epoch 28) | time=9.9s
[Epoch 035/100] train_loss=0.204677 | val_loss=0.383853 | val_acc=0.9100 | best_metric=0.9723 (epoch 28) | time=11.2s
[Epoch 036/100] train_loss=0.185378 | val_loss=0.266042 | val_acc=0.9308 | best_metric=0.9723 (epoch 28) | time=9.9s
[Epoch 037/100] train_loss=0.218933 | val_loss=0.227293 | val_acc=0.9516 | best_metric=0.9723 (epoch 28) | time=10.2s
[Epoch 038/100] train_loss=0.209187 | val_loss=0.192240 | val_acc=0.9550 | best_metric=0.9723 (epoch 28) | time=10.9s
[Epoch 039/100] train_loss=0.181144 | val_loss=0.445999 | val_acc=0.8789 | best_metric=0.9723 (epoch 28) | time=10.7s
[Epoch 040/100] train_loss=0.171202 | val_loss=0.235698 | val_acc=0.9516 | best_metric=0.9723 (epoch 28) | time=10.0s
[Epoch 041/100] train_loss=0.140271 | val_loss=0.344246 | val_acc=0.9066 | best_metric=0.9723 (epoch 28) | time=10.6s
[Epoch 042/100] train_loss=0.166877 | val_loss=0.407801 | val_acc=0.8581 | best_metric=0.9723 (epoch 28) | time=10.5s
[Epoch 043/100] train_loss=0.150250 | val_loss=0.341926 | val_acc=0.9170 | best_metric=0.9723 (epoch 28) | time=11.0s
[Epoch 044/100] train_loss=0.143351 | val_loss=0.199847 | val_acc=0.9446 | best_metric=0.9723 (epoch 28) | time=10.9s
[Epoch 045/100] train_loss=0.161255 | val_loss=0.345542 | val_acc=0.9204 | best_metric=0.9723 (epoch 28) | time=10.7s
[Epoch 046/100] train_loss=0.134800 | val_loss=0.194909 | val_acc=0.9550 | best_metric=0.9723 (epoch 28) | time=10.6s
[Epoch 047/100] train_loss=0.147990 | val_loss=0.224046 | val_acc=0.9343 | best_metric=0.9723 (epoch 28) | time=9.6s
[Epoch 048/100] train_loss=0.130021 | val_loss=0.210794 | val_acc=0.9689 | best_metric=0.9723 (epoch 28) | time=10.2s
[Epoch 049/100] train_loss=0.162921 | val_loss=0.245156 | val_acc=0.9516 | best_metric=0.9723 (epoch 28) | time=9.9s
[Epoch 050/100] train_loss=0.134059 | val_loss=0.354508 | val_acc=0.9100 | best_metric=0.9723 (epoch 28) | time=10.0s
[Epoch 051/100] train_loss=0.121299 | val_loss=0.287762 | val_acc=0.9239 | best_metric=0.9723 (epoch 28) | time=10.8s
[Epoch 052/100] train_loss=0.119210 | val_loss=0.293975 | val_acc=0.9273 | best_metric=0.9723 (epoch 28) | time=11.1s
[Epoch 053/100] train_loss=0.118449 | val_loss=0.713902 | val_acc=0.7474 | best_metric=0.9723 (epoch 28) | time=10.8s
[Epoch 054/100] train_loss=0.100136 | val_loss=0.255480 | val_acc=0.9239 | best_metric=0.9723 (epoch 28) | time=9.9s
[Epoch 055/100] train_loss=0.114017 | val_loss=0.194929 | val_acc=0.9481 | best_metric=0.9723 (epoch 28) | time=10.8s
[Epoch 056/100] train_loss=0.093177 | val_loss=0.820938 | val_acc=0.7266 | best_metric=0.9723 (epoch 28) | time=10.6s
[Epoch 057/100] train_loss=0.133442 | val_loss=0.214897 | val_acc=0.9412 | best_metric=0.9723 (epoch 28) | time=10.7s
[Epoch 058/100] train_loss=0.081221 | val_loss=0.225179 | val_acc=0.9481 | best_metric=0.9723 (epoch 28) | time=11.2s
[Epoch 059/100] train_loss=0.087905 | val_loss=0.182295 | val_acc=0.9481 | best_metric=0.9723 (epoch 28) | time=9.5s
[Epoch 060/100] train_loss=0.088955 | val_loss=0.240438 | val_acc=0.9377 | best_metric=0.9723 (epoch 28) | time=10.5s
[Epoch 061/100] train_loss=0.100210 | val_loss=0.208011 | val_acc=0.9412 | best_metric=0.9723 (epoch 28) | time=10.7s
[Epoch 062/100] train_loss=0.080386 | val_loss=0.194415 | val_acc=0.9446 | best_metric=0.9723 (epoch 28) | time=9.5s
[Epoch 063/100] train_loss=0.088719 | val_loss=0.192524 | val_acc=0.9481 | best_metric=0.9723 (epoch 28) | time=10.3s
[Epoch 064/100] train_loss=0.090956 | val_loss=0.469415 | val_acc=0.8512 | best_metric=0.9723 (epoch 28) | time=10.3s
[Epoch 065/100] train_loss=0.083277 | val_loss=0.295131 | val_acc=0.9273 | best_metric=0.9723 (epoch 28) | time=10.1s
[Epoch 066/100] train_loss=0.078103 | val_loss=0.280013 | val_acc=0.9204 | best_metric=0.9723 (epoch 28) | time=10.9s
[Epoch 067/100] train_loss=0.081969 | val_loss=0.471370 | val_acc=0.8374 | best_metric=0.9723 (epoch 28) | time=10.7s
[Epoch 068/100] train_loss=0.098410 | val_loss=0.237620 | val_acc=0.9343 | best_metric=0.9723 (epoch 28) | time=9.9s
[Epoch 069/100] train_loss=0.094480 | val_loss=0.307567 | val_acc=0.9273 | best_metric=0.9723 (epoch 28) | time=9.7s
[Epoch 070/100] train_loss=0.087334 | val_loss=0.443959 | val_acc=0.8927 | best_metric=0.9723 (epoch 28) | time=10.0s
[Epoch 071/100] train_loss=0.149278 | val_loss=2.053535 | val_acc=0.4810 | best_metric=0.9723 (epoch 28) | time=11.9s
[Epoch 072/100] train_loss=0.087071 | val_loss=0.225514 | val_acc=0.9377 | best_metric=0.9723 (epoch 28) | time=11.2s
[Epoch 073/100] train_loss=0.065274 | val_loss=0.209538 | val_acc=0.9377 | best_metric=0.9723 (epoch 28) | time=11.0s
[Epoch 074/100] train_loss=0.077622 | val_loss=0.221821 | val_acc=0.9412 | best_metric=0.9723 (epoch 28) | time=10.7s
[Epoch 075/100] train_loss=0.088765 | val_loss=0.247292 | val_acc=0.9343 | best_metric=0.9723 (epoch 28) | time=10.2s
[Epoch 076/100] train_loss=0.084316 | val_loss=1.049665 | val_acc=0.6747 | best_metric=0.9723 (epoch 28) | time=11.4s
[Epoch 077/100] train_loss=0.052882 | val_loss=0.224266 | val_acc=0.9343 | best_metric=0.9723 (epoch 28) | time=12.5s
[Epoch 078/100] train_loss=0.062316 | val_loss=0.225164 | val_acc=0.9343 | best_metric=0.9723 (epoch 28) | time=11.3s
[Epoch 079/100] train_loss=0.049444 | val_loss=0.327072 | val_acc=0.9273 | best_metric=0.9723 (epoch 28) | time=11.9s
[Epoch 080/100] train_loss=0.091510 | val_loss=0.635942 | val_acc=0.7751 | best_metric=0.9723 (epoch 28) | time=12.0s
[Epoch 081/100] train_loss=0.052647 | val_loss=0.389037 | val_acc=0.9031 | best_metric=0.9723 (epoch 28) | time=10.4s
[Epoch 082/100] train_loss=0.053695 | val_loss=0.687489 | val_acc=0.7751 | best_metric=0.9723 (epoch 28) | time=10.5s
[Epoch 083/100] train_loss=0.056402 | val_loss=0.241370 | val_acc=0.9308 | best_metric=0.9723 (epoch 28) | time=10.7s
[Epoch 084/100] train_loss=0.070647 | val_loss=0.253428 | val_acc=0.9343 | best_metric=0.9723 (epoch 28) | time=11.2s
[Epoch 085/100] train_loss=0.041288 | val_loss=0.412662 | val_acc=0.8339 | best_metric=0.9723 (epoch 28) | time=11.4s
[Epoch 086/100] train_loss=0.061568 | val_loss=0.225544 | val_acc=0.9377 | best_metric=0.9723 (epoch 28) | time=11.6s
[Epoch 087/100] train_loss=0.044597 | val_loss=0.374612 | val_acc=0.9343 | best_metric=0.9723 (epoch 28) | time=11.7s
[Epoch 088/100] train_loss=0.059133 | val_loss=0.248779 | val_acc=0.9343 | best_metric=0.9723 (epoch 28) | time=10.4s
[Epoch 089/100] train_loss=0.064507 | val_loss=1.429948 | val_acc=0.5952 | best_metric=0.9723 (epoch 28) | time=10.9s
[Epoch 090/100] train_loss=0.057307 | val_loss=0.475280 | val_acc=0.8339 | best_metric=0.9723 (epoch 28) | time=10.3s
[Epoch 091/100] train_loss=0.038594 | val_loss=0.773660 | val_acc=0.7543 | best_metric=0.9723 (epoch 28) | time=11.2s
[Epoch 092/100] train_loss=0.060176 | val_loss=0.741750 | val_acc=0.7647 | best_metric=0.9723 (epoch 28) | time=11.7s
[Epoch 093/100] train_loss=0.046647 | val_loss=0.256256 | val_acc=0.9377 | best_metric=0.9723 (epoch 28) | time=10.3s
[Epoch 094/100] train_loss=0.042639 | val_loss=0.232347 | val_acc=0.9412 | best_metric=0.9723 (epoch 28) | time=11.0s
[Epoch 095/100] train_loss=0.045492 | val_loss=0.320239 | val_acc=0.9343 | best_metric=0.9723 (epoch 28) | time=9.5s
[Epoch 096/100] train_loss=0.064396 | val_loss=0.939315 | val_acc=0.6990 | best_metric=0.9723 (epoch 28) | time=10.8s
[Epoch 097/100] train_loss=0.042329 | val_loss=0.427540 | val_acc=0.8547 | best_metric=0.9723 (epoch 28) | time=10.4s
[Epoch 098/100] train_loss=0.033928 | val_loss=0.283201 | val_acc=0.9100 | best_metric=0.9723 (epoch 28) | time=9.6s
[Epoch 099/100] train_loss=0.041332 | val_loss=0.231498 | val_acc=0.9377 | best_metric=0.9723 (epoch 28) | time=10.0s
[Epoch 100/100] train_loss=0.043713 | val_loss=0.283100 | val_acc=0.9135 | best_metric=0.9723 (epoch 28) | time=10.8s
[DONE] finetune finished in 17.53 min
[DONE] best metric = 0.972318 at epoch 28
/home/ted1204/MS_Detection/src/training/trainer_test.py:469: FutureWarning: You are using `torch.load` with `weights_only=False` (the current default value), which uses the default pickle module implicitly. It is possible to construct malicious pickle data which will execute arbitrary code during unpickling (See https://github.com/pytorch/pytorch/blob/main/SECURITY.md#untrusted-models for more details). In a future release, the default value for `weights_only` will be flipped to `True`. This limits the functions that could be executed during unpickling. Arbitrary objects will no longer be allowed to be loaded via this mode unless they are explicitly allowlisted by the user via `torch.serialization.add_safe_globals`. We recommend you start setting `weights_only=True` for any use case where you don't have full control of the loaded file. Please open an issue on GitHub for any issues related to this experimental feature.
  ckpt = torch.load(ckpt_path, map_location="cpu")
[INFO] device: cuda
[INFO] visible GPUs: 0
[INFO] device: cuda
[INFO] save_dir: runs/hpo_stage1c_reconst/test/pohang_hpo3_reconst_L5_D256_BP5_60
[INFO] loaded finetuned model from: runs/hpo_stage1c_reconst/finetune/pohang_hpo3_reconst_L5_D256_BP5_60/best.pt
[INFO] load missing keys   : 0
[INFO] load unexpected keys: 0
[INFO] saved val predictions: runs/hpo_stage1c_reconst/test/pohang_hpo3_reconst_L5_D256_BP5_60/val_predictions.csv
[INFO] saved val threshold summary: runs/hpo_stage1c_reconst/test/pohang_hpo3_reconst_L5_D256_BP5_60/val_threshold_summary.json
[INFO] selected threshold from val: 3.061876
[INFO] saved test predictions: runs/hpo_stage1c_reconst/test/pohang_hpo3_reconst_L5_D256_BP5_60/test_predictions.csv
[INFO] saved test metrics    : runs/hpo_stage1c_reconst/test/pohang_hpo3_reconst_L5_D256_BP5_60/test_metrics_fixed_threshold.json
{
  "acc": 0.8537414965986394,
  "precision": 0.8706896551724138,
  "recall": 0.7829457364341085,
  "f1": 0.8244897959183672,
  "tp": 101,
  "tn": 150,
  "fp": 15,
  "fn": 28,
  "threshold": 3.0618762969970703
}
[WARN] json not found: runs/hpo_stage1c_reconst/test/pohang_hpo3_reconst_L5_D256_BP5_60/metrics.json
[DONE] pred_csv : runs/hpo_stage1c_reconst/test/pohang_hpo3_reconst_L5_D256_BP5_60/test_predictions.csv
[DONE] out_dir  : runs/hpo_stage1c_reconst/test/pohang_hpo3_reconst_L5_D256_BP5_60/analysis
[DONE] run_hpo3_reconst.sh finished.
[WORKER-4] finished cfg=config/base_hpo3_reconst_05.yaml status=0
