[INFO] CUDA_VISIBLE_DEVICES=4
[INFO] MODE=full
[INFO] BASE_CFG=config/base_hpo3_reconst_04.yaml
[INFO] device: cuda
[INFO] visible GPUs: 0
[INFO] device: cuda
[INFO] pretrain mode: reconstruction
[INFO] save_dir: runs/hpo_stage1c_reconst/pretrain/pohang_hpo3_reconst_L5_D256_BP3_50
[INFO] model params: 6,577,345
[Epoch 001/150] loss=7.483402 | best=7.483402 (epoch 1) | time=40.4s
[Epoch 002/150] loss=2.487157 | best=2.487157 (epoch 2) | time=43.0s
[Epoch 003/150] loss=1.137975 | best=1.137975 (epoch 3) | time=39.6s
[Epoch 004/150] loss=0.689491 | best=0.689491 (epoch 4) | time=38.8s
[Epoch 005/150] loss=0.540550 | best=0.540550 (epoch 5) | time=38.4s
[Epoch 006/150] loss=0.461314 | best=0.461314 (epoch 6) | time=36.1s
[Epoch 007/150] loss=0.444829 | best=0.444829 (epoch 7) | time=38.8s
[Epoch 008/150] loss=0.405947 | best=0.405947 (epoch 8) | time=37.9s
[Epoch 009/150] loss=0.387850 | best=0.387850 (epoch 9) | time=38.0s
[Epoch 010/150] loss=0.380996 | best=0.380996 (epoch 10) | time=39.3s
[Epoch 011/150] loss=0.340577 | best=0.340577 (epoch 11) | time=38.6s
[Epoch 012/150] loss=0.298491 | best=0.298491 (epoch 12) | time=39.9s
[Epoch 013/150] loss=0.247108 | best=0.247108 (epoch 13) | time=38.0s
[Epoch 014/150] loss=0.202704 | best=0.202704 (epoch 14) | time=39.7s
[Epoch 015/150] loss=0.176605 | best=0.176605 (epoch 15) | time=41.8s
[Epoch 016/150] loss=0.163232 | best=0.163232 (epoch 16) | time=40.8s
[Epoch 017/150] loss=0.137033 | best=0.137033 (epoch 17) | time=39.9s
[Epoch 018/150] loss=0.123687 | best=0.123687 (epoch 18) | time=38.8s
[Epoch 019/150] loss=0.112640 | best=0.112640 (epoch 19) | time=37.8s
[Epoch 020/150] loss=0.115799 | best=0.112640 (epoch 19) | time=37.2s
[Epoch 021/150] loss=0.115325 | best=0.112640 (epoch 19) | time=37.4s
[Epoch 022/150] loss=0.109582 | best=0.109582 (epoch 22) | time=40.1s
[Epoch 023/150] loss=0.104563 | best=0.104563 (epoch 23) | time=39.2s
[Epoch 024/150] loss=0.110812 | best=0.104563 (epoch 23) | time=36.5s
[Epoch 025/150] loss=0.099441 | best=0.099441 (epoch 25) | time=36.7s
[Epoch 026/150] loss=0.094504 | best=0.094504 (epoch 26) | time=36.4s
[Epoch 027/150] loss=0.083806 | best=0.083806 (epoch 27) | time=36.4s
[Epoch 028/150] loss=0.084229 | best=0.083806 (epoch 27) | time=36.6s
[Epoch 029/150] loss=0.080895 | best=0.080895 (epoch 29) | time=40.4s
[Epoch 030/150] loss=0.082116 | best=0.080895 (epoch 29) | time=36.3s
[Epoch 031/150] loss=0.077955 | best=0.077955 (epoch 31) | time=36.1s
[Epoch 032/150] loss=0.066858 | best=0.066858 (epoch 32) | time=38.3s
[Epoch 033/150] loss=0.071201 | best=0.066858 (epoch 32) | time=38.4s
[Epoch 034/150] loss=0.068782 | best=0.066858 (epoch 32) | time=36.1s
[Epoch 035/150] loss=0.064262 | best=0.064262 (epoch 35) | time=37.0s
[Epoch 036/150] loss=0.064386 | best=0.064262 (epoch 35) | time=36.4s
[Epoch 037/150] loss=0.065546 | best=0.064262 (epoch 35) | time=38.5s
[Epoch 038/150] loss=0.064644 | best=0.064262 (epoch 35) | time=37.5s
[Epoch 039/150] loss=0.058561 | best=0.058561 (epoch 39) | time=36.2s
[Epoch 040/150] loss=0.059841 | best=0.058561 (epoch 39) | time=35.8s
[Epoch 041/150] loss=0.054617 | best=0.054617 (epoch 41) | time=39.7s
[Epoch 042/150] loss=0.056502 | best=0.054617 (epoch 41) | time=36.3s
[Epoch 043/150] loss=0.056152 | best=0.054617 (epoch 41) | time=35.7s
[Epoch 044/150] loss=0.055544 | best=0.054617 (epoch 41) | time=36.2s
[Epoch 045/150] loss=0.057325 | best=0.054617 (epoch 41) | time=35.8s
[Epoch 046/150] loss=0.058620 | best=0.054617 (epoch 41) | time=35.6s
[Epoch 047/150] loss=0.050001 | best=0.050001 (epoch 47) | time=37.7s
[Epoch 048/150] loss=0.048456 | best=0.048456 (epoch 48) | time=36.0s
[Epoch 049/150] loss=0.061989 | best=0.048456 (epoch 48) | time=36.3s
[Epoch 050/150] loss=0.057208 | best=0.048456 (epoch 48) | time=39.2s
[Epoch 051/150] loss=0.056620 | best=0.048456 (epoch 48) | time=36.0s
[Epoch 052/150] loss=0.048329 | best=0.048329 (epoch 52) | time=37.2s
[Epoch 053/150] loss=0.051907 | best=0.048329 (epoch 52) | time=35.2s
[Epoch 054/150] loss=0.050351 | best=0.048329 (epoch 52) | time=35.9s
[Epoch 055/150] loss=0.040944 | best=0.040944 (epoch 55) | time=37.8s
[Epoch 056/150] loss=0.054153 | best=0.040944 (epoch 55) | time=37.4s
[Epoch 057/150] loss=0.044273 | best=0.040944 (epoch 55) | time=37.0s
[Epoch 058/150] loss=0.048781 | best=0.040944 (epoch 55) | time=35.4s
[Epoch 059/150] loss=0.042293 | best=0.040944 (epoch 55) | time=36.1s
[Epoch 060/150] loss=0.040691 | best=0.040691 (epoch 60) | time=37.0s
[Epoch 061/150] loss=0.044775 | best=0.040691 (epoch 60) | time=35.7s
[Epoch 062/150] loss=0.047282 | best=0.040691 (epoch 60) | time=35.5s
[Epoch 063/150] loss=0.047055 | best=0.040691 (epoch 60) | time=37.0s
[Epoch 064/150] loss=0.042323 | best=0.040691 (epoch 60) | time=36.4s
[Epoch 065/150] loss=0.043621 | best=0.040691 (epoch 60) | time=35.6s
[Epoch 066/150] loss=0.043230 | best=0.040691 (epoch 60) | time=35.9s
[Epoch 067/150] loss=0.040069 | best=0.040069 (epoch 67) | time=39.8s
[Epoch 068/150] loss=0.047618 | best=0.040069 (epoch 67) | time=36.3s
[Epoch 069/150] loss=0.041504 | best=0.040069 (epoch 67) | time=34.9s
[Epoch 070/150] loss=0.041098 | best=0.040069 (epoch 67) | time=36.1s
[Epoch 071/150] loss=0.039249 | best=0.039249 (epoch 71) | time=36.5s
[Epoch 072/150] loss=0.042298 | best=0.039249 (epoch 71) | time=35.6s
[Epoch 073/150] loss=0.042687 | best=0.039249 (epoch 71) | time=35.6s
Traceback (most recent call last):
  File "/home/ted1204/MS_Detection/src/training/trainer_pretrain.py", line 419, in <module>
    main()
  File "/home/ted1204/MS_Detection/src/training/trainer_pretrain.py", line 383, in main
    metrics = train_one_epoch_reconstruction(
  File "/home/ted1204/MS_Detection/src/training/trainer_pretrain.py", line 260, in train_one_epoch_reconstruction
    scaler.step(optimizer)
  File "/home/ted1204/.conda/envs/ms_detection/lib/python3.10/site-packages/torch/amp/grad_scaler.py", line 454, in step
    retval = self._maybe_opt_step(optimizer, optimizer_state, *args, **kwargs)
  File "/home/ted1204/.conda/envs/ms_detection/lib/python3.10/site-packages/torch/amp/grad_scaler.py", line 351, in _maybe_opt_step
    if not sum(v.item() for v in optimizer_state["found_inf_per_device"].values()):
  File "/home/ted1204/.conda/envs/ms_detection/lib/python3.10/site-packages/torch/amp/grad_scaler.py", line 351, in <genexpr>
    if not sum(v.item() for v in optimizer_state["found_inf_per_device"].values()):
KeyboardInterrupt
============================================================
[START] 2026-03-19 12:02:30 worker=3 gpu=4 cfg=config/base_hpo3_reconst_04.yaml mode=full
============================================================
[INFO] CUDA_VISIBLE_DEVICES=4
[INFO] MODE=full
[INFO] BASE_CFG=config/base_hpo3_reconst_04.yaml
[INFO] device: cuda
[INFO] visible GPUs: 0
[INFO] device: cuda
[INFO] pretrain mode: reconstruction
[INFO] save_dir: runs/hpo_stage1c_reconst/pretrain/pohang_hpo3_reconst_L5_D256_BP3_50
[INFO] model params: 6,577,345
[Epoch 001/150] loss=7.483402 | best=7.483402 (epoch 1) | time=45.6s
[Epoch 002/150] loss=2.487157 | best=2.487157 (epoch 2) | time=37.9s
[Epoch 003/150] loss=1.137975 | best=1.137975 (epoch 3) | time=45.5s
[Epoch 004/150] loss=0.689491 | best=0.689491 (epoch 4) | time=36.9s
[Epoch 005/150] loss=0.540550 | best=0.540550 (epoch 5) | time=35.8s
[Epoch 006/150] loss=0.461314 | best=0.461314 (epoch 6) | time=38.2s
[Epoch 007/150] loss=0.444829 | best=0.444829 (epoch 7) | time=41.9s
[Epoch 008/150] loss=0.405947 | best=0.405947 (epoch 8) | time=38.2s
[Epoch 009/150] loss=0.387850 | best=0.387850 (epoch 9) | time=37.4s
[Epoch 010/150] loss=0.380996 | best=0.380996 (epoch 10) | time=36.7s
[Epoch 011/150] loss=0.340577 | best=0.340577 (epoch 11) | time=39.5s
[Epoch 012/150] loss=0.298491 | best=0.298491 (epoch 12) | time=39.9s
[Epoch 013/150] loss=0.247108 | best=0.247108 (epoch 13) | time=41.7s
[Epoch 014/150] loss=0.202704 | best=0.202704 (epoch 14) | time=37.4s
[Epoch 015/150] loss=0.176605 | best=0.176605 (epoch 15) | time=36.3s
[Epoch 016/150] loss=0.163232 | best=0.163232 (epoch 16) | time=36.7s
[Epoch 017/150] loss=0.137033 | best=0.137033 (epoch 17) | time=38.6s
[Epoch 018/150] loss=0.123687 | best=0.123687 (epoch 18) | time=39.1s
[Epoch 019/150] loss=0.112640 | best=0.112640 (epoch 19) | time=36.5s
[Epoch 020/150] loss=0.115799 | best=0.112640 (epoch 19) | time=38.9s
[Epoch 021/150] loss=0.115325 | best=0.112640 (epoch 19) | time=41.2s
[Epoch 022/150] loss=0.109582 | best=0.109582 (epoch 22) | time=39.3s
[Epoch 023/150] loss=0.104563 | best=0.104563 (epoch 23) | time=36.7s
[Epoch 024/150] loss=0.110812 | best=0.104563 (epoch 23) | time=37.0s
[Epoch 025/150] loss=0.099441 | best=0.099441 (epoch 25) | time=36.3s
[Epoch 026/150] loss=0.094504 | best=0.094504 (epoch 26) | time=37.3s
[Epoch 027/150] loss=0.083806 | best=0.083806 (epoch 27) | time=38.7s
[Epoch 028/150] loss=0.084229 | best=0.083806 (epoch 27) | time=36.5s
[Epoch 029/150] loss=0.080895 | best=0.080895 (epoch 29) | time=37.2s
[Epoch 030/150] loss=0.082116 | best=0.080895 (epoch 29) | time=36.1s
[Epoch 031/150] loss=0.077955 | best=0.077955 (epoch 31) | time=37.5s
[Epoch 032/150] loss=0.066858 | best=0.066858 (epoch 32) | time=39.0s
[Epoch 033/150] loss=0.071201 | best=0.066858 (epoch 32) | time=35.6s
[Epoch 034/150] loss=0.068782 | best=0.066858 (epoch 32) | time=36.5s
[Epoch 035/150] loss=0.064262 | best=0.064262 (epoch 35) | time=37.2s
[Epoch 036/150] loss=0.064386 | best=0.064262 (epoch 35) | time=36.4s
[Epoch 037/150] loss=0.065546 | best=0.064262 (epoch 35) | time=36.1s
[Epoch 038/150] loss=0.064644 | best=0.064262 (epoch 35) | time=35.9s
[Epoch 039/150] loss=0.058561 | best=0.058561 (epoch 39) | time=36.8s
[Epoch 040/150] loss=0.059841 | best=0.058561 (epoch 39) | time=35.5s
[Epoch 041/150] loss=0.054617 | best=0.054617 (epoch 41) | time=37.2s
[Epoch 042/150] loss=0.056502 | best=0.054617 (epoch 41) | time=35.5s
[Epoch 043/150] loss=0.056152 | best=0.054617 (epoch 41) | time=34.8s
[Epoch 044/150] loss=0.055544 | best=0.054617 (epoch 41) | time=35.4s
[Epoch 045/150] loss=0.057325 | best=0.054617 (epoch 41) | time=35.4s
[Epoch 046/150] loss=0.058620 | best=0.054617 (epoch 41) | time=34.6s
[Epoch 047/150] loss=0.050001 | best=0.050001 (epoch 47) | time=35.4s
[Epoch 048/150] loss=0.048456 | best=0.048456 (epoch 48) | time=35.8s
[Epoch 049/150] loss=0.061989 | best=0.048456 (epoch 48) | time=35.6s
[Epoch 050/150] loss=0.057208 | best=0.048456 (epoch 48) | time=35.4s
[Epoch 051/150] loss=0.056620 | best=0.048456 (epoch 48) | time=34.8s
[Epoch 052/150] loss=0.048329 | best=0.048329 (epoch 52) | time=35.4s
[Epoch 053/150] loss=0.051907 | best=0.048329 (epoch 52) | time=35.1s
[Epoch 054/150] loss=0.050351 | best=0.048329 (epoch 52) | time=36.2s
[Epoch 055/150] loss=0.040944 | best=0.040944 (epoch 55) | time=36.5s
[Epoch 056/150] loss=0.054153 | best=0.040944 (epoch 55) | time=35.1s
[Epoch 057/150] loss=0.044273 | best=0.040944 (epoch 55) | time=35.5s
[Epoch 058/150] loss=0.048781 | best=0.040944 (epoch 55) | time=35.9s
[Epoch 059/150] loss=0.042293 | best=0.040944 (epoch 55) | time=35.8s
[Epoch 060/150] loss=0.040691 | best=0.040691 (epoch 60) | time=35.9s
[Epoch 061/150] loss=0.044775 | best=0.040691 (epoch 60) | time=35.9s
[Epoch 062/150] loss=0.047282 | best=0.040691 (epoch 60) | time=35.0s
[Epoch 063/150] loss=0.047055 | best=0.040691 (epoch 60) | time=35.5s
[Epoch 064/150] loss=0.042323 | best=0.040691 (epoch 60) | time=34.7s
[Epoch 065/150] loss=0.043621 | best=0.040691 (epoch 60) | time=36.4s
[Epoch 066/150] loss=0.043230 | best=0.040691 (epoch 60) | time=34.9s
[Epoch 067/150] loss=0.040069 | best=0.040069 (epoch 67) | time=35.2s
[Epoch 068/150] loss=0.047618 | best=0.040069 (epoch 67) | time=35.2s
[Epoch 069/150] loss=0.041504 | best=0.040069 (epoch 67) | time=37.1s
[Epoch 070/150] loss=0.041098 | best=0.040069 (epoch 67) | time=34.9s
[Epoch 071/150] loss=0.039249 | best=0.039249 (epoch 71) | time=37.1s
[Epoch 072/150] loss=0.042298 | best=0.039249 (epoch 71) | time=35.9s
[Epoch 073/150] loss=0.042687 | best=0.039249 (epoch 71) | time=34.3s
[Epoch 074/150] loss=0.038686 | best=0.038686 (epoch 74) | time=35.9s
[Epoch 075/150] loss=0.039641 | best=0.038686 (epoch 74) | time=35.2s
[Epoch 076/150] loss=0.039055 | best=0.038686 (epoch 74) | time=35.4s
[Epoch 077/150] loss=0.033087 | best=0.033087 (epoch 77) | time=34.7s
[Epoch 078/150] loss=0.038665 | best=0.033087 (epoch 77) | time=34.7s
[Epoch 079/150] loss=0.039748 | best=0.033087 (epoch 77) | time=36.2s
[Epoch 080/150] loss=0.035065 | best=0.033087 (epoch 77) | time=36.4s
[Epoch 081/150] loss=0.036173 | best=0.033087 (epoch 77) | time=35.7s
[Epoch 082/150] loss=0.034139 | best=0.033087 (epoch 77) | time=36.4s
[Epoch 083/150] loss=0.037042 | best=0.033087 (epoch 77) | time=35.8s
[Epoch 084/150] loss=0.032328 | best=0.032328 (epoch 84) | time=37.1s
[Epoch 085/150] loss=0.039549 | best=0.032328 (epoch 84) | time=37.1s
[Epoch 086/150] loss=0.035010 | best=0.032328 (epoch 84) | time=35.0s
[Epoch 087/150] loss=0.037187 | best=0.032328 (epoch 84) | time=36.4s
[Epoch 088/150] loss=0.031926 | best=0.031926 (epoch 88) | time=36.9s
[Epoch 089/150] loss=0.030271 | best=0.030271 (epoch 89) | time=36.7s
[Epoch 090/150] loss=0.033703 | best=0.030271 (epoch 89) | time=35.7s
[Epoch 091/150] loss=0.031950 | best=0.030271 (epoch 89) | time=34.6s
[Epoch 092/150] loss=0.035476 | best=0.030271 (epoch 89) | time=35.2s
[Epoch 093/150] loss=0.032598 | best=0.030271 (epoch 89) | time=34.9s
[Epoch 094/150] loss=0.032318 | best=0.030271 (epoch 89) | time=34.9s
[Epoch 095/150] loss=0.033709 | best=0.030271 (epoch 89) | time=34.5s
[Epoch 096/150] loss=0.026953 | best=0.026953 (epoch 96) | time=35.9s
[Epoch 097/150] loss=0.029196 | best=0.026953 (epoch 96) | time=34.7s
[Epoch 098/150] loss=0.031578 | best=0.026953 (epoch 96) | time=34.8s
[Epoch 099/150] loss=0.029536 | best=0.026953 (epoch 96) | time=34.9s
[Epoch 100/150] loss=0.032064 | best=0.026953 (epoch 96) | time=35.1s
[Epoch 101/150] loss=0.032241 | best=0.026953 (epoch 96) | time=36.2s
[Epoch 102/150] loss=0.035331 | best=0.026953 (epoch 96) | time=35.3s
[Epoch 103/150] loss=0.028566 | best=0.026953 (epoch 96) | time=34.0s
[Epoch 104/150] loss=0.031976 | best=0.026953 (epoch 96) | time=34.7s
[Epoch 105/150] loss=0.030137 | best=0.026953 (epoch 96) | time=36.6s
[Epoch 106/150] loss=0.027128 | best=0.026953 (epoch 96) | time=37.4s
[Epoch 107/150] loss=0.027393 | best=0.026953 (epoch 96) | time=36.3s
[Epoch 108/150] loss=0.033409 | best=0.026953 (epoch 96) | time=34.6s
[Epoch 109/150] loss=0.027694 | best=0.026953 (epoch 96) | time=35.2s
[Epoch 110/150] loss=0.028007 | best=0.026953 (epoch 96) | time=35.0s
[Epoch 111/150] loss=0.028420 | best=0.026953 (epoch 96) | time=35.1s
[Epoch 112/150] loss=0.030651 | best=0.026953 (epoch 96) | time=35.6s
[Epoch 113/150] loss=0.029030 | best=0.026953 (epoch 96) | time=35.3s
[Epoch 114/150] loss=0.025465 | best=0.025465 (epoch 114) | time=35.9s
[Epoch 115/150] loss=0.031975 | best=0.025465 (epoch 114) | time=34.9s
[Epoch 116/150] loss=0.026776 | best=0.025465 (epoch 114) | time=36.1s
[Epoch 117/150] loss=0.025093 | best=0.025093 (epoch 117) | time=36.9s
[Epoch 118/150] loss=0.029029 | best=0.025093 (epoch 117) | time=35.3s
[Epoch 119/150] loss=0.028998 | best=0.025093 (epoch 117) | time=35.6s
[Epoch 120/150] loss=0.026780 | best=0.025093 (epoch 117) | time=36.4s
[Epoch 121/150] loss=0.024667 | best=0.024667 (epoch 121) | time=35.9s
[Epoch 122/150] loss=0.025575 | best=0.024667 (epoch 121) | time=35.1s
[Epoch 123/150] loss=0.023106 | best=0.023106 (epoch 123) | time=36.0s
[Epoch 124/150] loss=0.026460 | best=0.023106 (epoch 123) | time=35.3s
[Epoch 125/150] loss=0.028411 | best=0.023106 (epoch 123) | time=34.7s
[Epoch 126/150] loss=0.025883 | best=0.023106 (epoch 123) | time=35.7s
[Epoch 127/150] loss=0.026371 | best=0.023106 (epoch 123) | time=36.1s
[Epoch 128/150] loss=0.024711 | best=0.023106 (epoch 123) | time=39.6s
[Epoch 129/150] loss=0.026662 | best=0.023106 (epoch 123) | time=35.0s
[Epoch 130/150] loss=0.024238 | best=0.023106 (epoch 123) | time=34.4s
[Epoch 131/150] loss=0.026405 | best=0.023106 (epoch 123) | time=34.3s
[Epoch 132/150] loss=0.023333 | best=0.023106 (epoch 123) | time=34.7s
[Epoch 133/150] loss=0.022473 | best=0.022473 (epoch 133) | time=35.7s
[Epoch 134/150] loss=0.021313 | best=0.021313 (epoch 134) | time=35.5s
[Epoch 135/150] loss=0.025210 | best=0.021313 (epoch 134) | time=35.2s
[Epoch 136/150] loss=0.026289 | best=0.021313 (epoch 134) | time=38.3s
[Epoch 137/150] loss=0.026155 | best=0.021313 (epoch 134) | time=35.0s
[Epoch 138/150] loss=0.025156 | best=0.021313 (epoch 134) | time=34.8s
[Epoch 139/150] loss=0.022551 | best=0.021313 (epoch 134) | time=36.2s
[Epoch 140/150] loss=0.021193 | best=0.021193 (epoch 140) | time=35.1s
[Epoch 141/150] loss=0.021770 | best=0.021193 (epoch 140) | time=35.1s
[Epoch 142/150] loss=0.021050 | best=0.021050 (epoch 142) | time=35.4s
[Epoch 143/150] loss=0.022024 | best=0.021050 (epoch 142) | time=37.3s
[Epoch 144/150] loss=0.021653 | best=0.021050 (epoch 142) | time=36.6s
[Epoch 145/150] loss=0.021171 | best=0.021050 (epoch 142) | time=35.4s
[Epoch 146/150] loss=0.023842 | best=0.021050 (epoch 142) | time=35.2s
[Epoch 147/150] loss=0.023563 | best=0.021050 (epoch 142) | time=36.4s
[Epoch 148/150] loss=0.022324 | best=0.021050 (epoch 142) | time=35.6s
[Epoch 149/150] loss=0.021857 | best=0.021050 (epoch 142) | time=35.5s
[Epoch 150/150] loss=0.021443 | best=0.021050 (epoch 142) | time=34.2s
[DONE] training finished in 90.62 min
[DONE] best loss = 0.021050 at epoch 142
/home/ted1204/MS_Detection/src/training/trainer_finetune.py:186: FutureWarning: You are using `torch.load` with `weights_only=False` (the current default value), which uses the default pickle module implicitly. It is possible to construct malicious pickle data which will execute arbitrary code during unpickling (See https://github.com/pytorch/pytorch/blob/main/SECURITY.md#untrusted-models for more details). In a future release, the default value for `weights_only` will be flipped to `True`. This limits the functions that could be executed during unpickling. Arbitrary objects will no longer be allowed to be loaded via this mode unless they are explicitly allowlisted by the user via `torch.serialization.add_safe_globals`. We recommend you start setting `weights_only=True` for any use case where you don't have full control of the loaded file. Please open an issue on GitHub for any issues related to this experimental feature.
  ckpt = torch.load(encoder_ckpt_path, map_location="cpu")
[INFO] device: cuda
[INFO] visible GPUs: 0
[INFO] device: cuda
[INFO] save_dir: runs/hpo_stage1c_reconst/finetune/pohang_hpo3_reconst_L5_D256_BP3_50
[INFO] model params: 1,701,089
[DEBUG] pretrained_encoder_path = runs/hpo_stage1c_reconst/pretrain/pohang_hpo3_reconst_L5_D256_BP3_50/best_encoder.pt
[INFO] loaded encoder weights from: runs/hpo_stage1c_reconst/pretrain/pohang_hpo3_reconst_L5_D256_BP3_50/best_encoder.pt
[INFO] encoder load missing keys   : 0
[INFO] encoder load unexpected keys: 0
[INFO] center_c shape: (256,)
[Epoch 001/100] train_loss=0.822553 | val_loss=0.977559 | val_acc=0.5709 | best_metric=0.5709 (epoch 1) | time=10.2s
[Epoch 002/100] train_loss=0.720042 | val_loss=0.801728 | val_acc=0.7059 | best_metric=0.7059 (epoch 2) | time=10.8s
[Epoch 003/100] train_loss=0.681979 | val_loss=0.690774 | val_acc=0.7336 | best_metric=0.7336 (epoch 3) | time=9.8s
[Epoch 004/100] train_loss=0.637995 | val_loss=0.756272 | val_acc=0.7128 | best_metric=0.7336 (epoch 3) | time=9.4s
[Epoch 005/100] train_loss=0.616367 | val_loss=0.594382 | val_acc=0.8028 | best_metric=0.8028 (epoch 5) | time=9.1s
[Epoch 006/100] train_loss=0.573859 | val_loss=0.591154 | val_acc=0.8478 | best_metric=0.8478 (epoch 6) | time=10.3s
[Epoch 007/100] train_loss=0.539696 | val_loss=0.552558 | val_acc=0.8443 | best_metric=0.8478 (epoch 6) | time=9.7s
[Epoch 008/100] train_loss=0.512226 | val_loss=0.485876 | val_acc=0.8824 | best_metric=0.8824 (epoch 8) | time=10.1s
[Epoch 009/100] train_loss=0.463513 | val_loss=0.433920 | val_acc=0.8997 | best_metric=0.8997 (epoch 9) | time=10.0s
[Epoch 010/100] train_loss=0.450567 | val_loss=0.417277 | val_acc=0.8581 | best_metric=0.8997 (epoch 9) | time=9.7s
[Epoch 011/100] train_loss=0.439494 | val_loss=0.417956 | val_acc=0.8720 | best_metric=0.8997 (epoch 9) | time=9.4s
[Epoch 012/100] train_loss=0.400505 | val_loss=0.384518 | val_acc=0.8858 | best_metric=0.8997 (epoch 9) | time=10.2s
[Epoch 013/100] train_loss=0.417692 | val_loss=0.350465 | val_acc=0.9239 | best_metric=0.9239 (epoch 13) | time=10.0s
[Epoch 014/100] train_loss=0.391679 | val_loss=0.354609 | val_acc=0.8997 | best_metric=0.9239 (epoch 13) | time=9.6s
[Epoch 015/100] train_loss=0.380068 | val_loss=0.538461 | val_acc=0.8443 | best_metric=0.9239 (epoch 13) | time=9.8s
[Epoch 016/100] train_loss=0.382706 | val_loss=0.459482 | val_acc=0.8720 | best_metric=0.9239 (epoch 13) | time=9.8s
[Epoch 017/100] train_loss=0.348908 | val_loss=0.357084 | val_acc=0.8893 | best_metric=0.9239 (epoch 13) | time=10.3s
[Epoch 018/100] train_loss=0.344393 | val_loss=0.649320 | val_acc=0.7612 | best_metric=0.9239 (epoch 13) | time=10.1s
[Epoch 019/100] train_loss=0.334991 | val_loss=0.294643 | val_acc=0.9100 | best_metric=0.9239 (epoch 13) | time=9.9s
[Epoch 020/100] train_loss=0.325158 | val_loss=0.466321 | val_acc=0.8685 | best_metric=0.9239 (epoch 13) | time=10.0s
[Epoch 021/100] train_loss=0.321621 | val_loss=0.271134 | val_acc=0.9135 | best_metric=0.9239 (epoch 13) | time=10.4s
[Epoch 022/100] train_loss=0.316770 | val_loss=0.466016 | val_acc=0.8997 | best_metric=0.9239 (epoch 13) | time=9.9s
[Epoch 023/100] train_loss=0.328999 | val_loss=0.367086 | val_acc=0.8893 | best_metric=0.9239 (epoch 13) | time=10.3s
[Epoch 024/100] train_loss=0.283992 | val_loss=0.358740 | val_acc=0.9273 | best_metric=0.9273 (epoch 24) | time=10.1s
[Epoch 025/100] train_loss=0.315280 | val_loss=0.333907 | val_acc=0.9446 | best_metric=0.9446 (epoch 25) | time=9.4s
[Epoch 026/100] train_loss=0.284798 | val_loss=0.505554 | val_acc=0.8339 | best_metric=0.9446 (epoch 25) | time=9.3s
[Epoch 027/100] train_loss=0.309455 | val_loss=0.728141 | val_acc=0.7059 | best_metric=0.9446 (epoch 25) | time=9.7s
[Epoch 028/100] train_loss=0.252095 | val_loss=0.643679 | val_acc=0.8512 | best_metric=0.9446 (epoch 25) | time=9.5s
[Epoch 029/100] train_loss=0.278348 | val_loss=0.283654 | val_acc=0.9031 | best_metric=0.9446 (epoch 25) | time=10.1s
[Epoch 030/100] train_loss=0.280798 | val_loss=0.224450 | val_acc=0.9481 | best_metric=0.9481 (epoch 30) | time=10.1s
[Epoch 031/100] train_loss=0.222819 | val_loss=0.314409 | val_acc=0.9412 | best_metric=0.9481 (epoch 30) | time=9.6s
[Epoch 032/100] train_loss=0.206340 | val_loss=0.278128 | val_acc=0.9412 | best_metric=0.9481 (epoch 30) | time=9.7s
[Epoch 033/100] train_loss=0.228137 | val_loss=0.535143 | val_acc=0.7924 | best_metric=0.9481 (epoch 30) | time=9.8s
[Epoch 034/100] train_loss=0.232771 | val_loss=1.053735 | val_acc=0.6263 | best_metric=0.9481 (epoch 30) | time=10.0s
[Epoch 035/100] train_loss=0.221314 | val_loss=0.518306 | val_acc=0.8201 | best_metric=0.9481 (epoch 30) | time=9.9s
[Epoch 036/100] train_loss=0.192836 | val_loss=0.237084 | val_acc=0.9446 | best_metric=0.9481 (epoch 30) | time=10.1s
[Epoch 037/100] train_loss=0.229729 | val_loss=0.232882 | val_acc=0.9204 | best_metric=0.9481 (epoch 30) | time=9.8s
[Epoch 038/100] train_loss=0.239292 | val_loss=0.216777 | val_acc=0.9204 | best_metric=0.9481 (epoch 30) | time=9.7s
[Epoch 039/100] train_loss=0.206574 | val_loss=0.268948 | val_acc=0.9516 | best_metric=0.9516 (epoch 39) | time=10.0s
[Epoch 040/100] train_loss=0.186143 | val_loss=0.257392 | val_acc=0.9412 | best_metric=0.9516 (epoch 39) | time=10.7s
[Epoch 041/100] train_loss=0.153320 | val_loss=0.247022 | val_acc=0.9516 | best_metric=0.9516 (epoch 39) | time=10.3s
[Epoch 042/100] train_loss=0.182140 | val_loss=0.636883 | val_acc=0.7612 | best_metric=0.9516 (epoch 39) | time=9.6s
[Epoch 043/100] train_loss=0.165572 | val_loss=0.471283 | val_acc=0.8893 | best_metric=0.9516 (epoch 39) | time=9.6s
[Epoch 044/100] train_loss=0.161063 | val_loss=0.291309 | val_acc=0.9239 | best_metric=0.9516 (epoch 39) | time=10.8s
[Epoch 045/100] train_loss=0.178507 | val_loss=0.238048 | val_acc=0.9273 | best_metric=0.9516 (epoch 39) | time=9.4s
[Epoch 046/100] train_loss=0.147885 | val_loss=0.398887 | val_acc=0.8685 | best_metric=0.9516 (epoch 39) | time=9.3s
[Epoch 047/100] train_loss=0.161046 | val_loss=0.245869 | val_acc=0.9412 | best_metric=0.9516 (epoch 39) | time=10.5s
[Epoch 048/100] train_loss=0.147617 | val_loss=0.215219 | val_acc=0.9654 | best_metric=0.9654 (epoch 48) | time=10.5s
[Epoch 049/100] train_loss=0.168779 | val_loss=0.346683 | val_acc=0.8927 | best_metric=0.9654 (epoch 48) | time=10.5s
[Epoch 050/100] train_loss=0.149273 | val_loss=0.223177 | val_acc=0.9377 | best_metric=0.9654 (epoch 48) | time=9.9s
[Epoch 051/100] train_loss=0.136247 | val_loss=0.477210 | val_acc=0.8270 | best_metric=0.9654 (epoch 48) | time=10.5s
[Epoch 052/100] train_loss=0.128398 | val_loss=0.327457 | val_acc=0.8962 | best_metric=0.9654 (epoch 48) | time=10.6s
[Epoch 053/100] train_loss=0.131373 | val_loss=0.306552 | val_acc=0.9343 | best_metric=0.9654 (epoch 48) | time=10.2s
[Epoch 054/100] train_loss=0.114442 | val_loss=0.220021 | val_acc=0.9377 | best_metric=0.9654 (epoch 48) | time=9.5s
[Epoch 055/100] train_loss=0.125036 | val_loss=0.254817 | val_acc=0.9308 | best_metric=0.9654 (epoch 48) | time=10.0s
[Epoch 056/100] train_loss=0.098593 | val_loss=0.308524 | val_acc=0.9204 | best_metric=0.9654 (epoch 48) | time=10.7s
[Epoch 057/100] train_loss=0.143004 | val_loss=0.207430 | val_acc=0.9308 | best_metric=0.9654 (epoch 48) | time=9.7s
[Epoch 058/100] train_loss=0.092429 | val_loss=0.212350 | val_acc=0.9412 | best_metric=0.9654 (epoch 48) | time=10.5s
[Epoch 059/100] train_loss=0.101770 | val_loss=0.309596 | val_acc=0.9066 | best_metric=0.9654 (epoch 48) | time=10.9s
[Epoch 060/100] train_loss=0.100866 | val_loss=0.267134 | val_acc=0.9343 | best_metric=0.9654 (epoch 48) | time=10.1s
[Epoch 061/100] train_loss=0.110047 | val_loss=0.249051 | val_acc=0.9377 | best_metric=0.9654 (epoch 48) | time=9.6s
[Epoch 062/100] train_loss=0.093617 | val_loss=0.257065 | val_acc=0.9412 | best_metric=0.9654 (epoch 48) | time=9.7s
[Epoch 063/100] train_loss=0.096519 | val_loss=0.205268 | val_acc=0.9343 | best_metric=0.9654 (epoch 48) | time=10.1s
[Epoch 064/100] train_loss=0.101098 | val_loss=0.376047 | val_acc=0.8824 | best_metric=0.9654 (epoch 48) | time=9.5s
[Epoch 065/100] train_loss=0.089424 | val_loss=0.283950 | val_acc=0.9066 | best_metric=0.9654 (epoch 48) | time=10.4s
[Epoch 066/100] train_loss=0.082032 | val_loss=0.443494 | val_acc=0.8304 | best_metric=0.9654 (epoch 48) | time=10.0s
[Epoch 067/100] train_loss=0.086055 | val_loss=0.608110 | val_acc=0.7785 | best_metric=0.9654 (epoch 48) | time=9.6s
[Epoch 068/100] train_loss=0.102667 | val_loss=0.250992 | val_acc=0.9273 | best_metric=0.9654 (epoch 48) | time=10.0s
[Epoch 069/100] train_loss=0.101215 | val_loss=0.293222 | val_acc=0.9204 | best_metric=0.9654 (epoch 48) | time=10.3s
[Epoch 070/100] train_loss=0.090719 | val_loss=0.415831 | val_acc=0.8927 | best_metric=0.9654 (epoch 48) | time=10.6s
[Epoch 071/100] train_loss=0.127139 | val_loss=0.354941 | val_acc=0.8997 | best_metric=0.9654 (epoch 48) | time=10.4s
[Epoch 072/100] train_loss=0.087665 | val_loss=0.247199 | val_acc=0.9377 | best_metric=0.9654 (epoch 48) | time=10.1s
[Epoch 073/100] train_loss=0.063730 | val_loss=0.276480 | val_acc=0.9273 | best_metric=0.9654 (epoch 48) | time=10.6s
[Epoch 074/100] train_loss=0.080410 | val_loss=0.250305 | val_acc=0.9412 | best_metric=0.9654 (epoch 48) | time=10.7s
[Epoch 075/100] train_loss=0.089933 | val_loss=0.253496 | val_acc=0.9412 | best_metric=0.9654 (epoch 48) | time=11.3s
[Epoch 076/100] train_loss=0.088442 | val_loss=0.417120 | val_acc=0.8720 | best_metric=0.9654 (epoch 48) | time=11.0s
[Epoch 077/100] train_loss=0.058116 | val_loss=0.245391 | val_acc=0.9377 | best_metric=0.9654 (epoch 48) | time=9.6s
[Epoch 078/100] train_loss=0.064746 | val_loss=0.591239 | val_acc=0.7924 | best_metric=0.9654 (epoch 48) | time=11.5s
[Epoch 079/100] train_loss=0.051541 | val_loss=0.512851 | val_acc=0.8962 | best_metric=0.9654 (epoch 48) | time=9.9s
[Epoch 080/100] train_loss=0.090028 | val_loss=0.676771 | val_acc=0.7509 | best_metric=0.9654 (epoch 48) | time=12.0s
[Epoch 081/100] train_loss=0.057907 | val_loss=0.284348 | val_acc=0.9273 | best_metric=0.9654 (epoch 48) | time=11.3s
[Epoch 082/100] train_loss=0.060214 | val_loss=0.244877 | val_acc=0.9273 | best_metric=0.9654 (epoch 48) | time=10.2s
[Epoch 083/100] train_loss=0.054888 | val_loss=0.260034 | val_acc=0.9343 | best_metric=0.9654 (epoch 48) | time=9.9s
[Epoch 084/100] train_loss=0.071485 | val_loss=0.329302 | val_acc=0.8789 | best_metric=0.9654 (epoch 48) | time=11.6s
[Epoch 085/100] train_loss=0.044489 | val_loss=0.335182 | val_acc=0.8858 | best_metric=0.9654 (epoch 48) | time=11.9s
[Epoch 086/100] train_loss=0.062799 | val_loss=0.290081 | val_acc=0.9273 | best_metric=0.9654 (epoch 48) | time=12.9s
[Epoch 087/100] train_loss=0.046285 | val_loss=0.313164 | val_acc=0.8962 | best_metric=0.9654 (epoch 48) | time=10.7s
[Epoch 088/100] train_loss=0.052429 | val_loss=0.381825 | val_acc=0.8754 | best_metric=0.9654 (epoch 48) | time=11.2s
[Epoch 089/100] train_loss=0.069075 | val_loss=0.593914 | val_acc=0.7924 | best_metric=0.9654 (epoch 48) | time=11.8s
[Epoch 090/100] train_loss=0.053430 | val_loss=0.554057 | val_acc=0.7855 | best_metric=0.9654 (epoch 48) | time=11.1s
[Epoch 091/100] train_loss=0.040386 | val_loss=0.481857 | val_acc=0.8339 | best_metric=0.9654 (epoch 48) | time=10.7s
[Epoch 092/100] train_loss=0.054194 | val_loss=0.960848 | val_acc=0.6920 | best_metric=0.9654 (epoch 48) | time=12.1s
[Epoch 093/100] train_loss=0.043904 | val_loss=0.259529 | val_acc=0.9343 | best_metric=0.9654 (epoch 48) | time=11.0s
[Epoch 094/100] train_loss=0.042319 | val_loss=0.262853 | val_acc=0.9343 | best_metric=0.9654 (epoch 48) | time=11.4s
[Epoch 095/100] train_loss=0.042717 | val_loss=0.284850 | val_acc=0.9377 | best_metric=0.9654 (epoch 48) | time=11.0s
[Epoch 096/100] train_loss=0.059582 | val_loss=0.342095 | val_acc=0.8789 | best_metric=0.9654 (epoch 48) | time=10.8s
[Epoch 097/100] train_loss=0.041485 | val_loss=0.263779 | val_acc=0.9308 | best_metric=0.9654 (epoch 48) | time=10.4s
[Epoch 098/100] train_loss=0.033673 | val_loss=0.416775 | val_acc=0.8685 | best_metric=0.9654 (epoch 48) | time=10.5s
[Epoch 099/100] train_loss=0.043231 | val_loss=0.247727 | val_acc=0.9308 | best_metric=0.9654 (epoch 48) | time=11.0s
[Epoch 100/100] train_loss=0.041660 | val_loss=0.472015 | val_acc=0.8443 | best_metric=0.9654 (epoch 48) | time=10.6s
[DONE] finetune finished in 17.15 min
[DONE] best metric = 0.965398 at epoch 48
/home/ted1204/MS_Detection/src/training/trainer_test.py:469: FutureWarning: You are using `torch.load` with `weights_only=False` (the current default value), which uses the default pickle module implicitly. It is possible to construct malicious pickle data which will execute arbitrary code during unpickling (See https://github.com/pytorch/pytorch/blob/main/SECURITY.md#untrusted-models for more details). In a future release, the default value for `weights_only` will be flipped to `True`. This limits the functions that could be executed during unpickling. Arbitrary objects will no longer be allowed to be loaded via this mode unless they are explicitly allowlisted by the user via `torch.serialization.add_safe_globals`. We recommend you start setting `weights_only=True` for any use case where you don't have full control of the loaded file. Please open an issue on GitHub for any issues related to this experimental feature.
  ckpt = torch.load(ckpt_path, map_location="cpu")
[INFO] device: cuda
[INFO] visible GPUs: 0
[INFO] device: cuda
[INFO] save_dir: runs/hpo_stage1c_reconst/test/pohang_hpo3_reconst_L5_D256_BP3_50
[INFO] loaded finetuned model from: runs/hpo_stage1c_reconst/finetune/pohang_hpo3_reconst_L5_D256_BP3_50/best.pt
[INFO] load missing keys   : 0
[INFO] load unexpected keys: 0
[INFO] saved val predictions: runs/hpo_stage1c_reconst/test/pohang_hpo3_reconst_L5_D256_BP3_50/val_predictions.csv
[INFO] saved val threshold summary: runs/hpo_stage1c_reconst/test/pohang_hpo3_reconst_L5_D256_BP3_50/val_threshold_summary.json
[INFO] selected threshold from val: 3.022729
[INFO] saved test predictions: runs/hpo_stage1c_reconst/test/pohang_hpo3_reconst_L5_D256_BP3_50/test_predictions.csv
[INFO] saved test metrics    : runs/hpo_stage1c_reconst/test/pohang_hpo3_reconst_L5_D256_BP3_50/test_metrics_fixed_threshold.json
{
  "acc": 0.8129251700680272,
  "precision": 0.7936507936507936,
  "recall": 0.7751937984496124,
  "f1": 0.7843137254901961,
  "tp": 100,
  "tn": 139,
  "fp": 26,
  "fn": 29,
  "threshold": 3.022728681564331
}
[WARN] json not found: runs/hpo_stage1c_reconst/test/pohang_hpo3_reconst_L5_D256_BP3_50/metrics.json
[DONE] pred_csv : runs/hpo_stage1c_reconst/test/pohang_hpo3_reconst_L5_D256_BP3_50/test_predictions.csv
[DONE] out_dir  : runs/hpo_stage1c_reconst/test/pohang_hpo3_reconst_L5_D256_BP3_50/analysis
[DONE] run_hpo3_reconst.sh finished.
[WORKER-3] finished cfg=config/base_hpo3_reconst_04.yaml status=0
