============================================================
[START] 2026-03-19 12:02:30 worker=7 gpu=8 cfg=config/base_hpo3_reconst_08.yaml mode=full
============================================================
[INFO] CUDA_VISIBLE_DEVICES=8
[INFO] MODE=full
[INFO] BASE_CFG=config/base_hpo3_reconst_08.yaml
[INFO] device: cuda
[INFO] visible GPUs: 0
[INFO] device: cuda
[INFO] pretrain mode: reconstruction
[INFO] save_dir: runs/hpo_stage1c_reconst/pretrain/pohang_hpo3_reconst_L5_D512_BP5_60
[INFO] model params: 8,805,825
[Epoch 001/150] loss=6.242175 | best=6.242175 (epoch 1) | time=39.0s
[Epoch 002/150] loss=3.561840 | best=3.561840 (epoch 2) | time=38.4s
[Epoch 003/150] loss=2.857656 | best=2.857656 (epoch 3) | time=51.4s
[Epoch 004/150] loss=1.081845 | best=1.081845 (epoch 4) | time=40.3s
[Epoch 005/150] loss=0.557218 | best=0.557218 (epoch 5) | time=40.9s
[Epoch 006/150] loss=0.424399 | best=0.424399 (epoch 6) | time=41.2s
[Epoch 007/150] loss=0.369827 | best=0.369827 (epoch 7) | time=40.4s
[Epoch 008/150] loss=0.335096 | best=0.335096 (epoch 8) | time=41.1s
[Epoch 009/150] loss=0.310766 | best=0.310766 (epoch 9) | time=40.9s
[Epoch 010/150] loss=0.305517 | best=0.305517 (epoch 10) | time=41.1s
[Epoch 011/150] loss=0.291486 | best=0.291486 (epoch 11) | time=44.0s
[Epoch 012/150] loss=0.275131 | best=0.275131 (epoch 12) | time=40.5s
[Epoch 013/150] loss=0.263561 | best=0.263561 (epoch 13) | time=39.7s
[Epoch 014/150] loss=0.243968 | best=0.243968 (epoch 14) | time=40.2s
[Epoch 015/150] loss=0.221917 | best=0.221917 (epoch 15) | time=40.5s
[Epoch 016/150] loss=0.199934 | best=0.199934 (epoch 16) | time=41.1s
[Epoch 017/150] loss=0.185205 | best=0.185205 (epoch 17) | time=42.2s
[Epoch 018/150] loss=0.169360 | best=0.169360 (epoch 18) | time=43.6s
[Epoch 019/150] loss=0.143557 | best=0.143557 (epoch 19) | time=42.2s
[Epoch 020/150] loss=0.139623 | best=0.139623 (epoch 20) | time=41.1s
[Epoch 021/150] loss=0.123840 | best=0.123840 (epoch 21) | time=40.8s
[Epoch 022/150] loss=0.107542 | best=0.107542 (epoch 22) | time=40.8s
[Epoch 023/150] loss=0.109790 | best=0.107542 (epoch 22) | time=39.4s
[Epoch 024/150] loss=0.088798 | best=0.088798 (epoch 24) | time=40.5s
[Epoch 025/150] loss=0.093842 | best=0.088798 (epoch 24) | time=40.5s
[Epoch 026/150] loss=0.083708 | best=0.083708 (epoch 26) | time=40.4s
[Epoch 027/150] loss=0.079204 | best=0.079204 (epoch 27) | time=39.7s
[Epoch 028/150] loss=0.072862 | best=0.072862 (epoch 28) | time=44.3s
[Epoch 029/150] loss=0.072305 | best=0.072305 (epoch 29) | time=40.8s
[Epoch 030/150] loss=0.067802 | best=0.067802 (epoch 30) | time=41.9s
[Epoch 031/150] loss=0.064567 | best=0.064567 (epoch 31) | time=40.7s
[Epoch 032/150] loss=0.064691 | best=0.064567 (epoch 31) | time=39.3s
[Epoch 033/150] loss=0.059250 | best=0.059250 (epoch 33) | time=40.3s
[Epoch 034/150] loss=0.057140 | best=0.057140 (epoch 34) | time=40.9s
[Epoch 035/150] loss=0.052101 | best=0.052101 (epoch 35) | time=41.0s
[Epoch 036/150] loss=0.052704 | best=0.052101 (epoch 35) | time=40.3s
[Epoch 037/150] loss=0.054444 | best=0.052101 (epoch 35) | time=42.9s
[Epoch 038/150] loss=0.059966 | best=0.052101 (epoch 35) | time=41.2s
[Epoch 039/150] loss=0.053191 | best=0.052101 (epoch 35) | time=39.5s
[Epoch 040/150] loss=0.049430 | best=0.049430 (epoch 40) | time=41.4s
[Epoch 041/150] loss=0.047705 | best=0.047705 (epoch 41) | time=41.7s
[Epoch 042/150] loss=0.045040 | best=0.045040 (epoch 42) | time=42.4s
[Epoch 043/150] loss=0.040864 | best=0.040864 (epoch 43) | time=41.9s
[Epoch 044/150] loss=0.051000 | best=0.040864 (epoch 43) | time=40.1s
[Epoch 045/150] loss=0.047370 | best=0.040864 (epoch 43) | time=40.7s
[Epoch 046/150] loss=0.042916 | best=0.040864 (epoch 43) | time=40.8s
[Epoch 047/150] loss=0.042838 | best=0.040864 (epoch 43) | time=42.6s
[Epoch 048/150] loss=0.040461 | best=0.040461 (epoch 48) | time=42.1s
[Epoch 049/150] loss=0.041334 | best=0.040461 (epoch 48) | time=41.4s
[Epoch 050/150] loss=0.041754 | best=0.040461 (epoch 48) | time=40.9s
[Epoch 051/150] loss=0.046250 | best=0.040461 (epoch 48) | time=40.4s
[Epoch 052/150] loss=0.037287 | best=0.037287 (epoch 52) | time=41.3s
[Epoch 053/150] loss=0.045492 | best=0.037287 (epoch 52) | time=41.6s
[Epoch 054/150] loss=0.041071 | best=0.037287 (epoch 52) | time=42.2s
[Epoch 055/150] loss=0.036217 | best=0.036217 (epoch 55) | time=43.3s
[Epoch 056/150] loss=0.033702 | best=0.033702 (epoch 56) | time=43.9s
[Epoch 057/150] loss=0.034071 | best=0.033702 (epoch 56) | time=40.9s
[Epoch 058/150] loss=0.034269 | best=0.033702 (epoch 56) | time=43.1s
[Epoch 059/150] loss=0.034712 | best=0.033702 (epoch 56) | time=41.5s
[Epoch 060/150] loss=0.035004 | best=0.033702 (epoch 56) | time=41.7s
[Epoch 061/150] loss=0.036037 | best=0.033702 (epoch 56) | time=41.9s
[Epoch 062/150] loss=0.037791 | best=0.033702 (epoch 56) | time=40.0s
[Epoch 063/150] loss=0.037927 | best=0.033702 (epoch 56) | time=41.5s
[Epoch 064/150] loss=0.036827 | best=0.033702 (epoch 56) | time=40.2s
[Epoch 065/150] loss=0.038024 | best=0.033702 (epoch 56) | time=39.8s
[Epoch 066/150] loss=0.031671 | best=0.031671 (epoch 66) | time=42.2s
[Epoch 067/150] loss=0.033083 | best=0.031671 (epoch 66) | time=40.7s
[Epoch 068/150] loss=0.032492 | best=0.031671 (epoch 66) | time=42.2s
[Epoch 069/150] loss=0.032702 | best=0.031671 (epoch 66) | time=42.5s
[Epoch 070/150] loss=0.030394 | best=0.030394 (epoch 70) | time=45.9s
[Epoch 071/150] loss=0.030448 | best=0.030394 (epoch 70) | time=45.6s
[Epoch 072/150] loss=0.031559 | best=0.030394 (epoch 70) | time=41.7s
[Epoch 073/150] loss=0.030568 | best=0.030394 (epoch 70) | time=40.2s
[Epoch 074/150] loss=0.030411 | best=0.030394 (epoch 70) | time=40.2s
[Epoch 075/150] loss=0.028441 | best=0.028441 (epoch 75) | time=43.7s
[Epoch 076/150] loss=0.030881 | best=0.028441 (epoch 75) | time=40.9s
[Epoch 077/150] loss=0.028611 | best=0.028441 (epoch 75) | time=41.9s
[Epoch 078/150] loss=0.029941 | best=0.028441 (epoch 75) | time=41.8s
[Epoch 079/150] loss=0.027340 | best=0.027340 (epoch 79) | time=40.4s
[Epoch 080/150] loss=0.025273 | best=0.025273 (epoch 80) | time=42.2s
[Epoch 081/150] loss=0.024978 | best=0.024978 (epoch 81) | time=44.2s
[Epoch 082/150] loss=0.028878 | best=0.024978 (epoch 81) | time=42.6s
[Epoch 083/150] loss=0.030774 | best=0.024978 (epoch 81) | time=41.0s
[Epoch 084/150] loss=0.025441 | best=0.024978 (epoch 81) | time=40.8s
[Epoch 085/150] loss=0.027414 | best=0.024978 (epoch 81) | time=39.8s
[Epoch 086/150] loss=0.034764 | best=0.024978 (epoch 81) | time=41.4s
[Epoch 087/150] loss=0.028350 | best=0.024978 (epoch 81) | time=40.4s
[Epoch 088/150] loss=0.026084 | best=0.024978 (epoch 81) | time=41.8s
[Epoch 089/150] loss=0.025038 | best=0.024978 (epoch 81) | time=41.5s
[Epoch 090/150] loss=0.024061 | best=0.024061 (epoch 90) | time=46.2s
[Epoch 091/150] loss=0.027337 | best=0.024061 (epoch 90) | time=41.6s
[Epoch 092/150] loss=0.026746 | best=0.024061 (epoch 90) | time=40.9s
[Epoch 093/150] loss=0.024613 | best=0.024061 (epoch 90) | time=42.6s
[Epoch 094/150] loss=0.024063 | best=0.024061 (epoch 90) | time=42.0s
[Epoch 095/150] loss=0.026544 | best=0.024061 (epoch 90) | time=43.1s
[Epoch 096/150] loss=0.025361 | best=0.024061 (epoch 90) | time=41.7s
[Epoch 097/150] loss=0.022468 | best=0.022468 (epoch 97) | time=41.5s
[Epoch 098/150] loss=0.022201 | best=0.022201 (epoch 98) | time=42.0s
[Epoch 099/150] loss=0.025052 | best=0.022201 (epoch 98) | time=42.5s
[Epoch 100/150] loss=0.022219 | best=0.022201 (epoch 98) | time=43.1s
[Epoch 101/150] loss=0.023829 | best=0.022201 (epoch 98) | time=41.0s
[Epoch 102/150] loss=0.025132 | best=0.022201 (epoch 98) | time=41.8s
[Epoch 103/150] loss=0.034596 | best=0.022201 (epoch 98) | time=46.0s
[Epoch 104/150] loss=0.021244 | best=0.021244 (epoch 104) | time=44.4s
[Epoch 105/150] loss=0.025528 | best=0.021244 (epoch 104) | time=42.4s
[Epoch 106/150] loss=0.023165 | best=0.021244 (epoch 104) | time=42.6s
[Epoch 107/150] loss=0.020054 | best=0.020054 (epoch 107) | time=42.6s
[Epoch 108/150] loss=0.021175 | best=0.020054 (epoch 107) | time=41.8s
[Epoch 109/150] loss=0.021038 | best=0.020054 (epoch 107) | time=41.5s
[Epoch 110/150] loss=0.018539 | best=0.018539 (epoch 110) | time=43.2s
[Epoch 111/150] loss=0.024370 | best=0.018539 (epoch 110) | time=40.9s
[Epoch 112/150] loss=0.021627 | best=0.018539 (epoch 110) | time=43.5s
[Epoch 113/150] loss=0.019457 | best=0.018539 (epoch 110) | time=42.1s
[Epoch 114/150] loss=0.020677 | best=0.018539 (epoch 110) | time=40.6s
[Epoch 115/150] loss=0.020699 | best=0.018539 (epoch 110) | time=40.1s
[Epoch 116/150] loss=0.020468 | best=0.018539 (epoch 110) | time=40.4s
[Epoch 117/150] loss=0.020050 | best=0.018539 (epoch 110) | time=40.2s
[Epoch 118/150] loss=0.021250 | best=0.018539 (epoch 110) | time=40.6s
[Epoch 119/150] loss=0.020023 | best=0.018539 (epoch 110) | time=40.6s
[Epoch 120/150] loss=0.020248 | best=0.018539 (epoch 110) | time=40.2s
[Epoch 121/150] loss=0.019593 | best=0.018539 (epoch 110) | time=39.4s
[Epoch 122/150] loss=0.016997 | best=0.016997 (epoch 122) | time=41.4s
[Epoch 123/150] loss=0.022033 | best=0.016997 (epoch 122) | time=45.3s
[Epoch 124/150] loss=0.022282 | best=0.016997 (epoch 122) | time=42.9s
[Epoch 125/150] loss=0.020986 | best=0.016997 (epoch 122) | time=41.7s
[Epoch 126/150] loss=0.018340 | best=0.016997 (epoch 122) | time=42.9s
[Epoch 127/150] loss=0.020358 | best=0.016997 (epoch 122) | time=41.4s
[Epoch 128/150] loss=0.018326 | best=0.016997 (epoch 122) | time=42.5s
[Epoch 129/150] loss=0.016788 | best=0.016788 (epoch 129) | time=41.0s
[Epoch 130/150] loss=0.020757 | best=0.016788 (epoch 129) | time=40.0s
[Epoch 131/150] loss=0.020452 | best=0.016788 (epoch 129) | time=40.4s
[Epoch 132/150] loss=0.017225 | best=0.016788 (epoch 129) | time=40.2s
[Epoch 133/150] loss=0.016639 | best=0.016639 (epoch 133) | time=41.4s
[Epoch 134/150] loss=0.019663 | best=0.016639 (epoch 133) | time=41.6s
[Epoch 135/150] loss=0.016829 | best=0.016639 (epoch 133) | time=39.9s
[Epoch 136/150] loss=0.016410 | best=0.016410 (epoch 136) | time=40.5s
[Epoch 137/150] loss=0.018008 | best=0.016410 (epoch 136) | time=39.2s
[Epoch 138/150] loss=0.016485 | best=0.016410 (epoch 136) | time=40.1s
[Epoch 139/150] loss=0.018090 | best=0.016410 (epoch 136) | time=39.9s
[Epoch 140/150] loss=0.017372 | best=0.016410 (epoch 136) | time=39.0s
[Epoch 141/150] loss=0.014968 | best=0.014968 (epoch 141) | time=39.5s
[Epoch 142/150] loss=0.015707 | best=0.014968 (epoch 141) | time=37.8s
[Epoch 143/150] loss=0.015558 | best=0.014968 (epoch 141) | time=38.5s
[Epoch 144/150] loss=0.016876 | best=0.014968 (epoch 141) | time=37.8s
[Epoch 145/150] loss=0.016455 | best=0.014968 (epoch 141) | time=36.8s
[Epoch 146/150] loss=0.014230 | best=0.014230 (epoch 146) | time=38.3s
[Epoch 147/150] loss=0.015881 | best=0.014230 (epoch 146) | time=38.1s
[Epoch 148/150] loss=0.014417 | best=0.014230 (epoch 146) | time=37.3s
[Epoch 149/150] loss=0.014521 | best=0.014230 (epoch 146) | time=37.5s
[Epoch 150/150] loss=0.014173 | best=0.014173 (epoch 150) | time=38.4s
[DONE] training finished in 103.24 min
[DONE] best loss = 0.014173 at epoch 150
/home/ted1204/MS_Detection/src/training/trainer_finetune.py:186: FutureWarning: You are using `torch.load` with `weights_only=False` (the current default value), which uses the default pickle module implicitly. It is possible to construct malicious pickle data which will execute arbitrary code during unpickling (See https://github.com/pytorch/pytorch/blob/main/SECURITY.md#untrusted-models for more details). In a future release, the default value for `weights_only` will be flipped to `True`. This limits the functions that could be executed during unpickling. Arbitrary objects will no longer be allowed to be loaded via this mode unless they are explicitly allowlisted by the user via `torch.serialization.add_safe_globals`. We recommend you start setting `weights_only=True` for any use case where you don't have full control of the loaded file. Please open an issue on GitHub for any issues related to this experimental feature.
  ckpt = torch.load(encoder_ckpt_path, map_location="cpu")
[INFO] device: cuda
[INFO] visible GPUs: 0
[INFO] device: cuda
[INFO] save_dir: runs/hpo_stage1c_reconst/finetune/pohang_hpo3_reconst_L5_D512_BP5_60
[INFO] model params: 1,832,673
[DEBUG] pretrained_encoder_path = runs/hpo_stage1c_reconst/pretrain/pohang_hpo3_reconst_L5_D512_BP5_60/best_encoder.pt
[INFO] loaded encoder weights from: runs/hpo_stage1c_reconst/pretrain/pohang_hpo3_reconst_L5_D512_BP5_60/best_encoder.pt
[INFO] encoder load missing keys   : 0
[INFO] encoder load unexpected keys: 0
[INFO] center_c shape: (512,)
[Epoch 001/100] train_loss=0.955977 | val_loss=1.169533 | val_acc=0.6401 | best_metric=0.6401 (epoch 1) | time=10.3s
[Epoch 002/100] train_loss=0.764800 | val_loss=0.873536 | val_acc=0.7266 | best_metric=0.7266 (epoch 2) | time=10.5s
[Epoch 003/100] train_loss=0.701788 | val_loss=0.746394 | val_acc=0.8616 | best_metric=0.8616 (epoch 3) | time=10.3s
[Epoch 004/100] train_loss=0.655914 | val_loss=0.654291 | val_acc=0.8131 | best_metric=0.8616 (epoch 3) | time=11.1s
[Epoch 005/100] train_loss=0.634793 | val_loss=0.609831 | val_acc=0.8131 | best_metric=0.8616 (epoch 3) | time=11.0s
[Epoch 006/100] train_loss=0.593602 | val_loss=0.548280 | val_acc=0.8651 | best_metric=0.8651 (epoch 6) | time=12.1s
[Epoch 007/100] train_loss=0.545890 | val_loss=0.500899 | val_acc=0.8720 | best_metric=0.8720 (epoch 7) | time=11.3s
[Epoch 008/100] train_loss=0.512669 | val_loss=0.539896 | val_acc=0.8858 | best_metric=0.8858 (epoch 8) | time=12.0s
[Epoch 009/100] train_loss=0.474972 | val_loss=0.505578 | val_acc=0.9204 | best_metric=0.9204 (epoch 9) | time=12.5s
[Epoch 010/100] train_loss=0.482383 | val_loss=0.409607 | val_acc=0.9031 | best_metric=0.9204 (epoch 9) | time=13.4s
[Epoch 011/100] train_loss=0.425740 | val_loss=0.865473 | val_acc=0.5813 | best_metric=0.9204 (epoch 9) | time=10.3s
[Epoch 012/100] train_loss=0.402971 | val_loss=0.376100 | val_acc=0.8824 | best_metric=0.9204 (epoch 9) | time=9.9s
[Epoch 013/100] train_loss=0.383451 | val_loss=0.319642 | val_acc=0.9100 | best_metric=0.9204 (epoch 9) | time=11.3s
[Epoch 014/100] train_loss=0.367806 | val_loss=0.342490 | val_acc=0.8927 | best_metric=0.9204 (epoch 9) | time=11.4s
[Epoch 015/100] train_loss=0.356726 | val_loss=0.705595 | val_acc=0.7578 | best_metric=0.9204 (epoch 9) | time=11.3s
[Epoch 016/100] train_loss=0.376107 | val_loss=0.291629 | val_acc=0.9377 | best_metric=0.9377 (epoch 16) | time=12.0s
[Epoch 017/100] train_loss=0.319354 | val_loss=0.286234 | val_acc=0.9481 | best_metric=0.9481 (epoch 17) | time=11.2s
[Epoch 018/100] train_loss=0.337433 | val_loss=0.371935 | val_acc=0.9550 | best_metric=0.9550 (epoch 18) | time=12.0s
[Epoch 019/100] train_loss=0.399099 | val_loss=0.270856 | val_acc=0.9170 | best_metric=0.9550 (epoch 18) | time=10.4s
[Epoch 020/100] train_loss=0.289486 | val_loss=0.356330 | val_acc=0.9273 | best_metric=0.9550 (epoch 18) | time=11.6s
[Epoch 021/100] train_loss=0.365579 | val_loss=0.279865 | val_acc=0.9446 | best_metric=0.9550 (epoch 18) | time=10.4s
[Epoch 022/100] train_loss=0.325471 | val_loss=0.545868 | val_acc=0.8754 | best_metric=0.9550 (epoch 18) | time=10.5s
[Epoch 023/100] train_loss=0.274862 | val_loss=0.320366 | val_acc=0.9654 | best_metric=0.9654 (epoch 23) | time=10.8s
[Epoch 024/100] train_loss=0.273174 | val_loss=0.238181 | val_acc=0.9619 | best_metric=0.9654 (epoch 23) | time=10.0s
[Epoch 025/100] train_loss=0.265511 | val_loss=0.249457 | val_acc=0.9550 | best_metric=0.9654 (epoch 23) | time=11.1s
[Epoch 026/100] train_loss=0.242780 | val_loss=0.235070 | val_acc=0.9446 | best_metric=0.9654 (epoch 23) | time=10.7s
[Epoch 027/100] train_loss=0.247667 | val_loss=0.276296 | val_acc=0.9654 | best_metric=0.9654 (epoch 23) | time=10.5s
[Epoch 028/100] train_loss=0.255112 | val_loss=1.114248 | val_acc=0.5779 | best_metric=0.9654 (epoch 23) | time=10.4s
[Epoch 029/100] train_loss=0.309951 | val_loss=0.364929 | val_acc=0.9343 | best_metric=0.9654 (epoch 23) | time=10.6s
[Epoch 030/100] train_loss=0.273980 | val_loss=0.231820 | val_acc=0.9343 | best_metric=0.9654 (epoch 23) | time=10.9s
[Epoch 031/100] train_loss=0.251259 | val_loss=0.278300 | val_acc=0.9516 | best_metric=0.9654 (epoch 23) | time=9.9s
[Epoch 032/100] train_loss=0.230232 | val_loss=0.257223 | val_acc=0.9654 | best_metric=0.9654 (epoch 23) | time=9.9s
[Epoch 033/100] train_loss=0.192687 | val_loss=0.227997 | val_acc=0.9377 | best_metric=0.9654 (epoch 23) | time=11.2s
[Epoch 034/100] train_loss=0.173413 | val_loss=0.269588 | val_acc=0.9204 | best_metric=0.9654 (epoch 23) | time=10.5s
[Epoch 035/100] train_loss=0.186637 | val_loss=0.215106 | val_acc=0.9827 | best_metric=0.9827 (epoch 35) | time=10.6s
[Epoch 036/100] train_loss=0.178457 | val_loss=0.220378 | val_acc=0.9792 | best_metric=0.9827 (epoch 35) | time=11.2s
[Epoch 037/100] train_loss=0.175065 | val_loss=0.250139 | val_acc=0.9689 | best_metric=0.9827 (epoch 35) | time=10.5s
[Epoch 038/100] train_loss=0.176584 | val_loss=0.177435 | val_acc=0.9723 | best_metric=0.9827 (epoch 35) | time=11.4s
[Epoch 039/100] train_loss=0.151509 | val_loss=0.247663 | val_acc=0.9619 | best_metric=0.9827 (epoch 35) | time=11.2s
[Epoch 040/100] train_loss=0.144707 | val_loss=0.229416 | val_acc=0.9654 | best_metric=0.9827 (epoch 35) | time=10.6s
[Epoch 041/100] train_loss=0.179318 | val_loss=0.192438 | val_acc=0.9412 | best_metric=0.9827 (epoch 35) | time=10.7s
[Epoch 042/100] train_loss=0.123981 | val_loss=0.316805 | val_acc=0.9273 | best_metric=0.9827 (epoch 35) | time=10.9s
[Epoch 043/100] train_loss=0.164738 | val_loss=0.243272 | val_acc=0.9689 | best_metric=0.9827 (epoch 35) | time=10.7s
[Epoch 044/100] train_loss=0.130216 | val_loss=0.518336 | val_acc=0.8166 | best_metric=0.9827 (epoch 35) | time=9.7s
[Epoch 045/100] train_loss=0.159060 | val_loss=0.268494 | val_acc=0.9585 | best_metric=0.9827 (epoch 35) | time=10.4s
[Epoch 046/100] train_loss=0.140887 | val_loss=0.229112 | val_acc=0.9516 | best_metric=0.9827 (epoch 35) | time=10.9s
[Epoch 047/100] train_loss=0.109355 | val_loss=0.181908 | val_acc=0.9862 | best_metric=0.9862 (epoch 47) | time=11.0s
[Epoch 048/100] train_loss=0.164549 | val_loss=0.304962 | val_acc=0.9273 | best_metric=0.9862 (epoch 47) | time=10.4s
[Epoch 049/100] train_loss=0.139816 | val_loss=0.290958 | val_acc=0.9412 | best_metric=0.9862 (epoch 47) | time=10.9s
[Epoch 050/100] train_loss=0.114896 | val_loss=1.049926 | val_acc=0.7093 | best_metric=0.9862 (epoch 47) | time=9.7s
[Epoch 051/100] train_loss=0.147011 | val_loss=0.174842 | val_acc=0.9377 | best_metric=0.9862 (epoch 47) | time=10.8s
[Epoch 052/100] train_loss=0.181708 | val_loss=0.363266 | val_acc=0.9031 | best_metric=0.9862 (epoch 47) | time=10.1s
[Epoch 053/100] train_loss=0.106209 | val_loss=0.200046 | val_acc=0.9446 | best_metric=0.9862 (epoch 47) | time=10.4s
[Epoch 054/100] train_loss=0.104607 | val_loss=0.294842 | val_acc=0.9239 | best_metric=0.9862 (epoch 47) | time=10.2s
[Epoch 055/100] train_loss=0.091653 | val_loss=0.188155 | val_acc=0.9654 | best_metric=0.9862 (epoch 47) | time=10.1s
[Epoch 056/100] train_loss=0.162640 | val_loss=0.280050 | val_acc=0.9585 | best_metric=0.9862 (epoch 47) | time=9.8s
[Epoch 057/100] train_loss=0.107254 | val_loss=0.275059 | val_acc=0.9239 | best_metric=0.9862 (epoch 47) | time=10.6s
[Epoch 058/100] train_loss=0.091314 | val_loss=0.250946 | val_acc=0.9654 | best_metric=0.9862 (epoch 47) | time=10.1s
[Epoch 059/100] train_loss=0.123576 | val_loss=0.209201 | val_acc=0.9377 | best_metric=0.9862 (epoch 47) | time=10.3s
[Epoch 060/100] train_loss=0.110231 | val_loss=0.494008 | val_acc=0.8374 | best_metric=0.9862 (epoch 47) | time=10.1s
[Epoch 061/100] train_loss=0.106063 | val_loss=0.285314 | val_acc=0.9343 | best_metric=0.9862 (epoch 47) | time=10.4s
[Epoch 062/100] train_loss=0.091014 | val_loss=0.187675 | val_acc=0.9412 | best_metric=0.9862 (epoch 47) | time=10.9s
[Epoch 063/100] train_loss=0.122231 | val_loss=0.338434 | val_acc=0.9031 | best_metric=0.9862 (epoch 47) | time=10.8s
[Epoch 064/100] train_loss=0.104546 | val_loss=0.302291 | val_acc=0.9273 | best_metric=0.9862 (epoch 47) | time=10.8s
[Epoch 065/100] train_loss=0.077554 | val_loss=0.533102 | val_acc=0.8304 | best_metric=0.9862 (epoch 47) | time=10.8s
[Epoch 066/100] train_loss=0.103708 | val_loss=0.315985 | val_acc=0.9239 | best_metric=0.9862 (epoch 47) | time=10.5s
[Epoch 067/100] train_loss=0.082614 | val_loss=0.256775 | val_acc=0.9377 | best_metric=0.9862 (epoch 47) | time=10.9s
[Epoch 068/100] train_loss=0.077108 | val_loss=0.211325 | val_acc=0.9412 | best_metric=0.9862 (epoch 47) | time=11.0s
[Epoch 069/100] train_loss=0.063620 | val_loss=0.237174 | val_acc=0.9377 | best_metric=0.9862 (epoch 47) | time=11.3s
[Epoch 070/100] train_loss=0.096965 | val_loss=0.440810 | val_acc=0.8616 | best_metric=0.9862 (epoch 47) | time=11.1s
[Epoch 071/100] train_loss=0.096422 | val_loss=0.204258 | val_acc=0.9377 | best_metric=0.9862 (epoch 47) | time=10.5s
[Epoch 072/100] train_loss=0.071528 | val_loss=0.225297 | val_acc=0.9377 | best_metric=0.9862 (epoch 47) | time=9.9s
[Epoch 073/100] train_loss=0.070219 | val_loss=0.254839 | val_acc=0.9273 | best_metric=0.9862 (epoch 47) | time=11.5s
[Epoch 074/100] train_loss=0.063604 | val_loss=0.260779 | val_acc=0.9343 | best_metric=0.9862 (epoch 47) | time=10.5s
[Epoch 075/100] train_loss=0.092695 | val_loss=0.207193 | val_acc=0.9343 | best_metric=0.9862 (epoch 47) | time=11.5s
[Epoch 076/100] train_loss=0.056740 | val_loss=0.220815 | val_acc=0.9377 | best_metric=0.9862 (epoch 47) | time=10.3s
[Epoch 077/100] train_loss=0.078573 | val_loss=0.231329 | val_acc=0.9343 | best_metric=0.9862 (epoch 47) | time=10.8s
[Epoch 078/100] train_loss=0.073974 | val_loss=0.675612 | val_acc=0.8824 | best_metric=0.9862 (epoch 47) | time=10.6s
[Epoch 079/100] train_loss=0.056588 | val_loss=0.201590 | val_acc=0.9377 | best_metric=0.9862 (epoch 47) | time=11.2s
[Epoch 080/100] train_loss=0.081354 | val_loss=0.292216 | val_acc=0.9308 | best_metric=0.9862 (epoch 47) | time=10.6s
[Epoch 081/100] train_loss=0.048942 | val_loss=0.384929 | val_acc=0.8720 | best_metric=0.9862 (epoch 47) | time=10.8s
[Epoch 082/100] train_loss=0.063524 | val_loss=0.275431 | val_acc=0.9066 | best_metric=0.9862 (epoch 47) | time=10.6s
[Epoch 083/100] train_loss=0.048072 | val_loss=0.250395 | val_acc=0.9273 | best_metric=0.9862 (epoch 47) | time=11.5s
[Epoch 084/100] train_loss=0.052609 | val_loss=0.215652 | val_acc=0.9343 | best_metric=0.9862 (epoch 47) | time=10.7s
[Epoch 085/100] train_loss=0.046996 | val_loss=0.584678 | val_acc=0.8166 | best_metric=0.9862 (epoch 47) | time=11.0s
[Epoch 086/100] train_loss=0.042245 | val_loss=0.287048 | val_acc=0.9273 | best_metric=0.9862 (epoch 47) | time=10.6s
[Epoch 087/100] train_loss=0.063129 | val_loss=0.609457 | val_acc=0.8131 | best_metric=0.9862 (epoch 47) | time=11.6s
[Epoch 088/100] train_loss=0.044914 | val_loss=0.249211 | val_acc=0.9239 | best_metric=0.9862 (epoch 47) | time=10.7s
[Epoch 089/100] train_loss=0.059424 | val_loss=0.549121 | val_acc=0.8339 | best_metric=0.9862 (epoch 47) | time=11.0s
[Epoch 090/100] train_loss=0.057300 | val_loss=0.230362 | val_acc=0.9377 | best_metric=0.9862 (epoch 47) | time=10.7s
[Epoch 091/100] train_loss=0.057948 | val_loss=0.278825 | val_acc=0.9239 | best_metric=0.9862 (epoch 47) | time=9.8s
[Epoch 092/100] train_loss=0.055470 | val_loss=0.226175 | val_acc=0.9343 | best_metric=0.9862 (epoch 47) | time=10.3s
[Epoch 093/100] train_loss=0.034668 | val_loss=0.373789 | val_acc=0.8754 | best_metric=0.9862 (epoch 47) | time=10.2s
[Epoch 094/100] train_loss=0.049740 | val_loss=0.392038 | val_acc=0.8685 | best_metric=0.9862 (epoch 47) | time=10.4s
[Epoch 095/100] train_loss=0.050533 | val_loss=0.258921 | val_acc=0.9239 | best_metric=0.9862 (epoch 47) | time=9.7s
[Epoch 096/100] train_loss=0.047457 | val_loss=0.243409 | val_acc=0.9343 | best_metric=0.9862 (epoch 47) | time=10.5s
[Epoch 097/100] train_loss=0.049793 | val_loss=0.486050 | val_acc=0.8408 | best_metric=0.9862 (epoch 47) | time=10.2s
[Epoch 098/100] train_loss=0.045853 | val_loss=0.252964 | val_acc=0.9273 | best_metric=0.9862 (epoch 47) | time=10.7s
[Epoch 099/100] train_loss=0.044441 | val_loss=0.463032 | val_acc=0.8581 | best_metric=0.9862 (epoch 47) | time=10.3s
[Epoch 100/100] train_loss=0.035311 | val_loss=0.593510 | val_acc=0.8131 | best_metric=0.9862 (epoch 47) | time=9.8s
[DONE] finetune finished in 17.89 min
[DONE] best metric = 0.986159 at epoch 47
/home/ted1204/MS_Detection/src/training/trainer_test.py:469: FutureWarning: You are using `torch.load` with `weights_only=False` (the current default value), which uses the default pickle module implicitly. It is possible to construct malicious pickle data which will execute arbitrary code during unpickling (See https://github.com/pytorch/pytorch/blob/main/SECURITY.md#untrusted-models for more details). In a future release, the default value for `weights_only` will be flipped to `True`. This limits the functions that could be executed during unpickling. Arbitrary objects will no longer be allowed to be loaded via this mode unless they are explicitly allowlisted by the user via `torch.serialization.add_safe_globals`. We recommend you start setting `weights_only=True` for any use case where you don't have full control of the loaded file. Please open an issue on GitHub for any issues related to this experimental feature.
  ckpt = torch.load(ckpt_path, map_location="cpu")
[INFO] device: cuda
[INFO] visible GPUs: 0
[INFO] device: cuda
[INFO] save_dir: runs/hpo_stage1c_reconst/test/pohang_hpo3_reconst_L5_D512_BP5_60
[INFO] loaded finetuned model from: runs/hpo_stage1c_reconst/finetune/pohang_hpo3_reconst_L5_D512_BP5_60/best.pt
[INFO] load missing keys   : 0
[INFO] load unexpected keys: 0
[INFO] saved val predictions: runs/hpo_stage1c_reconst/test/pohang_hpo3_reconst_L5_D512_BP5_60/val_predictions.csv
[INFO] saved val threshold summary: runs/hpo_stage1c_reconst/test/pohang_hpo3_reconst_L5_D512_BP5_60/val_threshold_summary.json
[INFO] selected threshold from val: 4.418829
[INFO] saved test predictions: runs/hpo_stage1c_reconst/test/pohang_hpo3_reconst_L5_D512_BP5_60/test_predictions.csv
[INFO] saved test metrics    : runs/hpo_stage1c_reconst/test/pohang_hpo3_reconst_L5_D512_BP5_60/test_metrics_fixed_threshold.json
{
  "acc": 0.8775510204081632,
  "precision": 0.9345794392523364,
  "recall": 0.7751937984496124,
  "f1": 0.847457627118644,
  "tp": 100,
  "tn": 158,
  "fp": 7,
  "fn": 29,
  "threshold": 4.418828964233398
}
[WARN] json not found: runs/hpo_stage1c_reconst/test/pohang_hpo3_reconst_L5_D512_BP5_60/metrics.json
[DONE] pred_csv : runs/hpo_stage1c_reconst/test/pohang_hpo3_reconst_L5_D512_BP5_60/test_predictions.csv
[DONE] out_dir  : runs/hpo_stage1c_reconst/test/pohang_hpo3_reconst_L5_D512_BP5_60/analysis
[DONE] run_hpo3_reconst.sh finished.
[WORKER-7] finished cfg=config/base_hpo3_reconst_08.yaml status=0
