============================================================
[START] 2026-03-19 17:06:52 worker=1 gpu=2 cfg=config/base_hpo3_reconst_18.yaml mode=full
============================================================
[INFO] CUDA_VISIBLE_DEVICES=2
[INFO] MODE=full
[INFO] BASE_CFG=config/base_hpo3_reconst_18.yaml
[INFO] device: cuda
[INFO] visible GPUs: 0
[INFO] device: cuda
[INFO] pretrain mode: reconstruction
[INFO] save_dir: runs/hpo_stage1c_reconst/pretrain/pohang_hpo3_reconst_L6_D512_BP5_80
[INFO] model params: 26,373,569
[Epoch 001/150] loss=5.699423 | best=5.699423 (epoch 1) | time=39.3s
[Epoch 002/150] loss=2.612697 | best=2.612697 (epoch 2) | time=43.1s
[Epoch 003/150] loss=2.536944 | best=2.536944 (epoch 3) | time=42.6s
[Epoch 004/150] loss=2.337730 | best=2.337730 (epoch 4) | time=44.6s
[Epoch 005/150] loss=1.960571 | best=1.960571 (epoch 5) | time=43.4s
[Epoch 006/150] loss=1.707397 | best=1.707397 (epoch 6) | time=42.6s
[Epoch 007/150] loss=1.313200 | best=1.313200 (epoch 7) | time=43.7s
[Epoch 008/150] loss=1.005241 | best=1.005241 (epoch 8) | time=42.5s
[Epoch 009/150] loss=0.786004 | best=0.786004 (epoch 9) | time=44.8s
[Epoch 010/150] loss=0.646671 | best=0.646671 (epoch 10) | time=49.2s
[Epoch 011/150] loss=0.570471 | best=0.570471 (epoch 11) | time=40.6s
[Epoch 012/150] loss=0.505162 | best=0.505162 (epoch 12) | time=44.5s
[Epoch 013/150] loss=0.452658 | best=0.452658 (epoch 13) | time=45.1s
[Epoch 014/150] loss=0.415633 | best=0.415633 (epoch 14) | time=43.4s
[Epoch 015/150] loss=0.391893 | best=0.391893 (epoch 15) | time=42.6s
[Epoch 016/150] loss=0.361809 | best=0.361809 (epoch 16) | time=41.5s
[Epoch 017/150] loss=0.334243 | best=0.334243 (epoch 17) | time=42.1s
[Epoch 018/150] loss=0.322286 | best=0.322286 (epoch 18) | time=43.9s
[Epoch 019/150] loss=0.310489 | best=0.310489 (epoch 19) | time=42.4s
[Epoch 020/150] loss=0.302670 | best=0.302670 (epoch 20) | time=41.5s
[Epoch 021/150] loss=0.286974 | best=0.286974 (epoch 21) | time=40.8s
[Epoch 022/150] loss=0.278185 | best=0.278185 (epoch 22) | time=40.1s
[Epoch 023/150] loss=0.270441 | best=0.270441 (epoch 23) | time=41.1s
[Epoch 024/150] loss=0.261348 | best=0.261348 (epoch 24) | time=41.7s
[Epoch 025/150] loss=0.256388 | best=0.256388 (epoch 25) | time=40.2s
[Epoch 026/150] loss=0.252388 | best=0.252388 (epoch 26) | time=39.6s
[Epoch 027/150] loss=0.243517 | best=0.243517 (epoch 27) | time=40.5s
[Epoch 028/150] loss=0.243290 | best=0.243290 (epoch 28) | time=40.3s
[Epoch 029/150] loss=0.238700 | best=0.238700 (epoch 29) | time=40.4s
[Epoch 030/150] loss=0.235438 | best=0.235438 (epoch 30) | time=40.2s
[Epoch 031/150] loss=0.229546 | best=0.229546 (epoch 31) | time=39.9s
[Epoch 032/150] loss=0.227351 | best=0.227351 (epoch 32) | time=40.2s
[Epoch 033/150] loss=0.223568 | best=0.223568 (epoch 33) | time=40.1s
[Epoch 034/150] loss=0.216833 | best=0.216833 (epoch 34) | time=40.8s
[Epoch 035/150] loss=0.206942 | best=0.206942 (epoch 35) | time=39.1s
[Epoch 036/150] loss=0.202538 | best=0.202538 (epoch 36) | time=40.2s
[Epoch 037/150] loss=0.189231 | best=0.189231 (epoch 37) | time=39.1s
[Epoch 038/150] loss=0.185026 | best=0.185026 (epoch 38) | time=40.0s
[Epoch 039/150] loss=0.179818 | best=0.179818 (epoch 39) | time=39.8s
[Epoch 040/150] loss=0.171207 | best=0.171207 (epoch 40) | time=39.9s
[Epoch 041/150] loss=0.169732 | best=0.169732 (epoch 41) | time=43.6s
[Epoch 042/150] loss=0.154782 | best=0.154782 (epoch 42) | time=46.9s
[Epoch 043/150] loss=0.151501 | best=0.151501 (epoch 43) | time=42.7s
[Epoch 044/150] loss=0.143938 | best=0.143938 (epoch 44) | time=42.0s
[Epoch 045/150] loss=0.139900 | best=0.139900 (epoch 45) | time=42.3s
[Epoch 046/150] loss=0.139298 | best=0.139298 (epoch 46) | time=39.4s
[Epoch 047/150] loss=0.141912 | best=0.139298 (epoch 46) | time=37.2s
[Epoch 048/150] loss=0.129784 | best=0.129784 (epoch 48) | time=42.9s
[Epoch 049/150] loss=0.128874 | best=0.128874 (epoch 49) | time=40.4s
[Epoch 050/150] loss=0.121227 | best=0.121227 (epoch 50) | time=39.9s
[Epoch 051/150] loss=0.120154 | best=0.120154 (epoch 51) | time=39.5s
[Epoch 052/150] loss=0.117946 | best=0.117946 (epoch 52) | time=39.7s
[Epoch 053/150] loss=0.121479 | best=0.117946 (epoch 52) | time=36.9s
[Epoch 054/150] loss=0.112381 | best=0.112381 (epoch 54) | time=39.7s
[Epoch 055/150] loss=0.114670 | best=0.112381 (epoch 54) | time=37.1s
[Epoch 056/150] loss=0.108834 | best=0.108834 (epoch 56) | time=39.2s
[Epoch 057/150] loss=0.108794 | best=0.108794 (epoch 57) | time=38.9s
[Epoch 058/150] loss=0.105587 | best=0.105587 (epoch 58) | time=39.4s
[Epoch 059/150] loss=0.105261 | best=0.105261 (epoch 59) | time=39.7s
[Epoch 060/150] loss=0.103226 | best=0.103226 (epoch 60) | time=39.4s
[Epoch 061/150] loss=0.099163 | best=0.099163 (epoch 61) | time=39.9s
[Epoch 062/150] loss=0.096405 | best=0.096405 (epoch 62) | time=39.2s
[Epoch 063/150] loss=0.095442 | best=0.095442 (epoch 63) | time=39.4s
[Epoch 064/150] loss=0.090897 | best=0.090897 (epoch 64) | time=39.5s
[Epoch 065/150] loss=0.091180 | best=0.090897 (epoch 64) | time=37.3s
[Epoch 066/150] loss=0.087950 | best=0.087950 (epoch 66) | time=39.4s
[Epoch 067/150] loss=0.088659 | best=0.087950 (epoch 66) | time=37.6s
[Epoch 068/150] loss=0.083802 | best=0.083802 (epoch 68) | time=39.6s
[Epoch 069/150] loss=0.081788 | best=0.081788 (epoch 69) | time=39.6s
[Epoch 070/150] loss=0.080295 | best=0.080295 (epoch 70) | time=39.5s
[Epoch 071/150] loss=0.081832 | best=0.080295 (epoch 70) | time=37.3s
[Epoch 072/150] loss=0.083656 | best=0.080295 (epoch 70) | time=36.9s
[Epoch 073/150] loss=0.077956 | best=0.077956 (epoch 73) | time=39.0s
[Epoch 074/150] loss=0.078983 | best=0.077956 (epoch 73) | time=37.6s
[Epoch 075/150] loss=0.075390 | best=0.075390 (epoch 75) | time=39.3s
[Epoch 076/150] loss=0.072706 | best=0.072706 (epoch 76) | time=39.0s
[Epoch 077/150] loss=0.071675 | best=0.071675 (epoch 77) | time=39.3s
[Epoch 078/150] loss=0.070269 | best=0.070269 (epoch 78) | time=39.4s
[Epoch 079/150] loss=0.068955 | best=0.068955 (epoch 79) | time=39.4s
[Epoch 080/150] loss=0.068349 | best=0.068349 (epoch 80) | time=40.0s
[Epoch 081/150] loss=0.068610 | best=0.068349 (epoch 80) | time=37.0s
[Epoch 082/150] loss=0.062954 | best=0.062954 (epoch 82) | time=39.0s
[Epoch 083/150] loss=0.066954 | best=0.062954 (epoch 82) | time=36.6s
[Epoch 084/150] loss=0.066051 | best=0.062954 (epoch 82) | time=37.2s
[Epoch 085/150] loss=0.065498 | best=0.062954 (epoch 82) | time=36.5s
[Epoch 086/150] loss=0.062627 | best=0.062627 (epoch 86) | time=39.5s
[Epoch 087/150] loss=0.063150 | best=0.062627 (epoch 86) | time=37.5s
[Epoch 088/150] loss=0.063618 | best=0.062627 (epoch 86) | time=36.6s
[Epoch 089/150] loss=0.062458 | best=0.062458 (epoch 89) | time=39.3s
[Epoch 090/150] loss=0.062134 | best=0.062134 (epoch 90) | time=39.9s
[Epoch 091/150] loss=0.057345 | best=0.057345 (epoch 91) | time=41.3s
[Epoch 092/150] loss=0.055768 | best=0.055768 (epoch 92) | time=42.5s
[Epoch 093/150] loss=0.055468 | best=0.055468 (epoch 93) | time=42.1s
[Epoch 094/150] loss=0.055499 | best=0.055468 (epoch 93) | time=40.5s
[Epoch 095/150] loss=0.056029 | best=0.055468 (epoch 93) | time=40.6s
[Epoch 096/150] loss=0.056842 | best=0.055468 (epoch 93) | time=40.2s
[Epoch 097/150] loss=0.054312 | best=0.054312 (epoch 97) | time=46.3s
[Epoch 098/150] loss=0.050952 | best=0.050952 (epoch 98) | time=45.7s
[Epoch 099/150] loss=0.051754 | best=0.050952 (epoch 98) | time=39.5s
[Epoch 100/150] loss=0.052621 | best=0.050952 (epoch 98) | time=36.9s
[Epoch 101/150] loss=0.048834 | best=0.048834 (epoch 101) | time=40.8s
[Epoch 102/150] loss=0.049086 | best=0.048834 (epoch 101) | time=37.1s
[Epoch 103/150] loss=0.049031 | best=0.048834 (epoch 101) | time=37.1s
[Epoch 104/150] loss=0.049486 | best=0.048834 (epoch 101) | time=37.7s
[Epoch 105/150] loss=0.049267 | best=0.048834 (epoch 101) | time=36.3s
[Epoch 106/150] loss=0.047874 | best=0.047874 (epoch 106) | time=39.4s
[Epoch 107/150] loss=0.047392 | best=0.047392 (epoch 107) | time=39.8s
[Epoch 108/150] loss=0.046124 | best=0.046124 (epoch 108) | time=42.2s
[Epoch 109/150] loss=0.045316 | best=0.045316 (epoch 109) | time=42.1s
[Epoch 110/150] loss=0.044944 | best=0.044944 (epoch 110) | time=41.9s
[Epoch 111/150] loss=0.046591 | best=0.044944 (epoch 110) | time=39.2s
[Epoch 112/150] loss=0.047226 | best=0.044944 (epoch 110) | time=40.1s
[Epoch 113/150] loss=0.043161 | best=0.043161 (epoch 113) | time=43.2s
[Epoch 114/150] loss=0.041056 | best=0.041056 (epoch 114) | time=41.4s
[Epoch 115/150] loss=0.039727 | best=0.039727 (epoch 115) | time=39.6s
[Epoch 116/150] loss=0.044374 | best=0.039727 (epoch 115) | time=37.3s
[Epoch 117/150] loss=0.041661 | best=0.039727 (epoch 115) | time=37.3s
[Epoch 118/150] loss=0.042795 | best=0.039727 (epoch 115) | time=37.4s
[Epoch 119/150] loss=0.040319 | best=0.039727 (epoch 115) | time=39.0s
[Epoch 120/150] loss=0.040281 | best=0.039727 (epoch 115) | time=37.1s
[Epoch 121/150] loss=0.040289 | best=0.039727 (epoch 115) | time=37.0s
[Epoch 122/150] loss=0.038426 | best=0.038426 (epoch 122) | time=39.5s
[Epoch 123/150] loss=0.038422 | best=0.038422 (epoch 123) | time=39.7s
[Epoch 124/150] loss=0.038012 | best=0.038012 (epoch 124) | time=40.1s
[Epoch 125/150] loss=0.037797 | best=0.037797 (epoch 125) | time=39.7s
[Epoch 126/150] loss=0.037826 | best=0.037797 (epoch 125) | time=37.1s
[Epoch 127/150] loss=0.040544 | best=0.037797 (epoch 125) | time=36.7s
[Epoch 128/150] loss=0.036140 | best=0.036140 (epoch 128) | time=39.7s
[Epoch 129/150] loss=0.036459 | best=0.036140 (epoch 128) | time=37.2s
[Epoch 130/150] loss=0.037509 | best=0.036140 (epoch 128) | time=36.7s
[Epoch 131/150] loss=0.035143 | best=0.035143 (epoch 131) | time=39.5s
[Epoch 132/150] loss=0.034517 | best=0.034517 (epoch 132) | time=40.6s
[Epoch 133/150] loss=0.033664 | best=0.033664 (epoch 133) | time=40.8s
[Epoch 134/150] loss=0.034409 | best=0.033664 (epoch 133) | time=38.1s
[Epoch 135/150] loss=0.036968 | best=0.033664 (epoch 133) | time=37.3s
[Epoch 136/150] loss=0.035462 | best=0.033664 (epoch 133) | time=37.1s
[Epoch 137/150] loss=0.038651 | best=0.033664 (epoch 133) | time=37.3s
[Epoch 138/150] loss=0.037268 | best=0.033664 (epoch 133) | time=37.0s
[Epoch 139/150] loss=0.033991 | best=0.033664 (epoch 133) | time=38.5s
[Epoch 140/150] loss=0.033844 | best=0.033664 (epoch 133) | time=37.1s
[Epoch 141/150] loss=0.034047 | best=0.033664 (epoch 133) | time=36.6s
[Epoch 142/150] loss=0.034352 | best=0.033664 (epoch 133) | time=37.8s
[Epoch 143/150] loss=0.032774 | best=0.032774 (epoch 143) | time=40.8s
[Epoch 144/150] loss=0.031814 | best=0.031814 (epoch 144) | time=40.2s
[Epoch 145/150] loss=0.033738 | best=0.031814 (epoch 144) | time=37.4s
[Epoch 146/150] loss=0.032723 | best=0.031814 (epoch 144) | time=37.8s
[Epoch 147/150] loss=0.030414 | best=0.030414 (epoch 147) | time=39.9s
[Epoch 148/150] loss=0.032114 | best=0.030414 (epoch 147) | time=37.5s
[Epoch 149/150] loss=0.031829 | best=0.030414 (epoch 147) | time=37.7s
[Epoch 150/150] loss=0.031677 | best=0.030414 (epoch 147) | time=37.4s
[DONE] training finished in 99.72 min
[DONE] best loss = 0.030414 at epoch 147
/home/ted1204/MS_Detection/src/training/trainer_finetune.py:186: FutureWarning: You are using `torch.load` with `weights_only=False` (the current default value), which uses the default pickle module implicitly. It is possible to construct malicious pickle data which will execute arbitrary code during unpickling (See https://github.com/pytorch/pytorch/blob/main/SECURITY.md#untrusted-models for more details). In a future release, the default value for `weights_only` will be flipped to `True`. This limits the functions that could be executed during unpickling. Arbitrary objects will no longer be allowed to be loaded via this mode unless they are explicitly allowlisted by the user via `torch.serialization.add_safe_globals`. We recommend you start setting `weights_only=True` for any use case where you don't have full control of the loaded file. Please open an issue on GitHub for any issues related to this experimental feature.
  ckpt = torch.load(encoder_ckpt_path, map_location="cpu")
[INFO] device: cuda
[INFO] visible GPUs: 0
[INFO] device: cuda
[INFO] save_dir: runs/hpo_stage1c_reconst/finetune/pohang_hpo3_reconst_L6_D512_BP5_80
[INFO] model params: 6,815,457
[DEBUG] pretrained_encoder_path = runs/hpo_stage1c_reconst/pretrain/pohang_hpo3_reconst_L6_D512_BP5_80/best_encoder.pt
[INFO] loaded encoder weights from: runs/hpo_stage1c_reconst/pretrain/pohang_hpo3_reconst_L6_D512_BP5_80/best_encoder.pt
[INFO] encoder load missing keys   : 0
[INFO] encoder load unexpected keys: 0
[INFO] center_c shape: (512,)
[Epoch 001/100] train_loss=1.661905 | val_loss=5.987530 | val_acc=0.5709 | best_metric=0.5709 (epoch 1) | time=8.5s
[Epoch 002/100] train_loss=1.013556 | val_loss=1.609102 | val_acc=0.5709 | best_metric=0.5709 (epoch 1) | time=8.8s
[Epoch 003/100] train_loss=0.868579 | val_loss=1.098025 | val_acc=0.7266 | best_metric=0.7266 (epoch 3) | time=9.7s
[Epoch 004/100] train_loss=0.775248 | val_loss=0.883782 | val_acc=0.7301 | best_metric=0.7301 (epoch 4) | time=9.2s
[Epoch 005/100] train_loss=0.719969 | val_loss=0.871537 | val_acc=0.7474 | best_metric=0.7474 (epoch 5) | time=9.1s
[Epoch 006/100] train_loss=0.663145 | val_loss=0.693729 | val_acc=0.7370 | best_metric=0.7474 (epoch 5) | time=8.4s
[Epoch 007/100] train_loss=0.633345 | val_loss=0.626256 | val_acc=0.7578 | best_metric=0.7578 (epoch 7) | time=9.4s
[Epoch 008/100] train_loss=0.608449 | val_loss=0.566252 | val_acc=0.8270 | best_metric=0.8270 (epoch 8) | time=9.4s
[Epoch 009/100] train_loss=0.542447 | val_loss=0.683789 | val_acc=0.7716 | best_metric=0.8270 (epoch 8) | time=8.4s
[Epoch 010/100] train_loss=0.512978 | val_loss=0.610688 | val_acc=0.8270 | best_metric=0.8270 (epoch 8) | time=9.0s
[Epoch 011/100] train_loss=0.501896 | val_loss=0.554267 | val_acc=0.7993 | best_metric=0.8270 (epoch 8) | time=9.0s
[Epoch 012/100] train_loss=0.451635 | val_loss=0.471051 | val_acc=0.8962 | best_metric=0.8962 (epoch 12) | time=10.1s
[Epoch 013/100] train_loss=0.424866 | val_loss=0.464298 | val_acc=0.8824 | best_metric=0.8962 (epoch 12) | time=8.6s
[Epoch 014/100] train_loss=0.459581 | val_loss=0.518993 | val_acc=0.8131 | best_metric=0.8962 (epoch 12) | time=9.4s
[Epoch 015/100] train_loss=0.445980 | val_loss=0.464854 | val_acc=0.8893 | best_metric=0.8962 (epoch 12) | time=9.8s
[Epoch 016/100] train_loss=0.350746 | val_loss=0.504893 | val_acc=0.8754 | best_metric=0.8962 (epoch 12) | time=9.2s
[Epoch 017/100] train_loss=0.325995 | val_loss=1.036879 | val_acc=0.7993 | best_metric=0.8962 (epoch 12) | time=9.1s
[Epoch 018/100] train_loss=0.337610 | val_loss=0.512523 | val_acc=0.8997 | best_metric=0.8997 (epoch 18) | time=9.0s
[Epoch 019/100] train_loss=0.306112 | val_loss=0.897742 | val_acc=0.6955 | best_metric=0.8997 (epoch 18) | time=9.6s
[Epoch 020/100] train_loss=0.291842 | val_loss=0.504112 | val_acc=0.8685 | best_metric=0.8997 (epoch 18) | time=8.8s
[Epoch 021/100] train_loss=0.343988 | val_loss=0.516304 | val_acc=0.8789 | best_metric=0.8997 (epoch 18) | time=8.7s
[Epoch 022/100] train_loss=0.286841 | val_loss=0.388979 | val_acc=0.9308 | best_metric=0.9308 (epoch 22) | time=10.0s
[Epoch 023/100] train_loss=0.256089 | val_loss=0.328570 | val_acc=0.9481 | best_metric=0.9481 (epoch 23) | time=10.4s
[Epoch 024/100] train_loss=0.195824 | val_loss=0.674721 | val_acc=0.7855 | best_metric=0.9481 (epoch 23) | time=9.9s
[Epoch 025/100] train_loss=0.256348 | val_loss=0.358888 | val_acc=0.9273 | best_metric=0.9481 (epoch 23) | time=9.6s
[Epoch 026/100] train_loss=0.192334 | val_loss=0.570060 | val_acc=0.8408 | best_metric=0.9481 (epoch 23) | time=10.0s
[Epoch 027/100] train_loss=0.323444 | val_loss=0.414608 | val_acc=0.9170 | best_metric=0.9481 (epoch 23) | time=9.1s
[Epoch 028/100] train_loss=0.273139 | val_loss=0.353372 | val_acc=0.9377 | best_metric=0.9481 (epoch 23) | time=8.5s
[Epoch 029/100] train_loss=0.169336 | val_loss=0.538460 | val_acc=0.8651 | best_metric=0.9481 (epoch 23) | time=8.6s
[Epoch 030/100] train_loss=0.199396 | val_loss=0.799976 | val_acc=0.7509 | best_metric=0.9481 (epoch 23) | time=8.5s
[Epoch 031/100] train_loss=0.202311 | val_loss=0.370647 | val_acc=0.9308 | best_metric=0.9481 (epoch 23) | time=9.4s
[Epoch 032/100] train_loss=0.170142 | val_loss=1.496447 | val_acc=0.6644 | best_metric=0.9481 (epoch 23) | time=9.1s
[Epoch 033/100] train_loss=0.189378 | val_loss=0.524156 | val_acc=0.8651 | best_metric=0.9481 (epoch 23) | time=10.1s
[Epoch 034/100] train_loss=0.192707 | val_loss=0.603028 | val_acc=0.8374 | best_metric=0.9481 (epoch 23) | time=9.5s
[Epoch 035/100] train_loss=0.128648 | val_loss=0.768254 | val_acc=0.8651 | best_metric=0.9481 (epoch 23) | time=8.8s
[Epoch 036/100] train_loss=0.195431 | val_loss=0.349926 | val_acc=0.9100 | best_metric=0.9481 (epoch 23) | time=9.7s
[Epoch 037/100] train_loss=0.146359 | val_loss=0.318490 | val_acc=0.9516 | best_metric=0.9516 (epoch 37) | time=10.3s
[Epoch 038/100] train_loss=0.133867 | val_loss=0.563560 | val_acc=0.8512 | best_metric=0.9516 (epoch 37) | time=8.3s
[Epoch 039/100] train_loss=0.139048 | val_loss=0.310798 | val_acc=0.9412 | best_metric=0.9516 (epoch 37) | time=8.7s
[Epoch 040/100] train_loss=0.095925 | val_loss=0.443698 | val_acc=0.9031 | best_metric=0.9516 (epoch 37) | time=8.6s
[Epoch 041/100] train_loss=0.156136 | val_loss=0.439374 | val_acc=0.8927 | best_metric=0.9516 (epoch 37) | time=8.3s
[Epoch 042/100] train_loss=0.159080 | val_loss=0.341421 | val_acc=0.9239 | best_metric=0.9516 (epoch 37) | time=8.3s
[Epoch 043/100] train_loss=0.107621 | val_loss=0.597682 | val_acc=0.8374 | best_metric=0.9516 (epoch 37) | time=8.4s
[Epoch 044/100] train_loss=0.171868 | val_loss=0.372301 | val_acc=0.9170 | best_metric=0.9516 (epoch 37) | time=9.8s
[Epoch 045/100] train_loss=0.136709 | val_loss=0.292499 | val_acc=0.9446 | best_metric=0.9516 (epoch 37) | time=9.5s
[Epoch 046/100] train_loss=0.154510 | val_loss=0.437478 | val_acc=0.8893 | best_metric=0.9516 (epoch 37) | time=9.9s
[Epoch 047/100] train_loss=0.167727 | val_loss=0.520481 | val_acc=0.8720 | best_metric=0.9516 (epoch 37) | time=9.9s
[Epoch 048/100] train_loss=0.106031 | val_loss=0.370263 | val_acc=0.9204 | best_metric=0.9516 (epoch 37) | time=10.1s
[Epoch 049/100] train_loss=0.085628 | val_loss=0.376300 | val_acc=0.9066 | best_metric=0.9516 (epoch 37) | time=9.6s
[Epoch 050/100] train_loss=0.119710 | val_loss=0.289279 | val_acc=0.9446 | best_metric=0.9516 (epoch 37) | time=9.4s
[Epoch 051/100] train_loss=0.070821 | val_loss=0.298950 | val_acc=0.9446 | best_metric=0.9516 (epoch 37) | time=8.6s
[Epoch 052/100] train_loss=0.082065 | val_loss=0.427600 | val_acc=0.8824 | best_metric=0.9516 (epoch 37) | time=9.1s
[Epoch 053/100] train_loss=0.090843 | val_loss=0.398464 | val_acc=0.9066 | best_metric=0.9516 (epoch 37) | time=8.4s
[Epoch 054/100] train_loss=0.114831 | val_loss=0.754995 | val_acc=0.8062 | best_metric=0.9516 (epoch 37) | time=8.5s
[Epoch 055/100] train_loss=0.245954 | val_loss=0.534979 | val_acc=0.8858 | best_metric=0.9516 (epoch 37) | time=9.3s
[Epoch 056/100] train_loss=0.104083 | val_loss=1.155304 | val_acc=0.7093 | best_metric=0.9516 (epoch 37) | time=8.5s
[Epoch 057/100] train_loss=0.068632 | val_loss=0.417839 | val_acc=0.9031 | best_metric=0.9516 (epoch 37) | time=8.5s
[Epoch 058/100] train_loss=0.091653 | val_loss=0.690872 | val_acc=0.8270 | best_metric=0.9516 (epoch 37) | time=8.5s
[Epoch 059/100] train_loss=0.117971 | val_loss=0.528662 | val_acc=0.8824 | best_metric=0.9516 (epoch 37) | time=9.5s
[Epoch 060/100] train_loss=0.088462 | val_loss=0.408389 | val_acc=0.8962 | best_metric=0.9516 (epoch 37) | time=9.2s
[Epoch 061/100] train_loss=0.111921 | val_loss=0.723965 | val_acc=0.8097 | best_metric=0.9516 (epoch 37) | time=9.2s
[Epoch 062/100] train_loss=0.119560 | val_loss=0.366761 | val_acc=0.9170 | best_metric=0.9516 (epoch 37) | time=8.4s
[Epoch 063/100] train_loss=0.080169 | val_loss=0.361735 | val_acc=0.9343 | best_metric=0.9516 (epoch 37) | time=8.3s
[Epoch 064/100] train_loss=0.119248 | val_loss=0.350074 | val_acc=0.9273 | best_metric=0.9516 (epoch 37) | time=9.6s
[Epoch 065/100] train_loss=0.062449 | val_loss=0.350101 | val_acc=0.9170 | best_metric=0.9516 (epoch 37) | time=9.0s
[Epoch 066/100] train_loss=0.092549 | val_loss=1.005070 | val_acc=0.7785 | best_metric=0.9516 (epoch 37) | time=9.2s
[Epoch 067/100] train_loss=0.083830 | val_loss=0.632730 | val_acc=0.8478 | best_metric=0.9516 (epoch 37) | time=8.4s
[Epoch 068/100] train_loss=0.069101 | val_loss=0.715336 | val_acc=0.8166 | best_metric=0.9516 (epoch 37) | time=9.3s
[Epoch 069/100] train_loss=0.058909 | val_loss=0.541782 | val_acc=0.8720 | best_metric=0.9516 (epoch 37) | time=10.2s
[Epoch 070/100] train_loss=0.101464 | val_loss=0.711105 | val_acc=0.8166 | best_metric=0.9516 (epoch 37) | time=10.1s
[Epoch 071/100] train_loss=0.101093 | val_loss=0.396880 | val_acc=0.9100 | best_metric=0.9516 (epoch 37) | time=9.4s
[Epoch 072/100] train_loss=0.082742 | val_loss=0.375810 | val_acc=0.9031 | best_metric=0.9516 (epoch 37) | time=9.2s
[Epoch 073/100] train_loss=0.089775 | val_loss=0.504017 | val_acc=0.8720 | best_metric=0.9516 (epoch 37) | time=9.7s
[Epoch 074/100] train_loss=0.057244 | val_loss=0.379129 | val_acc=0.9135 | best_metric=0.9516 (epoch 37) | time=9.5s
[Epoch 075/100] train_loss=0.047393 | val_loss=0.402841 | val_acc=0.8927 | best_metric=0.9516 (epoch 37) | time=9.3s
[Epoch 076/100] train_loss=0.074683 | val_loss=0.400301 | val_acc=0.8962 | best_metric=0.9516 (epoch 37) | time=8.5s
[Epoch 077/100] train_loss=0.079817 | val_loss=0.448151 | val_acc=0.9031 | best_metric=0.9516 (epoch 37) | time=9.1s
[Epoch 078/100] train_loss=0.090385 | val_loss=0.372961 | val_acc=0.9100 | best_metric=0.9516 (epoch 37) | time=9.1s
[Epoch 079/100] train_loss=0.077407 | val_loss=0.419018 | val_acc=0.9066 | best_metric=0.9516 (epoch 37) | time=9.1s
[Epoch 080/100] train_loss=0.066373 | val_loss=0.458232 | val_acc=0.8927 | best_metric=0.9516 (epoch 37) | time=9.1s
[Epoch 081/100] train_loss=0.086317 | val_loss=0.692932 | val_acc=0.8339 | best_metric=0.9516 (epoch 37) | time=8.5s
[Epoch 082/100] train_loss=0.060118 | val_loss=0.609343 | val_acc=0.8443 | best_metric=0.9516 (epoch 37) | time=8.4s
[Epoch 083/100] train_loss=0.070590 | val_loss=0.905168 | val_acc=0.7751 | best_metric=0.9516 (epoch 37) | time=8.4s
[Epoch 084/100] train_loss=0.062528 | val_loss=0.346249 | val_acc=0.9135 | best_metric=0.9516 (epoch 37) | time=8.4s
[Epoch 085/100] train_loss=0.067646 | val_loss=0.384956 | val_acc=0.9100 | best_metric=0.9516 (epoch 37) | time=8.5s
[Epoch 086/100] train_loss=0.061434 | val_loss=0.413377 | val_acc=0.8997 | best_metric=0.9516 (epoch 37) | time=8.4s
[Epoch 087/100] train_loss=0.056950 | val_loss=0.374822 | val_acc=0.8997 | best_metric=0.9516 (epoch 37) | time=8.4s
[Epoch 088/100] train_loss=0.061369 | val_loss=0.359413 | val_acc=0.9100 | best_metric=0.9516 (epoch 37) | time=8.6s
[Epoch 089/100] train_loss=0.091231 | val_loss=0.379237 | val_acc=0.9170 | best_metric=0.9516 (epoch 37) | time=9.6s
[Epoch 090/100] train_loss=0.053452 | val_loss=0.355883 | val_acc=0.9204 | best_metric=0.9516 (epoch 37) | time=8.5s
[Epoch 091/100] train_loss=0.058315 | val_loss=0.335925 | val_acc=0.9204 | best_metric=0.9516 (epoch 37) | time=9.8s
[Epoch 092/100] train_loss=0.077104 | val_loss=0.374772 | val_acc=0.9100 | best_metric=0.9516 (epoch 37) | time=8.8s
[Epoch 093/100] train_loss=0.062763 | val_loss=0.356407 | val_acc=0.9031 | best_metric=0.9516 (epoch 37) | time=9.4s
[Epoch 094/100] train_loss=0.062001 | val_loss=0.443228 | val_acc=0.8893 | best_metric=0.9516 (epoch 37) | time=9.4s
[Epoch 095/100] train_loss=0.061437 | val_loss=0.526030 | val_acc=0.8443 | best_metric=0.9516 (epoch 37) | time=9.0s
[Epoch 096/100] train_loss=0.078948 | val_loss=0.355365 | val_acc=0.9204 | best_metric=0.9516 (epoch 37) | time=9.3s
[Epoch 097/100] train_loss=0.060081 | val_loss=0.683275 | val_acc=0.8201 | best_metric=0.9516 (epoch 37) | time=10.3s
[Epoch 098/100] train_loss=0.056424 | val_loss=0.357399 | val_acc=0.9135 | best_metric=0.9516 (epoch 37) | time=8.9s
[Epoch 099/100] train_loss=0.056681 | val_loss=0.425256 | val_acc=0.8893 | best_metric=0.9516 (epoch 37) | time=8.8s
[Epoch 100/100] train_loss=0.046977 | val_loss=0.392079 | val_acc=0.9031 | best_metric=0.9516 (epoch 37) | time=9.3s
[DONE] finetune finished in 15.20 min
[DONE] best metric = 0.951557 at epoch 37
/home/ted1204/MS_Detection/src/training/trainer_test.py:469: FutureWarning: You are using `torch.load` with `weights_only=False` (the current default value), which uses the default pickle module implicitly. It is possible to construct malicious pickle data which will execute arbitrary code during unpickling (See https://github.com/pytorch/pytorch/blob/main/SECURITY.md#untrusted-models for more details). In a future release, the default value for `weights_only` will be flipped to `True`. This limits the functions that could be executed during unpickling. Arbitrary objects will no longer be allowed to be loaded via this mode unless they are explicitly allowlisted by the user via `torch.serialization.add_safe_globals`. We recommend you start setting `weights_only=True` for any use case where you don't have full control of the loaded file. Please open an issue on GitHub for any issues related to this experimental feature.
  ckpt = torch.load(ckpt_path, map_location="cpu")
[INFO] device: cuda
[INFO] visible GPUs: 0
[INFO] device: cuda
[INFO] save_dir: runs/hpo_stage1c_reconst/test/pohang_hpo3_reconst_L6_D512_BP5_80
[INFO] loaded finetuned model from: runs/hpo_stage1c_reconst/finetune/pohang_hpo3_reconst_L6_D512_BP5_80/best.pt
[INFO] load missing keys   : 0
[INFO] load unexpected keys: 0
[INFO] saved val predictions: runs/hpo_stage1c_reconst/test/pohang_hpo3_reconst_L6_D512_BP5_80/val_predictions.csv
[INFO] saved val threshold summary: runs/hpo_stage1c_reconst/test/pohang_hpo3_reconst_L6_D512_BP5_80/val_threshold_summary.json
[INFO] selected threshold from val: 7.647832
[INFO] saved test predictions: runs/hpo_stage1c_reconst/test/pohang_hpo3_reconst_L6_D512_BP5_80/test_predictions.csv
[INFO] saved test metrics    : runs/hpo_stage1c_reconst/test/pohang_hpo3_reconst_L6_D512_BP5_80/test_metrics_fixed_threshold.json
{
  "acc": 0.8027210884353742,
  "precision": 0.9176470588235294,
  "recall": 0.6046511627906976,
  "f1": 0.7289719626168223,
  "tp": 78,
  "tn": 158,
  "fp": 7,
  "fn": 51,
  "threshold": 7.64783239364624
}
[WARN] json not found: runs/hpo_stage1c_reconst/test/pohang_hpo3_reconst_L6_D512_BP5_80/metrics.json
[DONE] pred_csv : runs/hpo_stage1c_reconst/test/pohang_hpo3_reconst_L6_D512_BP5_80/test_predictions.csv
[DONE] out_dir  : runs/hpo_stage1c_reconst/test/pohang_hpo3_reconst_L6_D512_BP5_80/analysis
[DONE] run_hpo3_reconst.sh finished.
[WORKER-1] finished cfg=config/base_hpo3_reconst_18.yaml status=0
