[INFO] CUDA_VISIBLE_DEVICES=2
[INFO] MODE=full
[INFO] BASE_CFG=config/base_hpo3_reconst_02.yaml
[INFO] device: cuda
[INFO] visible GPUs: 0
[INFO] device: cuda
[INFO] pretrain mode: reconstruction
[INFO] save_dir: runs/hpo_stage1c_reconst/pretrain/pohang_hpo3_reconst_L5_D128_BP5_60
[INFO] model params: 5,463,105
[Epoch 001/150] loss=6.192137 | best=6.192137 (epoch 1) | time=37.9s
[Epoch 002/150] loss=3.394922 | best=3.394922 (epoch 2) | time=41.7s
[Epoch 003/150] loss=2.356954 | best=2.356954 (epoch 3) | time=38.3s
[Epoch 004/150] loss=1.055898 | best=1.055898 (epoch 4) | time=34.5s
[Epoch 005/150] loss=0.607290 | best=0.607290 (epoch 5) | time=37.5s
[Epoch 006/150] loss=0.466345 | best=0.466345 (epoch 6) | time=36.7s
[Epoch 007/150] loss=0.411152 | best=0.411152 (epoch 7) | time=36.9s
[Epoch 008/150] loss=0.357503 | best=0.357503 (epoch 8) | time=36.6s
[Epoch 009/150] loss=0.338646 | best=0.338646 (epoch 9) | time=40.4s
[Epoch 010/150] loss=0.314822 | best=0.314822 (epoch 10) | time=36.1s
[Epoch 011/150] loss=0.311834 | best=0.311834 (epoch 11) | time=35.3s
[Epoch 012/150] loss=0.295242 | best=0.295242 (epoch 12) | time=35.0s
[Epoch 013/150] loss=0.286878 | best=0.286878 (epoch 13) | time=35.8s
[Epoch 014/150] loss=0.273494 | best=0.273494 (epoch 14) | time=34.1s
[Epoch 015/150] loss=0.254682 | best=0.254682 (epoch 15) | time=35.6s
[Epoch 016/150] loss=0.229448 | best=0.229448 (epoch 16) | time=37.4s
[Epoch 017/150] loss=0.207735 | best=0.207735 (epoch 17) | time=37.4s
[Epoch 018/150] loss=0.190538 | best=0.190538 (epoch 18) | time=35.5s
[Epoch 019/150] loss=0.179741 | best=0.179741 (epoch 19) | time=36.0s
[Epoch 020/150] loss=0.161956 | best=0.161956 (epoch 20) | time=35.7s
[Epoch 021/150] loss=0.148403 | best=0.148403 (epoch 21) | time=37.6s
[Epoch 022/150] loss=0.139830 | best=0.139830 (epoch 22) | time=37.1s
[Epoch 023/150] loss=0.128699 | best=0.128699 (epoch 23) | time=36.1s
[Epoch 024/150] loss=0.127608 | best=0.127608 (epoch 24) | time=36.7s
[Epoch 025/150] loss=0.118827 | best=0.118827 (epoch 25) | time=36.6s
[Epoch 026/150] loss=0.108711 | best=0.108711 (epoch 26) | time=38.1s
[Epoch 027/150] loss=0.102971 | best=0.102971 (epoch 27) | time=36.4s
[Epoch 028/150] loss=0.102461 | best=0.102461 (epoch 28) | time=35.3s
[Epoch 029/150] loss=0.094137 | best=0.094137 (epoch 29) | time=34.3s
[Epoch 030/150] loss=0.086375 | best=0.086375 (epoch 30) | time=36.9s
[Epoch 031/150] loss=0.080146 | best=0.080146 (epoch 31) | time=33.0s
[Epoch 032/150] loss=0.081282 | best=0.080146 (epoch 31) | time=35.4s
[Epoch 033/150] loss=0.073400 | best=0.073400 (epoch 33) | time=35.4s
[Epoch 034/150] loss=0.075469 | best=0.073400 (epoch 33) | time=34.5s
[Epoch 035/150] loss=0.076372 | best=0.073400 (epoch 33) | time=34.6s
[Epoch 036/150] loss=0.072998 | best=0.072998 (epoch 36) | time=35.2s
[Epoch 037/150] loss=0.072252 | best=0.072252 (epoch 37) | time=35.1s
[Epoch 038/150] loss=0.064327 | best=0.064327 (epoch 38) | time=37.8s
[Epoch 039/150] loss=0.064466 | best=0.064327 (epoch 38) | time=39.9s
[Epoch 040/150] loss=0.062047 | best=0.062047 (epoch 40) | time=37.1s
[Epoch 041/150] loss=0.058008 | best=0.058008 (epoch 41) | time=35.7s
[Epoch 042/150] loss=0.057840 | best=0.057840 (epoch 42) | time=35.2s
[Epoch 043/150] loss=0.061119 | best=0.057840 (epoch 42) | time=35.6s
[Epoch 044/150] loss=0.055056 | best=0.055056 (epoch 44) | time=35.4s
[Epoch 045/150] loss=0.050973 | best=0.050973 (epoch 45) | time=34.5s
[Epoch 046/150] loss=0.054478 | best=0.050973 (epoch 45) | time=33.9s
[Epoch 047/150] loss=0.053183 | best=0.050973 (epoch 45) | time=34.6s
[Epoch 048/150] loss=0.054756 | best=0.050973 (epoch 45) | time=34.9s
[Epoch 049/150] loss=0.050976 | best=0.050973 (epoch 45) | time=33.1s
[Epoch 050/150] loss=0.049357 | best=0.049357 (epoch 50) | time=34.8s
[Epoch 051/150] loss=0.051941 | best=0.049357 (epoch 50) | time=33.5s
[Epoch 052/150] loss=0.043500 | best=0.043500 (epoch 52) | time=35.1s
[Epoch 053/150] loss=0.055492 | best=0.043500 (epoch 52) | time=38.2s
[Epoch 054/150] loss=0.047704 | best=0.043500 (epoch 52) | time=41.1s
[Epoch 055/150] loss=0.048545 | best=0.043500 (epoch 52) | time=32.7s
[Epoch 056/150] loss=0.044562 | best=0.043500 (epoch 52) | time=34.1s
[Epoch 057/150] loss=0.044333 | best=0.043500 (epoch 52) | time=33.6s
[Epoch 058/150] loss=0.042571 | best=0.042571 (epoch 58) | time=36.2s
[Epoch 059/150] loss=0.046258 | best=0.042571 (epoch 58) | time=34.3s
[Epoch 060/150] loss=0.040955 | best=0.040955 (epoch 60) | time=34.6s
[Epoch 061/150] loss=0.043324 | best=0.040955 (epoch 60) | time=34.4s
[Epoch 062/150] loss=0.042273 | best=0.040955 (epoch 60) | time=34.7s
[Epoch 063/150] loss=0.036757 | best=0.036757 (epoch 63) | time=34.0s
[Epoch 064/150] loss=0.038607 | best=0.036757 (epoch 63) | time=35.1s
[Epoch 065/150] loss=0.040784 | best=0.036757 (epoch 63) | time=34.0s
[Epoch 066/150] loss=0.036104 | best=0.036104 (epoch 66) | time=33.5s
[Epoch 067/150] loss=0.040919 | best=0.036104 (epoch 66) | time=33.8s
[Epoch 068/150] loss=0.038249 | best=0.036104 (epoch 66) | time=35.1s
[Epoch 069/150] loss=0.036229 | best=0.036104 (epoch 66) | time=36.6s
[Epoch 070/150] loss=0.035801 | best=0.035801 (epoch 70) | time=35.7s
[Epoch 071/150] loss=0.034704 | best=0.034704 (epoch 71) | time=37.6s
[Epoch 072/150] loss=0.037811 | best=0.034704 (epoch 71) | time=36.6s
[Epoch 073/150] loss=0.032503 | best=0.032503 (epoch 73) | time=35.5s
[Epoch 074/150] loss=0.036797 | best=0.032503 (epoch 73) | time=35.5s
[Epoch 075/150] loss=0.040471 | best=0.032503 (epoch 73) | time=33.8s
[Epoch 076/150] loss=0.030487 | best=0.030487 (epoch 76) | time=33.7s
Traceback (most recent call last):
  File "/home/ted1204/MS_Detection/src/training/trainer_pretrain.py", line 419, in <module>
    main()
  File "/home/ted1204/MS_Detection/src/training/trainer_pretrain.py", line 383, in main
    metrics = train_one_epoch_reconstruction(
  File "/home/ted1204/MS_Detection/src/training/trainer_pretrain.py", line 260, in train_one_epoch_reconstruction
    scaler.step(optimizer)
  File "/home/ted1204/.conda/envs/ms_detection/lib/python3.10/site-packages/torch/amp/grad_scaler.py", line 454, in step
    retval = self._maybe_opt_step(optimizer, optimizer_state, *args, **kwargs)
  File "/home/ted1204/.conda/envs/ms_detection/lib/python3.10/site-packages/torch/amp/grad_scaler.py", line 351, in _maybe_opt_step
    if not sum(v.item() for v in optimizer_state["found_inf_per_device"].values()):
  File "/home/ted1204/.conda/envs/ms_detection/lib/python3.10/site-packages/torch/amp/grad_scaler.py", line 351, in <genexpr>
    if not sum(v.item() for v in optimizer_state["found_inf_per_device"].values()):
KeyboardInterrupt
============================================================
[START] 2026-03-19 12:02:30 worker=1 gpu=2 cfg=config/base_hpo3_reconst_02.yaml mode=full
============================================================
[INFO] CUDA_VISIBLE_DEVICES=2
[INFO] MODE=full
[INFO] BASE_CFG=config/base_hpo3_reconst_02.yaml
[INFO] device: cuda
[INFO] visible GPUs: 0
[INFO] device: cuda
[INFO] pretrain mode: reconstruction
[INFO] save_dir: runs/hpo_stage1c_reconst/pretrain/pohang_hpo3_reconst_L5_D128_BP5_60
[INFO] model params: 5,463,105
[Epoch 001/150] loss=6.192137 | best=6.192137 (epoch 1) | time=46.1s
[Epoch 002/150] loss=3.394922 | best=3.394922 (epoch 2) | time=35.1s
[Epoch 003/150] loss=2.356954 | best=2.356954 (epoch 3) | time=41.5s
[Epoch 004/150] loss=1.055898 | best=1.055898 (epoch 4) | time=35.1s
[Epoch 005/150] loss=0.607290 | best=0.607290 (epoch 5) | time=36.8s
[Epoch 006/150] loss=0.466345 | best=0.466345 (epoch 6) | time=36.8s
[Epoch 007/150] loss=0.411152 | best=0.411152 (epoch 7) | time=38.9s
[Epoch 008/150] loss=0.357503 | best=0.357503 (epoch 8) | time=35.8s
[Epoch 009/150] loss=0.338646 | best=0.338646 (epoch 9) | time=35.7s
[Epoch 010/150] loss=0.314822 | best=0.314822 (epoch 10) | time=37.7s
[Epoch 011/150] loss=0.311834 | best=0.311834 (epoch 11) | time=36.7s
[Epoch 012/150] loss=0.295242 | best=0.295242 (epoch 12) | time=38.9s
[Epoch 013/150] loss=0.286878 | best=0.286878 (epoch 13) | time=35.5s
[Epoch 014/150] loss=0.273494 | best=0.273494 (epoch 14) | time=36.7s
[Epoch 015/150] loss=0.254682 | best=0.254682 (epoch 15) | time=36.4s
[Epoch 016/150] loss=0.229448 | best=0.229448 (epoch 16) | time=36.2s
[Epoch 017/150] loss=0.207735 | best=0.207735 (epoch 17) | time=36.4s
[Epoch 018/150] loss=0.190538 | best=0.190538 (epoch 18) | time=36.0s
[Epoch 019/150] loss=0.179741 | best=0.179741 (epoch 19) | time=35.5s
[Epoch 020/150] loss=0.161956 | best=0.161956 (epoch 20) | time=38.2s
[Epoch 021/150] loss=0.148403 | best=0.148403 (epoch 21) | time=37.4s
[Epoch 022/150] loss=0.139830 | best=0.139830 (epoch 22) | time=37.4s
[Epoch 023/150] loss=0.128699 | best=0.128699 (epoch 23) | time=38.5s
[Epoch 024/150] loss=0.127608 | best=0.127608 (epoch 24) | time=36.7s
[Epoch 025/150] loss=0.118827 | best=0.118827 (epoch 25) | time=37.3s
[Epoch 026/150] loss=0.108711 | best=0.108711 (epoch 26) | time=37.4s
[Epoch 027/150] loss=0.102971 | best=0.102971 (epoch 27) | time=36.9s
[Epoch 028/150] loss=0.102461 | best=0.102461 (epoch 28) | time=38.9s
[Epoch 029/150] loss=0.094137 | best=0.094137 (epoch 29) | time=36.2s
[Epoch 030/150] loss=0.086375 | best=0.086375 (epoch 30) | time=38.2s
[Epoch 031/150] loss=0.080146 | best=0.080146 (epoch 31) | time=36.5s
[Epoch 032/150] loss=0.081282 | best=0.080146 (epoch 31) | time=35.7s
[Epoch 033/150] loss=0.073400 | best=0.073400 (epoch 33) | time=38.5s
[Epoch 034/150] loss=0.075469 | best=0.073400 (epoch 33) | time=35.8s
[Epoch 035/150] loss=0.076372 | best=0.073400 (epoch 33) | time=36.3s
[Epoch 036/150] loss=0.072998 | best=0.072998 (epoch 36) | time=36.4s
[Epoch 037/150] loss=0.072252 | best=0.072252 (epoch 37) | time=39.4s
[Epoch 038/150] loss=0.064327 | best=0.064327 (epoch 38) | time=36.8s
[Epoch 039/150] loss=0.064466 | best=0.064327 (epoch 38) | time=37.1s
[Epoch 040/150] loss=0.062047 | best=0.062047 (epoch 40) | time=40.9s
[Epoch 041/150] loss=0.058008 | best=0.058008 (epoch 41) | time=38.9s
[Epoch 042/150] loss=0.057840 | best=0.057840 (epoch 42) | time=46.5s
[Epoch 043/150] loss=0.061119 | best=0.057840 (epoch 42) | time=38.0s
[Epoch 044/150] loss=0.055056 | best=0.055056 (epoch 44) | time=36.8s
[Epoch 045/150] loss=0.050973 | best=0.050973 (epoch 45) | time=37.2s
[Epoch 046/150] loss=0.054478 | best=0.050973 (epoch 45) | time=36.0s
[Epoch 047/150] loss=0.053183 | best=0.050973 (epoch 45) | time=37.7s
[Epoch 048/150] loss=0.054756 | best=0.050973 (epoch 45) | time=36.7s
[Epoch 049/150] loss=0.050976 | best=0.050973 (epoch 45) | time=36.4s
[Epoch 050/150] loss=0.049357 | best=0.049357 (epoch 50) | time=35.2s
[Epoch 051/150] loss=0.051941 | best=0.049357 (epoch 50) | time=36.1s
[Epoch 052/150] loss=0.043500 | best=0.043500 (epoch 52) | time=37.7s
[Epoch 053/150] loss=0.055492 | best=0.043500 (epoch 52) | time=36.6s
[Epoch 054/150] loss=0.047704 | best=0.043500 (epoch 52) | time=37.3s
[Epoch 055/150] loss=0.048545 | best=0.043500 (epoch 52) | time=39.6s
[Epoch 056/150] loss=0.044562 | best=0.043500 (epoch 52) | time=36.9s
[Epoch 057/150] loss=0.044333 | best=0.043500 (epoch 52) | time=36.6s
[Epoch 058/150] loss=0.042571 | best=0.042571 (epoch 58) | time=38.7s
[Epoch 059/150] loss=0.046258 | best=0.042571 (epoch 58) | time=36.9s
[Epoch 060/150] loss=0.040955 | best=0.040955 (epoch 60) | time=38.6s
[Epoch 061/150] loss=0.043324 | best=0.040955 (epoch 60) | time=37.8s
[Epoch 062/150] loss=0.042273 | best=0.040955 (epoch 60) | time=38.9s
[Epoch 063/150] loss=0.036757 | best=0.036757 (epoch 63) | time=37.2s
[Epoch 064/150] loss=0.038607 | best=0.036757 (epoch 63) | time=36.5s
[Epoch 065/150] loss=0.040784 | best=0.036757 (epoch 63) | time=36.9s
[Epoch 066/150] loss=0.036104 | best=0.036104 (epoch 66) | time=37.6s
[Epoch 067/150] loss=0.040919 | best=0.036104 (epoch 66) | time=37.0s
[Epoch 068/150] loss=0.038249 | best=0.036104 (epoch 66) | time=35.8s
[Epoch 069/150] loss=0.036229 | best=0.036104 (epoch 66) | time=35.7s
[Epoch 070/150] loss=0.035801 | best=0.035801 (epoch 70) | time=37.3s
[Epoch 071/150] loss=0.034704 | best=0.034704 (epoch 71) | time=38.2s
[Epoch 072/150] loss=0.037811 | best=0.034704 (epoch 71) | time=37.9s
[Epoch 073/150] loss=0.032503 | best=0.032503 (epoch 73) | time=37.1s
[Epoch 074/150] loss=0.036797 | best=0.032503 (epoch 73) | time=36.6s
[Epoch 075/150] loss=0.040471 | best=0.032503 (epoch 73) | time=37.3s
[Epoch 076/150] loss=0.030487 | best=0.030487 (epoch 76) | time=37.2s
[Epoch 077/150] loss=0.032887 | best=0.030487 (epoch 76) | time=37.8s
[Epoch 078/150] loss=0.038152 | best=0.030487 (epoch 76) | time=37.2s
[Epoch 079/150] loss=0.036445 | best=0.030487 (epoch 76) | time=36.4s
[Epoch 080/150] loss=0.036611 | best=0.030487 (epoch 76) | time=36.6s
[Epoch 081/150] loss=0.034829 | best=0.030487 (epoch 76) | time=35.2s
[Epoch 082/150] loss=0.035259 | best=0.030487 (epoch 76) | time=36.7s
[Epoch 083/150] loss=0.034296 | best=0.030487 (epoch 76) | time=36.4s
[Epoch 084/150] loss=0.030916 | best=0.030487 (epoch 76) | time=36.1s
[Epoch 085/150] loss=0.031331 | best=0.030487 (epoch 76) | time=37.1s
[Epoch 086/150] loss=0.032753 | best=0.030487 (epoch 76) | time=36.1s
[Epoch 087/150] loss=0.029935 | best=0.029935 (epoch 87) | time=37.4s
[Epoch 088/150] loss=0.033035 | best=0.029935 (epoch 87) | time=37.8s
[Epoch 089/150] loss=0.034719 | best=0.029935 (epoch 87) | time=37.8s
[Epoch 090/150] loss=0.033589 | best=0.029935 (epoch 87) | time=38.0s
[Epoch 091/150] loss=0.031944 | best=0.029935 (epoch 87) | time=37.0s
[Epoch 092/150] loss=0.026835 | best=0.026835 (epoch 92) | time=38.7s
[Epoch 093/150] loss=0.028203 | best=0.026835 (epoch 92) | time=35.7s
[Epoch 094/150] loss=0.031387 | best=0.026835 (epoch 92) | time=35.3s
[Epoch 095/150] loss=0.030520 | best=0.026835 (epoch 92) | time=38.2s
[Epoch 096/150] loss=0.029570 | best=0.026835 (epoch 92) | time=37.0s
[Epoch 097/150] loss=0.028041 | best=0.026835 (epoch 92) | time=36.3s
[Epoch 098/150] loss=0.030841 | best=0.026835 (epoch 92) | time=37.0s
[Epoch 099/150] loss=0.026680 | best=0.026680 (epoch 99) | time=37.2s
[Epoch 100/150] loss=0.030038 | best=0.026680 (epoch 99) | time=39.2s
[Epoch 101/150] loss=0.026762 | best=0.026680 (epoch 99) | time=37.0s
[Epoch 102/150] loss=0.028014 | best=0.026680 (epoch 99) | time=36.8s
[Epoch 103/150] loss=0.027731 | best=0.026680 (epoch 99) | time=35.5s
[Epoch 104/150] loss=0.026929 | best=0.026680 (epoch 99) | time=35.5s
[Epoch 105/150] loss=0.027632 | best=0.026680 (epoch 99) | time=35.4s
[Epoch 106/150] loss=0.027983 | best=0.026680 (epoch 99) | time=37.3s
[Epoch 107/150] loss=0.027985 | best=0.026680 (epoch 99) | time=36.4s
[Epoch 108/150] loss=0.028507 | best=0.026680 (epoch 99) | time=36.8s
[Epoch 109/150] loss=0.028698 | best=0.026680 (epoch 99) | time=35.9s
[Epoch 110/150] loss=0.027616 | best=0.026680 (epoch 99) | time=36.5s
[Epoch 111/150] loss=0.026717 | best=0.026680 (epoch 99) | time=35.9s
[Epoch 112/150] loss=0.025352 | best=0.025352 (epoch 112) | time=39.3s
[Epoch 113/150] loss=0.026270 | best=0.025352 (epoch 112) | time=35.8s
[Epoch 114/150] loss=0.024420 | best=0.024420 (epoch 114) | time=37.5s
[Epoch 115/150] loss=0.024363 | best=0.024363 (epoch 115) | time=42.9s
[Epoch 116/150] loss=0.026513 | best=0.024363 (epoch 115) | time=37.4s
[Epoch 117/150] loss=0.025174 | best=0.024363 (epoch 115) | time=37.3s
[Epoch 118/150] loss=0.021437 | best=0.021437 (epoch 118) | time=37.7s
[Epoch 119/150] loss=0.023946 | best=0.021437 (epoch 118) | time=37.5s
[Epoch 120/150] loss=0.023770 | best=0.021437 (epoch 118) | time=35.5s
[Epoch 121/150] loss=0.021353 | best=0.021353 (epoch 121) | time=38.9s
[Epoch 122/150] loss=0.021560 | best=0.021353 (epoch 121) | time=35.8s
[Epoch 123/150] loss=0.023891 | best=0.021353 (epoch 121) | time=36.9s
[Epoch 124/150] loss=0.021175 | best=0.021175 (epoch 124) | time=38.0s
[Epoch 125/150] loss=0.022219 | best=0.021175 (epoch 124) | time=38.3s
[Epoch 126/150] loss=0.024565 | best=0.021175 (epoch 124) | time=38.1s
[Epoch 127/150] loss=0.026510 | best=0.021175 (epoch 124) | time=36.4s
[Epoch 128/150] loss=0.023325 | best=0.021175 (epoch 124) | time=36.7s
[Epoch 129/150] loss=0.023775 | best=0.021175 (epoch 124) | time=37.2s
[Epoch 130/150] loss=0.022014 | best=0.021175 (epoch 124) | time=36.1s
[Epoch 131/150] loss=0.019894 | best=0.019894 (epoch 131) | time=37.4s
[Epoch 132/150] loss=0.021004 | best=0.019894 (epoch 131) | time=37.3s
[Epoch 133/150] loss=0.021497 | best=0.019894 (epoch 131) | time=37.9s
[Epoch 134/150] loss=0.021457 | best=0.019894 (epoch 131) | time=36.0s
[Epoch 135/150] loss=0.022109 | best=0.019894 (epoch 131) | time=35.8s
[Epoch 136/150] loss=0.020958 | best=0.019894 (epoch 131) | time=38.5s
[Epoch 137/150] loss=0.021887 | best=0.019894 (epoch 131) | time=37.9s
[Epoch 138/150] loss=0.022666 | best=0.019894 (epoch 131) | time=36.7s
[Epoch 139/150] loss=0.021564 | best=0.019894 (epoch 131) | time=35.6s
[Epoch 140/150] loss=0.019734 | best=0.019734 (epoch 140) | time=38.3s
[Epoch 141/150] loss=0.018797 | best=0.018797 (epoch 141) | time=36.5s
[Epoch 142/150] loss=0.020193 | best=0.018797 (epoch 141) | time=36.3s
[Epoch 143/150] loss=0.020948 | best=0.018797 (epoch 141) | time=35.9s
[Epoch 144/150] loss=0.021989 | best=0.018797 (epoch 141) | time=37.3s
[Epoch 145/150] loss=0.020822 | best=0.018797 (epoch 141) | time=37.0s
[Epoch 146/150] loss=0.019356 | best=0.018797 (epoch 141) | time=36.5s
[Epoch 147/150] loss=0.019330 | best=0.018797 (epoch 141) | time=40.3s
[Epoch 148/150] loss=0.019463 | best=0.018797 (epoch 141) | time=36.9s
[Epoch 149/150] loss=0.021844 | best=0.018797 (epoch 141) | time=36.1s
[Epoch 150/150] loss=0.018545 | best=0.018545 (epoch 150) | time=37.3s
[DONE] training finished in 93.10 min
[DONE] best loss = 0.018545 at epoch 150
/home/ted1204/MS_Detection/src/training/trainer_finetune.py:186: FutureWarning: You are using `torch.load` with `weights_only=False` (the current default value), which uses the default pickle module implicitly. It is possible to construct malicious pickle data which will execute arbitrary code during unpickling (See https://github.com/pytorch/pytorch/blob/main/SECURITY.md#untrusted-models for more details). In a future release, the default value for `weights_only` will be flipped to `True`. This limits the functions that could be executed during unpickling. Arbitrary objects will no longer be allowed to be loaded via this mode unless they are explicitly allowlisted by the user via `torch.serialization.add_safe_globals`. We recommend you start setting `weights_only=True` for any use case where you don't have full control of the loaded file. Please open an issue on GitHub for any issues related to this experimental feature.
  ckpt = torch.load(encoder_ckpt_path, map_location="cpu")
[INFO] device: cuda
[INFO] visible GPUs: 0
[INFO] device: cuda
[INFO] save_dir: runs/hpo_stage1c_reconst/finetune/pohang_hpo3_reconst_L5_D128_BP5_60
[INFO] model params: 1,635,297
[DEBUG] pretrained_encoder_path = runs/hpo_stage1c_reconst/pretrain/pohang_hpo3_reconst_L5_D128_BP5_60/best_encoder.pt
[INFO] loaded encoder weights from: runs/hpo_stage1c_reconst/pretrain/pohang_hpo3_reconst_L5_D128_BP5_60/best_encoder.pt
[INFO] encoder load missing keys   : 0
[INFO] encoder load unexpected keys: 0
[INFO] center_c shape: (128,)
[Epoch 001/100] train_loss=0.815936 | val_loss=0.879578 | val_acc=0.7266 | best_metric=0.7266 (epoch 1) | time=10.1s
[Epoch 002/100] train_loss=0.739918 | val_loss=0.745090 | val_acc=0.7301 | best_metric=0.7301 (epoch 2) | time=10.2s
[Epoch 003/100] train_loss=0.709802 | val_loss=0.678566 | val_acc=0.8443 | best_metric=0.8443 (epoch 3) | time=10.1s
[Epoch 004/100] train_loss=0.689353 | val_loss=0.648998 | val_acc=0.8616 | best_metric=0.8616 (epoch 4) | time=10.0s
[Epoch 005/100] train_loss=0.658057 | val_loss=0.754430 | val_acc=0.7370 | best_metric=0.8616 (epoch 4) | time=9.9s
[Epoch 006/100] train_loss=0.639600 | val_loss=0.599920 | val_acc=0.8685 | best_metric=0.8685 (epoch 6) | time=9.8s
[Epoch 007/100] train_loss=0.611152 | val_loss=0.609375 | val_acc=0.7820 | best_metric=0.8685 (epoch 6) | time=9.7s
[Epoch 008/100] train_loss=0.574384 | val_loss=0.643200 | val_acc=0.7785 | best_metric=0.8685 (epoch 6) | time=9.6s
[Epoch 009/100] train_loss=0.543369 | val_loss=0.676243 | val_acc=0.7889 | best_metric=0.8685 (epoch 6) | time=10.1s
[Epoch 010/100] train_loss=0.528281 | val_loss=0.526082 | val_acc=0.8651 | best_metric=0.8685 (epoch 6) | time=10.0s
[Epoch 011/100] train_loss=0.508660 | val_loss=0.436153 | val_acc=0.9031 | best_metric=0.9031 (epoch 11) | time=10.2s
[Epoch 012/100] train_loss=0.495731 | val_loss=0.538827 | val_acc=0.7993 | best_metric=0.9031 (epoch 11) | time=10.0s
[Epoch 013/100] train_loss=0.493479 | val_loss=0.408636 | val_acc=0.9377 | best_metric=0.9377 (epoch 13) | time=11.2s
[Epoch 014/100] train_loss=0.528394 | val_loss=0.535858 | val_acc=0.8062 | best_metric=0.9377 (epoch 13) | time=10.0s
[Epoch 015/100] train_loss=0.437436 | val_loss=0.441001 | val_acc=0.9100 | best_metric=0.9377 (epoch 13) | time=10.8s
[Epoch 016/100] train_loss=0.459441 | val_loss=0.386333 | val_acc=0.9343 | best_metric=0.9377 (epoch 13) | time=10.1s
[Epoch 017/100] train_loss=0.420762 | val_loss=0.403106 | val_acc=0.8962 | best_metric=0.9377 (epoch 13) | time=10.7s
[Epoch 018/100] train_loss=0.429200 | val_loss=0.453707 | val_acc=0.8616 | best_metric=0.9377 (epoch 13) | time=9.8s
[Epoch 019/100] train_loss=0.425399 | val_loss=0.443114 | val_acc=0.8443 | best_metric=0.9377 (epoch 13) | time=10.6s
[Epoch 020/100] train_loss=0.393649 | val_loss=0.642354 | val_acc=0.8131 | best_metric=0.9377 (epoch 13) | time=10.4s
[Epoch 021/100] train_loss=0.381565 | val_loss=0.614117 | val_acc=0.7543 | best_metric=0.9377 (epoch 13) | time=9.5s
[Epoch 022/100] train_loss=0.361383 | val_loss=0.605452 | val_acc=0.8374 | best_metric=0.9377 (epoch 13) | time=9.6s
[Epoch 023/100] train_loss=0.337623 | val_loss=0.372109 | val_acc=0.9066 | best_metric=0.9377 (epoch 13) | time=9.6s
[Epoch 024/100] train_loss=0.331697 | val_loss=0.388368 | val_acc=0.8927 | best_metric=0.9377 (epoch 13) | time=10.8s
[Epoch 025/100] train_loss=0.320175 | val_loss=0.319485 | val_acc=0.9516 | best_metric=0.9516 (epoch 25) | time=10.3s
[Epoch 026/100] train_loss=0.355102 | val_loss=0.463080 | val_acc=0.8720 | best_metric=0.9516 (epoch 25) | time=9.9s
[Epoch 027/100] train_loss=0.325676 | val_loss=0.529244 | val_acc=0.8789 | best_metric=0.9516 (epoch 25) | time=10.7s
[Epoch 028/100] train_loss=0.296149 | val_loss=0.326267 | val_acc=0.9170 | best_metric=0.9516 (epoch 25) | time=10.0s
[Epoch 029/100] train_loss=0.269019 | val_loss=0.289113 | val_acc=0.9343 | best_metric=0.9516 (epoch 25) | time=11.0s
[Epoch 030/100] train_loss=0.272449 | val_loss=0.839662 | val_acc=0.5709 | best_metric=0.9516 (epoch 25) | time=10.6s
[Epoch 031/100] train_loss=0.305750 | val_loss=0.782956 | val_acc=0.8201 | best_metric=0.9516 (epoch 25) | time=10.6s
[Epoch 032/100] train_loss=0.272220 | val_loss=0.659141 | val_acc=0.7024 | best_metric=0.9516 (epoch 25) | time=9.7s
[Epoch 033/100] train_loss=0.274229 | val_loss=0.374218 | val_acc=0.8789 | best_metric=0.9516 (epoch 25) | time=10.8s
[Epoch 034/100] train_loss=0.264620 | val_loss=0.362887 | val_acc=0.8927 | best_metric=0.9516 (epoch 25) | time=10.2s
[Epoch 035/100] train_loss=0.222119 | val_loss=1.339760 | val_acc=0.7993 | best_metric=0.9516 (epoch 25) | time=9.4s
[Epoch 036/100] train_loss=0.243436 | val_loss=0.381604 | val_acc=0.8685 | best_metric=0.9516 (epoch 25) | time=10.2s
[Epoch 037/100] train_loss=0.229987 | val_loss=0.451500 | val_acc=0.8927 | best_metric=0.9516 (epoch 25) | time=10.3s
[Epoch 038/100] train_loss=0.220171 | val_loss=0.309647 | val_acc=0.9031 | best_metric=0.9516 (epoch 25) | time=10.6s
[Epoch 039/100] train_loss=0.224620 | val_loss=0.906869 | val_acc=0.8201 | best_metric=0.9516 (epoch 25) | time=10.9s
[Epoch 040/100] train_loss=0.204930 | val_loss=0.843414 | val_acc=0.6055 | best_metric=0.9516 (epoch 25) | time=10.4s
[Epoch 041/100] train_loss=0.192656 | val_loss=0.327847 | val_acc=0.9066 | best_metric=0.9516 (epoch 25) | time=10.2s
[Epoch 042/100] train_loss=0.191827 | val_loss=0.389619 | val_acc=0.8616 | best_metric=0.9516 (epoch 25) | time=10.8s
[Epoch 043/100] train_loss=0.205233 | val_loss=0.629691 | val_acc=0.7751 | best_metric=0.9516 (epoch 25) | time=10.3s
[Epoch 044/100] train_loss=0.224846 | val_loss=0.244373 | val_acc=0.9412 | best_metric=0.9516 (epoch 25) | time=10.1s
[Epoch 045/100] train_loss=0.185537 | val_loss=0.238332 | val_acc=0.9481 | best_metric=0.9516 (epoch 25) | time=10.7s
[Epoch 046/100] train_loss=0.173772 | val_loss=0.262976 | val_acc=0.9239 | best_metric=0.9516 (epoch 25) | time=10.8s
[Epoch 047/100] train_loss=0.180302 | val_loss=0.411702 | val_acc=0.8512 | best_metric=0.9516 (epoch 25) | time=10.2s
[Epoch 048/100] train_loss=0.146135 | val_loss=0.381951 | val_acc=0.9066 | best_metric=0.9516 (epoch 25) | time=11.2s
[Epoch 049/100] train_loss=0.172074 | val_loss=0.614000 | val_acc=0.8616 | best_metric=0.9516 (epoch 25) | time=9.8s
[Epoch 050/100] train_loss=0.153897 | val_loss=0.331841 | val_acc=0.8927 | best_metric=0.9516 (epoch 25) | time=10.5s
[Epoch 051/100] train_loss=0.167197 | val_loss=0.378927 | val_acc=0.8547 | best_metric=0.9516 (epoch 25) | time=10.1s
[Epoch 052/100] train_loss=0.165341 | val_loss=0.255477 | val_acc=0.9239 | best_metric=0.9516 (epoch 25) | time=10.6s
[Epoch 053/100] train_loss=0.175960 | val_loss=0.530607 | val_acc=0.7682 | best_metric=0.9516 (epoch 25) | time=10.4s
[Epoch 054/100] train_loss=0.136636 | val_loss=0.262787 | val_acc=0.9308 | best_metric=0.9516 (epoch 25) | time=10.6s
[Epoch 055/100] train_loss=0.125849 | val_loss=0.334099 | val_acc=0.9031 | best_metric=0.9516 (epoch 25) | time=10.2s
[Epoch 056/100] train_loss=0.127950 | val_loss=0.241782 | val_acc=0.9308 | best_metric=0.9516 (epoch 25) | time=10.5s
[Epoch 057/100] train_loss=0.123723 | val_loss=0.326196 | val_acc=0.8997 | best_metric=0.9516 (epoch 25) | time=10.6s
[Epoch 058/100] train_loss=0.160517 | val_loss=0.318788 | val_acc=0.9170 | best_metric=0.9516 (epoch 25) | time=11.1s
[Epoch 059/100] train_loss=0.123889 | val_loss=0.406265 | val_acc=0.8443 | best_metric=0.9516 (epoch 25) | time=10.2s
[Epoch 060/100] train_loss=0.128989 | val_loss=0.298751 | val_acc=0.9273 | best_metric=0.9516 (epoch 25) | time=11.3s
[Epoch 061/100] train_loss=0.097686 | val_loss=0.376225 | val_acc=0.8581 | best_metric=0.9516 (epoch 25) | time=11.0s
[Epoch 062/100] train_loss=0.146462 | val_loss=0.288388 | val_acc=0.9273 | best_metric=0.9516 (epoch 25) | time=11.6s
[Epoch 063/100] train_loss=0.116626 | val_loss=0.399733 | val_acc=0.8685 | best_metric=0.9516 (epoch 25) | time=10.1s
[Epoch 064/100] train_loss=0.098912 | val_loss=0.387886 | val_acc=0.8512 | best_metric=0.9516 (epoch 25) | time=11.5s
[Epoch 065/100] train_loss=0.101852 | val_loss=1.138888 | val_acc=0.5744 | best_metric=0.9516 (epoch 25) | time=10.9s
[Epoch 066/100] train_loss=0.093106 | val_loss=0.493927 | val_acc=0.8651 | best_metric=0.9516 (epoch 25) | time=10.8s
[Epoch 067/100] train_loss=0.099468 | val_loss=0.247362 | val_acc=0.9273 | best_metric=0.9516 (epoch 25) | time=11.8s
[Epoch 068/100] train_loss=0.104776 | val_loss=0.377256 | val_acc=0.8997 | best_metric=0.9516 (epoch 25) | time=11.7s
[Epoch 069/100] train_loss=0.115028 | val_loss=0.480460 | val_acc=0.8235 | best_metric=0.9516 (epoch 25) | time=14.4s
[Epoch 070/100] train_loss=0.103739 | val_loss=0.354103 | val_acc=0.8824 | best_metric=0.9516 (epoch 25) | time=10.8s
[Epoch 071/100] train_loss=0.100361 | val_loss=0.621390 | val_acc=0.7612 | best_metric=0.9516 (epoch 25) | time=12.0s
[Epoch 072/100] train_loss=0.100900 | val_loss=1.495946 | val_acc=0.5571 | best_metric=0.9516 (epoch 25) | time=11.1s
[Epoch 073/100] train_loss=0.085721 | val_loss=0.279658 | val_acc=0.9343 | best_metric=0.9516 (epoch 25) | time=12.6s
[Epoch 074/100] train_loss=0.082602 | val_loss=0.502941 | val_acc=0.8166 | best_metric=0.9516 (epoch 25) | time=10.0s
[Epoch 075/100] train_loss=0.078722 | val_loss=0.245057 | val_acc=0.9343 | best_metric=0.9516 (epoch 25) | time=12.2s
[Epoch 076/100] train_loss=0.077411 | val_loss=0.234768 | val_acc=0.9343 | best_metric=0.9516 (epoch 25) | time=12.1s
[Epoch 077/100] train_loss=0.089220 | val_loss=0.280485 | val_acc=0.9273 | best_metric=0.9516 (epoch 25) | time=11.2s
[Epoch 078/100] train_loss=0.093084 | val_loss=0.256387 | val_acc=0.9343 | best_metric=0.9516 (epoch 25) | time=10.9s
[Epoch 079/100] train_loss=0.087754 | val_loss=0.253610 | val_acc=0.9308 | best_metric=0.9516 (epoch 25) | time=10.9s
[Epoch 080/100] train_loss=0.088559 | val_loss=0.255888 | val_acc=0.9343 | best_metric=0.9516 (epoch 25) | time=10.2s
[Epoch 081/100] train_loss=0.078202 | val_loss=1.094977 | val_acc=0.8028 | best_metric=0.9516 (epoch 25) | time=11.2s
[Epoch 082/100] train_loss=0.065490 | val_loss=0.253120 | val_acc=0.9273 | best_metric=0.9516 (epoch 25) | time=10.5s
[Epoch 083/100] train_loss=0.073336 | val_loss=0.597007 | val_acc=0.7924 | best_metric=0.9516 (epoch 25) | time=10.6s
[Epoch 084/100] train_loss=0.085028 | val_loss=0.884206 | val_acc=0.6782 | best_metric=0.9516 (epoch 25) | time=10.8s
[Epoch 085/100] train_loss=0.076573 | val_loss=0.268156 | val_acc=0.9066 | best_metric=0.9516 (epoch 25) | time=10.3s
[Epoch 086/100] train_loss=0.058849 | val_loss=0.317604 | val_acc=0.8685 | best_metric=0.9516 (epoch 25) | time=10.3s
[Epoch 087/100] train_loss=0.058419 | val_loss=0.222415 | val_acc=0.9135 | best_metric=0.9516 (epoch 25) | time=11.3s
[Epoch 088/100] train_loss=0.077082 | val_loss=0.231720 | val_acc=0.9343 | best_metric=0.9516 (epoch 25) | time=10.8s
[Epoch 089/100] train_loss=0.054352 | val_loss=0.319457 | val_acc=0.8927 | best_metric=0.9516 (epoch 25) | time=11.0s
[Epoch 090/100] train_loss=0.089473 | val_loss=0.275814 | val_acc=0.8997 | best_metric=0.9516 (epoch 25) | time=10.7s
[Epoch 091/100] train_loss=0.058487 | val_loss=0.236686 | val_acc=0.9135 | best_metric=0.9516 (epoch 25) | time=9.3s
[Epoch 092/100] train_loss=0.048817 | val_loss=0.382020 | val_acc=0.9100 | best_metric=0.9516 (epoch 25) | time=10.7s
[Epoch 093/100] train_loss=0.069450 | val_loss=0.248939 | val_acc=0.9100 | best_metric=0.9516 (epoch 25) | time=11.2s
[Epoch 094/100] train_loss=0.057622 | val_loss=0.977045 | val_acc=0.6886 | best_metric=0.9516 (epoch 25) | time=11.1s
[Epoch 095/100] train_loss=0.067978 | val_loss=0.255236 | val_acc=0.9273 | best_metric=0.9516 (epoch 25) | time=11.5s
[Epoch 096/100] train_loss=0.066428 | val_loss=1.106457 | val_acc=0.6678 | best_metric=0.9516 (epoch 25) | time=9.4s
[Epoch 097/100] train_loss=0.061613 | val_loss=0.399534 | val_acc=0.8616 | best_metric=0.9516 (epoch 25) | time=10.5s
[Epoch 098/100] train_loss=0.048291 | val_loss=0.620689 | val_acc=0.7820 | best_metric=0.9516 (epoch 25) | time=10.5s
[Epoch 099/100] train_loss=0.057517 | val_loss=0.369432 | val_acc=0.9031 | best_metric=0.9516 (epoch 25) | time=11.0s
[Epoch 100/100] train_loss=0.048540 | val_loss=0.322172 | val_acc=0.8789 | best_metric=0.9516 (epoch 25) | time=11.2s
[DONE] finetune finished in 17.67 min
[DONE] best metric = 0.951557 at epoch 25
/home/ted1204/MS_Detection/src/training/trainer_test.py:469: FutureWarning: You are using `torch.load` with `weights_only=False` (the current default value), which uses the default pickle module implicitly. It is possible to construct malicious pickle data which will execute arbitrary code during unpickling (See https://github.com/pytorch/pytorch/blob/main/SECURITY.md#untrusted-models for more details). In a future release, the default value for `weights_only` will be flipped to `True`. This limits the functions that could be executed during unpickling. Arbitrary objects will no longer be allowed to be loaded via this mode unless they are explicitly allowlisted by the user via `torch.serialization.add_safe_globals`. We recommend you start setting `weights_only=True` for any use case where you don't have full control of the loaded file. Please open an issue on GitHub for any issues related to this experimental feature.
  ckpt = torch.load(ckpt_path, map_location="cpu")
[INFO] device: cuda
[INFO] visible GPUs: 0
[INFO] device: cuda
[INFO] save_dir: runs/hpo_stage1c_reconst/test/pohang_hpo3_reconst_L5_D128_BP5_60
[INFO] loaded finetuned model from: runs/hpo_stage1c_reconst/finetune/pohang_hpo3_reconst_L5_D128_BP5_60/best.pt
[INFO] load missing keys   : 0
[INFO] load unexpected keys: 0
[INFO] saved val predictions: runs/hpo_stage1c_reconst/test/pohang_hpo3_reconst_L5_D128_BP5_60/val_predictions.csv
[INFO] saved val threshold summary: runs/hpo_stage1c_reconst/test/pohang_hpo3_reconst_L5_D128_BP5_60/val_threshold_summary.json
[INFO] selected threshold from val: 2.197490
[INFO] saved test predictions: runs/hpo_stage1c_reconst/test/pohang_hpo3_reconst_L5_D128_BP5_60/test_predictions.csv
[INFO] saved test metrics    : runs/hpo_stage1c_reconst/test/pohang_hpo3_reconst_L5_D128_BP5_60/test_metrics_fixed_threshold.json
{
  "acc": 0.8197278911564626,
  "precision": 0.8518518518518519,
  "recall": 0.7131782945736435,
  "f1": 0.7763713080168776,
  "tp": 92,
  "tn": 149,
  "fp": 16,
  "fn": 37,
  "threshold": 2.1974904537200928
}
[WARN] json not found: runs/hpo_stage1c_reconst/test/pohang_hpo3_reconst_L5_D128_BP5_60/metrics.json
[DONE] pred_csv : runs/hpo_stage1c_reconst/test/pohang_hpo3_reconst_L5_D128_BP5_60/test_predictions.csv
[DONE] out_dir  : runs/hpo_stage1c_reconst/test/pohang_hpo3_reconst_L5_D128_BP5_60/analysis
[DONE] run_hpo3_reconst.sh finished.
[WORKER-1] finished cfg=config/base_hpo3_reconst_02.yaml status=0
